2023-04-10 23:48:29: <br />
<b>Warning</b>:  file_put_contents(C:\xampp\htdocs\bodega-new-center\cache\frame_1.dat): failed to open stream: No such file or directory in <b>C:\xampp\htdocs\bodega-new-center\qrspec.php</b> on line <b>568</b><br />
<br />
<b>Warning</b>:  mkdir(): No such file or directory in <b>C:\xampp\htdocs\bodega-new-center\qrmask.php</b> on line <b>154</b><br />
<br />
<b>Warning</b>:  file_put_contents(C:\xampp\htdocs\bodega-new-center\cache\mask_0\mask_21_0.dat): failed to open stream: No such file or directory in <b>C:\xampp\htdocs\bodega-new-center\qrmask.php</b> on line <b>155</b><br />
<br />
<b>Warning</b>:  mkdir(): No such file or directory in <b>C:\xampp\htdocs\bodega-new-center\qrmask.php</b> on line <b>154</b><br />
<br />
<b>Warning</b>:  file_put_contents(C:\xampp\htdocs\bodega-new-center\cache\mask_1\mask_21_1.dat): failed to open stream: No such file or directory in <b>C:\xampp\htdocs\bodega-new-center\qrmask.php</b> on line <b>155</b><br />
<br />
<b>Warning</b>:  mkdir(): No such file or directory in <b>C:\xampp\htdocs\bodega-new-center\qrmask.php</b> on line <b>154</b><br />
<br />
<b>Warning</b>:  file_put_contents(C:\xampp\htdocs\bodega-new-center\cache\mask_2\mask_21_2.dat): failed to open stream: No such file or directory in <b>C:\xampp\htdocs\bodega-new-center\qrmask.php</b> on line <b>155</b><br />
<br />
<b>Warning</b>:  mkdir(): No such file or directory in <b>C:\xampp\htdocs\bodega-new-center\qrmask.php</b> on line <b>154</b><br />
<br />
<b>Warning</b>:  file_put_contents(C:\xampp\htdocs\bodega-new-center\cache\mask_3\mask_21_3.dat): failed to open stream: No such file or directory in <b>C:\xampp\htdocs\bodega-new-center\qrmask.php</b> on line <b>155</b><br />
<br />
<b>Warning</b>:  mkdir(): No such file or directory in <b>C:\xampp\htdocs\bodega-new-center\qrmask.php</b> on line <b>154</b><br />
<br />
<b>Warning</b>:  file_put_contents(C:\xampp\htdocs\bodega-new-center\cache\mask_4\mask_21_4.dat): failed to open stream: No such file or directory in <b>C:\xampp\htdocs\bodega-new-center\qrmask.php</b> on line <b>155</b><br />
<br />
<b>Warning</b>:  mkdir(): No such file or directory in <b>C:\xampp\htdocs\bodega-new-center\qrmask.php</b> on line <b>154</b><br />
<br />
<b>Warning</b>:  file_put_contents(C:\xampp\htdocs\bodega-new-center\cache\mask_5\mask_21_5.dat): failed to open stream: No such file or directory in <b>C:\xampp\htdocs\bodega-new-center\qrmask.php</b> on line <b>155</b><br />
<br />
<b>Warning</b>:  mkdir(): No such file or directory in <b>C:\xampp\htdocs\bodega-new-center\qrmask.php</b> on line <b>154</b><br />
<br />
<b>Warning</b>:  file_put_contents(C:\xampp\htdocs\bodega-new-center\cache\mask_6\mask_21_6.dat): failed to open stream: No such file or directory in <b>C:\xampp\htdocs\bodega-new-center\qrmask.php</b> on line <b>155</b><br />
<br />
<b>Warning</b>:  mkdir(): No such file or directory in <b>C:\xampp\htdocs\bodega-new-center\qrmask.php</b> on line <b>154</b><br />
<br />
<b>Warning</b>:  file_put_contents(C:\xampp\htdocs\bodega-new-center\cache\mask_7\mask_21_7.dat): failed to open stream: No such file or directory in <b>C:\xampp\htdocs\bodega-new-center\qrmask.php</b> on line <b>155</b><br />
2023-04-10 23:48:29: <br />
<b>Warning</b>:  mkdir(): No such file or directory in <b>C:\xampp\htdocs\bodega-new-center\qrmask.php</b> on line <b>154</b><br />
<br />
<b>Warning</b>:  file_put_contents(C:\xampp\htdocs\bodega-new-center\cache\mask_0\mask_21_0.dat): failed to open stream: No such file or directory in <b>C:\xampp\htdocs\bodega-new-center\qrmask.php</b> on line <b>155</b><br />
<br />
<b>Warning</b>:  mkdir(): No such file or directory in <b>C:\xampp\htdocs\bodega-new-center\qrmask.php</b> on line <b>154</b><br />
<br />
<b>Warning</b>:  file_put_contents(C:\xampp\htdocs\bodega-new-center\cache\mask_1\mask_21_1.dat): failed to open stream: No such file or directory in <b>C:\xampp\htdocs\bodega-new-center\qrmask.php</b> on line <b>155</b><br />
<br />
<b>Warning</b>:  mkdir(): No such file or directory in <b>C:\xampp\htdocs\bodega-new-center\qrmask.php</b> on line <b>154</b><br />
<br />
<b>Warning</b>:  file_put_contents(C:\xampp\htdocs\bodega-new-center\cache\mask_2\mask_21_2.dat): failed to open stream: No such file or directory in <b>C:\xampp\htdocs\bodega-new-center\qrmask.php</b> on line <b>155</b><br />
<br />
<b>Warning</b>:  mkdir(): No such file or directory in <b>C:\xampp\htdocs\bodega-new-center\qrmask.php</b> on line <b>154</b><br />
<br />
<b>Warning</b>:  file_put_contents(C:\xampp\htdocs\bodega-new-center\cache\mask_3\mask_21_3.dat): failed to open stream: No such file or directory in <b>C:\xampp\htdocs\bodega-new-center\qrmask.php</b> on line <b>155</b><br />
<br />
<b>Warning</b>:  mkdir(): No such file or directory in <b>C:\xampp\htdocs\bodega-new-center\qrmask.php</b> on line <b>154</b><br />
<br />
<b>Warning</b>:  file_put_contents(C:\xampp\htdocs\bodega-new-center\cache\mask_4\mask_21_4.dat): failed to open stream: No such file or directory in <b>C:\xampp\htdocs\bodega-new-center\qrmask.php</b> on line <b>155</b><br />
<br />
<b>Warning</b>:  mkdir(): No such file or directory in <b>C:\xampp\htdocs\bodega-new-center\qrmask.php</b> on line <b>154</b><br />
<br />
<b>Warning</b>:  file_put_contents(C:\xampp\htdocs\bodega-new-center\cache\mask_5\mask_21_5.dat): failed to open stream: No such file or directory in <b>C:\xampp\htdocs\bodega-new-center\qrmask.php</b> on line <b>155</b><br />
<br />
<b>Warning</b>:  mkdir(): No such file or directory in <b>C:\xampp\htdocs\bodega-new-center\qrmask.php</b> on line <b>154</b><br />
<br />
<b>Warning</b>:  file_put_contents(C:\xampp\htdocs\bodega-new-center\cache\mask_6\mask_21_6.dat): failed to open stream: No such file or directory in <b>C:\xampp\htdocs\bodega-new-center\qrmask.php</b> on line <b>155</b><br />
<br />
<b>Warning</b>:  mkdir(): No such file or directory in <b>C:\xampp\htdocs\bodega-new-center\qrmask.php</b> on line <b>154</b><br />
<br />
<b>Warning</b>:  file_put_contents(C:\xampp\htdocs\bodega-new-center\cache\mask_7\mask_21_7.dat): failed to open stream: No such file or directory in <b>C:\xampp\htdocs\bodega-new-center\qrmask.php</b> on line <b>155</b><br />
2023-04-10 23:48:29: <br />
<b>Warning</b>:  mkdir(): No such file or directory in <b>C:\xampp\htdocs\bodega-new-center\qrmask.php</b> on line <b>154</b><br />
<br />
<b>Warning</b>:  file_put_contents(C:\xampp\htdocs\bodega-new-center\cache\mask_0\mask_21_0.dat): failed to open stream: No such file or directory in <b>C:\xampp\htdocs\bodega-new-center\qrmask.php</b> on line <b>155</b><br />
<br />
<b>Warning</b>:  mkdir(): No such file or directory in <b>C:\xampp\htdocs\bodega-new-center\qrmask.php</b> on line <b>154</b><br />
<br />
<b>Warning</b>:  file_put_contents(C:\xampp\htdocs\bodega-new-center\cache\mask_1\mask_21_1.dat): failed to open stream: No such file or directory in <b>C:\xampp\htdocs\bodega-new-center\qrmask.php</b> on line <b>155</b><br />
<br />
<b>Warning</b>:  mkdir(): No such file or directory in <b>C:\xampp\htdocs\bodega-new-center\qrmask.php</b> on line <b>154</b><br />
<br />
<b>Warning</b>:  file_put_contents(C:\xampp\htdocs\bodega-new-center\cache\mask_2\mask_21_2.dat): failed to open stream: No such file or directory in <b>C:\xampp\htdocs\bodega-new-center\qrmask.php</b> on line <b>155</b><br />
<br />
<b>Warning</b>:  mkdir(): No such file or directory in <b>C:\xampp\htdocs\bodega-new-center\qrmask.php</b> on line <b>154</b><br />
<br />
<b>Warning</b>:  file_put_contents(C:\xampp\htdocs\bodega-new-center\cache\mask_3\mask_21_3.dat): failed to open stream: No such file or directory in <b>C:\xampp\htdocs\bodega-new-center\qrmask.php</b> on line <b>155</b><br />
<br />
<b>Warning</b>:  mkdir(): No such file or directory in <b>C:\xampp\htdocs\bodega-new-center\qrmask.php</b> on line <b>154</b><br />
<br />
<b>Warning</b>:  file_put_contents(C:\xampp\htdocs\bodega-new-center\cache\mask_4\mask_21_4.dat): failed to open stream: No such file or directory in <b>C:\xampp\htdocs\bodega-new-center\qrmask.php</b> on line <b>155</b><br />
<br />
<b>Warning</b>:  mkdir(): No such file or directory in <b>C:\xampp\htdocs\bodega-new-center\qrmask.php</b> on line <b>154</b><br />
<br />
<b>Warning</b>:  file_put_contents(C:\xampp\htdocs\bodega-new-center\cache\mask_5\mask_21_5.dat): failed to open stream: No such file or directory in <b>C:\xampp\htdocs\bodega-new-center\qrmask.php</b> on line <b>155</b><br />
<br />
<b>Warning</b>:  mkdir(): No such file or directory in <b>C:\xampp\htdocs\bodega-new-center\qrmask.php</b> on line <b>154</b><br />
<br />
<b>Warning</b>:  file_put_contents(C:\xampp\htdocs\bodega-new-center\cache\mask_6\mask_21_6.dat): failed to open stream: No such file or directory in <b>C:\xampp\htdocs\bodega-new-center\qrmask.php</b> on line <b>155</b><br />
<br />
<b>Warning</b>:  mkdir(): No such file or directory in <b>C:\xampp\htdocs\bodega-new-center\qrmask.php</b> on line <b>154</b><br />
<br />
<b>Warning</b>:  file_put_contents(C:\xampp\htdocs\bodega-new-center\cache\mask_7\mask_21_7.dat): failed to open stream: No such file or directory in <b>C:\xampp\htdocs\bodega-new-center\qrmask.php</b> on line <b>155</b><br />
2023-04-10 23:48:29: <br />
<b>Warning</b>:  mkdir(): No such file or directory in <b>C:\xampp\htdocs\bodega-new-center\qrmask.php</b> on line <b>154</b><br />
<br />
<b>Warning</b>:  file_put_contents(C:\xampp\htdocs\bodega-new-center\cache\mask_0\mask_21_0.dat): failed to open stream: No such file or directory in <b>C:\xampp\htdocs\bodega-new-center\qrmask.php</b> on line <b>155</b><br />
<br />
<b>Warning</b>:  mkdir(): No such file or directory in <b>C:\xampp\htdocs\bodega-new-center\qrmask.php</b> on line <b>154</b><br />
<br />
<b>Warning</b>:  file_put_contents(C:\xampp\htdocs\bodega-new-center\cache\mask_1\mask_21_1.dat): failed to open stream: No such file or directory in <b>C:\xampp\htdocs\bodega-new-center\qrmask.php</b> on line <b>155</b><br />
<br />
<b>Warning</b>:  mkdir(): No such file or directory in <b>C:\xampp\htdocs\bodega-new-center\qrmask.php</b> on line <b>154</b><br />
<br />
<b>Warning</b>:  file_put_contents(C:\xampp\htdocs\bodega-new-center\cache\mask_2\mask_21_2.dat): failed to open stream: No such file or directory in <b>C:\xampp\htdocs\bodega-new-center\qrmask.php</b> on line <b>155</b><br />
<br />
<b>Warning</b>:  mkdir(): No such file or directory in <b>C:\xampp\htdocs\bodega-new-center\qrmask.php</b> on line <b>154</b><br />
<br />
<b>Warning</b>:  file_put_contents(C:\xampp\htdocs\bodega-new-center\cache\mask_3\mask_21_3.dat): failed to open stream: No such file or directory in <b>C:\xampp\htdocs\bodega-new-center\qrmask.php</b> on line <b>155</b><br />
<br />
<b>Warning</b>:  mkdir(): No such file or directory in <b>C:\xampp\htdocs\bodega-new-center\qrmask.php</b> on line <b>154</b><br />
<br />
<b>Warning</b>:  file_put_contents(C:\xampp\htdocs\bodega-new-center\cache\mask_4\mask_21_4.dat): failed to open stream: No such file or directory in <b>C:\xampp\htdocs\bodega-new-center\qrmask.php</b> on line <b>155</b><br />
<br />
<b>Warning</b>:  mkdir(): No such file or directory in <b>C:\xampp\htdocs\bodega-new-center\qrmask.php</b> on line <b>154</b><br />
<br />
<b>Warning</b>:  file_put_contents(C:\xampp\htdocs\bodega-new-center\cache\mask_5\mask_21_5.dat): failed to open stream: No such file or directory in <b>C:\xampp\htdocs\bodega-new-center\qrmask.php</b> on line <b>155</b><br />
<br />
<b>Warning</b>:  mkdir(): No such file or directory in <b>C:\xampp\htdocs\bodega-new-center\qrmask.php</b> on line <b>154</b><br />
<br />
<b>Warning</b>:  file_put_contents(C:\xampp\htdocs\bodega-new-center\cache\mask_6\mask_21_6.dat): failed to open stream: No such file or directory in <b>C:\xampp\htdocs\bodega-new-center\qrmask.php</b> on line <b>155</b><br />
<br />
<b>Warning</b>:  mkdir(): No such file or directory in <b>C:\xampp\htdocs\bodega-new-center\qrmask.php</b> on line <b>154</b><br />
<br />
<b>Warning</b>:  file_put_contents(C:\xampp\htdocs\bodega-new-center\cache\mask_7\mask_21_7.dat): failed to open stream: No such file or directory in <b>C:\xampp\htdocs\bodega-new-center\qrmask.php</b> on line <b>155</b><br />
2023-04-10 23:48:29: <br />
<b>Warning</b>:  mkdir(): No such file or directory in <b>C:\xampp\htdocs\bodega-new-center\qrmask.php</b> on line <b>154</b><br />
<br />
<b>Warning</b>:  file_put_contents(C:\xampp\htdocs\bodega-new-center\cache\mask_0\mask_21_0.dat): failed to open stream: No such file or directory in <b>C:\xampp\htdocs\bodega-new-center\qrmask.php</b> on line <b>155</b><br />
<br />
<b>Warning</b>:  mkdir(): No such file or directory in <b>C:\xampp\htdocs\bodega-new-center\qrmask.php</b> on line <b>154</b><br />
<br />
<b>Warning</b>:  file_put_contents(C:\xampp\htdocs\bodega-new-center\cache\mask_1\mask_21_1.dat): failed to open stream: No such file or directory in <b>C:\xampp\htdocs\bodega-new-center\qrmask.php</b> on line <b>155</b><br />
<br />
<b>Warning</b>:  mkdir(): No such file or directory in <b>C:\xampp\htdocs\bodega-new-center\qrmask.php</b> on line <b>154</b><br />
<br />
<b>Warning</b>:  file_put_contents(C:\xampp\htdocs\bodega-new-center\cache\mask_2\mask_21_2.dat): failed to open stream: No such file or directory in <b>C:\xampp\htdocs\bodega-new-center\qrmask.php</b> on line <b>155</b><br />
<br />
<b>Warning</b>:  mkdir(): No such file or directory in <b>C:\xampp\htdocs\bodega-new-center\qrmask.php</b> on line <b>154</b><br />
<br />
<b>Warning</b>:  file_put_contents(C:\xampp\htdocs\bodega-new-center\cache\mask_3\mask_21_3.dat): failed to open stream: No such file or directory in <b>C:\xampp\htdocs\bodega-new-center\qrmask.php</b> on line <b>155</b><br />
<br />
<b>Warning</b>:  mkdir(): No such file or directory in <b>C:\xampp\htdocs\bodega-new-center\qrmask.php</b> on line <b>154</b><br />
<br />
<b>Warning</b>:  file_put_contents(C:\xampp\htdocs\bodega-new-center\cache\mask_4\mask_21_4.dat): failed to open stream: No such file or directory in <b>C:\xampp\htdocs\bodega-new-center\qrmask.php</b> on line <b>155</b><br />
<br />
<b>Warning</b>:  mkdir(): No such file or directory in <b>C:\xampp\htdocs\bodega-new-center\qrmask.php</b> on line <b>154</b><br />
<br />
<b>Warning</b>:  file_put_contents(C:\xampp\htdocs\bodega-new-center\cache\mask_5\mask_21_5.dat): failed to open stream: No such file or directory in <b>C:\xampp\htdocs\bodega-new-center\qrmask.php</b> on line <b>155</b><br />
<br />
<b>Warning</b>:  mkdir(): No such file or directory in <b>C:\xampp\htdocs\bodega-new-center\qrmask.php</b> on line <b>154</b><br />
<br />
<b>Warning</b>:  file_put_contents(C:\xampp\htdocs\bodega-new-center\cache\mask_6\mask_21_6.dat): failed to open stream: No such file or directory in <b>C:\xampp\htdocs\bodega-new-center\qrmask.php</b> on line <b>155</b><br />
<br />
<b>Warning</b>:  mkdir(): No such file or directory in <b>C:\xampp\htdocs\bodega-new-center\qrmask.php</b> on line <b>154</b><br />
<br />
<b>Warning</b>:  file_put_contents(C:\xampp\htdocs\bodega-new-center\cache\mask_7\mask_21_7.dat): failed to open stream: No such file or directory in <b>C:\xampp\htdocs\bodega-new-center\qrmask.php</b> on line <b>155</b><br />
2023-04-10 23:48:29: <br />
<b>Warning</b>:  mkdir(): No such file or directory in <b>C:\xampp\htdocs\bodega-new-center\qrmask.php</b> on line <b>154</b><br />
<br />
<b>Warning</b>:  file_put_contents(C:\xampp\htdocs\bodega-new-center\cache\mask_0\mask_21_0.dat): failed to open stream: No such file or directory in <b>C:\xampp\htdocs\bodega-new-center\qrmask.php</b> on line <b>155</b><br />
<br />
<b>Warning</b>:  mkdir(): No such file or directory in <b>C:\xampp\htdocs\bodega-new-center\qrmask.php</b> on line <b>154</b><br />
<br />
<b>Warning</b>:  file_put_contents(C:\xampp\htdocs\bodega-new-center\cache\mask_1\mask_21_1.dat): failed to open stream: No such file or directory in <b>C:\xampp\htdocs\bodega-new-center\qrmask.php</b> on line <b>155</b><br />
<br />
<b>Warning</b>:  mkdir(): No such file or directory in <b>C:\xampp\htdocs\bodega-new-center\qrmask.php</b> on line <b>154</b><br />
<br />
<b>Warning</b>:  file_put_contents(C:\xampp\htdocs\bodega-new-center\cache\mask_2\mask_21_2.dat): failed to open stream: No such file or directory in <b>C:\xampp\htdocs\bodega-new-center\qrmask.php</b> on line <b>155</b><br />
<br />
<b>Warning</b>:  mkdir(): No such file or directory in <b>C:\xampp\htdocs\bodega-new-center\qrmask.php</b> on line <b>154</b><br />
<br />
<b>Warning</b>:  file_put_contents(C:\xampp\htdocs\bodega-new-center\cache\mask_3\mask_21_3.dat): failed to open stream: No such file or directory in <b>C:\xampp\htdocs\bodega-new-center\qrmask.php</b> on line <b>155</b><br />
<br />
<b>Warning</b>:  mkdir(): No such file or directory in <b>C:\xampp\htdocs\bodega-new-center\qrmask.php</b> on line <b>154</b><br />
<br />
<b>Warning</b>:  file_put_contents(C:\xampp\htdocs\bodega-new-center\cache\mask_4\mask_21_4.dat): failed to open stream: No such file or directory in <b>C:\xampp\htdocs\bodega-new-center\qrmask.php</b> on line <b>155</b><br />
<br />
<b>Warning</b>:  mkdir(): No such file or directory in <b>C:\xampp\htdocs\bodega-new-center\qrmask.php</b> on line <b>154</b><br />
<br />
<b>Warning</b>:  file_put_contents(C:\xampp\htdocs\bodega-new-center\cache\mask_5\mask_21_5.dat): failed to open stream: No such file or directory in <b>C:\xampp\htdocs\bodega-new-center\qrmask.php</b> on line <b>155</b><br />
<br />
<b>Warning</b>:  mkdir(): No such file or directory in <b>C:\xampp\htdocs\bodega-new-center\qrmask.php</b> on line <b>154</b><br />
<br />
<b>Warning</b>:  file_put_contents(C:\xampp\htdocs\bodega-new-center\cache\mask_6\mask_21_6.dat): failed to open stream: No such file or directory in <b>C:\xampp\htdocs\bodega-new-center\qrmask.php</b> on line <b>155</b><br />
<br />
<b>Warning</b>:  mkdir(): No such file or directory in <b>C:\xampp\htdocs\bodega-new-center\qrmask.php</b> on line <b>154</b><br />
<br />
<b>Warning</b>:  file_put_contents(C:\xampp\htdocs\bodega-new-center\cache\mask_7\mask_21_7.dat): failed to open stream: No such file or directory in <b>C:\xampp\htdocs\bodega-new-center\qrmask.php</b> on line <b>155</b><br />
2023-04-10 23:48:29: <br />
<b>Warning</b>:  mkdir(): No such file or directory in <b>C:\xampp\htdocs\bodega-new-center\qrmask.php</b> on line <b>154</b><br />
<br />
<b>Warning</b>:  file_put_contents(C:\xampp\htdocs\bodega-new-center\cache\mask_0\mask_21_0.dat): failed to open stream: No such file or directory in <b>C:\xampp\htdocs\bodega-new-center\qrmask.php</b> on line <b>155</b><br />
<br />
<b>Warning</b>:  mkdir(): No such file or directory in <b>C:\xampp\htdocs\bodega-new-center\qrmask.php</b> on line <b>154</b><br />
<br />
<b>Warning</b>:  file_put_contents(C:\xampp\htdocs\bodega-new-center\cache\mask_1\mask_21_1.dat): failed to open stream: No such file or directory in <b>C:\xampp\htdocs\bodega-new-center\qrmask.php</b> on line <b>155</b><br />
<br />
<b>Warning</b>:  mkdir(): No such file or directory in <b>C:\xampp\htdocs\bodega-new-center\qrmask.php</b> on line <b>154</b><br />
<br />
<b>Warning</b>:  file_put_contents(C:\xampp\htdocs\bodega-new-center\cache\mask_2\mask_21_2.dat): failed to open stream: No such file or directory in <b>C:\xampp\htdocs\bodega-new-center\qrmask.php</b> on line <b>155</b><br />
<br />
<b>Warning</b>:  mkdir(): No such file or directory in <b>C:\xampp\htdocs\bodega-new-center\qrmask.php</b> on line <b>154</b><br />
<br />
<b>Warning</b>:  file_put_contents(C:\xampp\htdocs\bodega-new-center\cache\mask_3\mask_21_3.dat): failed to open stream: No such file or directory in <b>C:\xampp\htdocs\bodega-new-center\qrmask.php</b> on line <b>155</b><br />
<br />
<b>Warning</b>:  mkdir(): No such file or directory in <b>C:\xampp\htdocs\bodega-new-center\qrmask.php</b> on line <b>154</b><br />
<br />
<b>Warning</b>:  file_put_contents(C:\xampp\htdocs\bodega-new-center\cache\mask_4\mask_21_4.dat): failed to open stream: No such file or directory in <b>C:\xampp\htdocs\bodega-new-center\qrmask.php</b> on line <b>155</b><br />
<br />
<b>Warning</b>:  mkdir(): No such file or directory in <b>C:\xampp\htdocs\bodega-new-center\qrmask.php</b> on line <b>154</b><br />
<br />
<b>Warning</b>:  file_put_contents(C:\xampp\htdocs\bodega-new-center\cache\mask_5\mask_21_5.dat): failed to open stream: No such file or directory in <b>C:\xampp\htdocs\bodega-new-center\qrmask.php</b> on line <b>155</b><br />
<br />
<b>Warning</b>:  mkdir(): No such file or directory in <b>C:\xampp\htdocs\bodega-new-center\qrmask.php</b> on line <b>154</b><br />
<br />
<b>Warning</b>:  file_put_contents(C:\xampp\htdocs\bodega-new-center\cache\mask_6\mask_21_6.dat): failed to open stream: No such file or directory in <b>C:\xampp\htdocs\bodega-new-center\qrmask.php</b> on line <b>155</b><br />
<br />
<b>Warning</b>:  mkdir(): No such file or directory in <b>C:\xampp\htdocs\bodega-new-center\qrmask.php</b> on line <b>154</b><br />
<br />
<b>Warning</b>:  file_put_contents(C:\xampp\htdocs\bodega-new-center\cache\mask_7\mask_21_7.dat): failed to open stream: No such file or directory in <b>C:\xampp\htdocs\bodega-new-center\qrmask.php</b> on line <b>155</b><br />
2023-04-10 23:48:29: <br />
<b>Warning</b>:  mkdir(): No such file or directory in <b>C:\xampp\htdocs\bodega-new-center\qrmask.php</b> on line <b>154</b><br />
<br />
<b>Warning</b>:  file_put_contents(C:\xampp\htdocs\bodega-new-center\cache\mask_0\mask_21_0.dat): failed to open stream: No such file or directory in <b>C:\xampp\htdocs\bodega-new-center\qrmask.php</b> on line <b>155</b><br />
<br />
<b>Warning</b>:  mkdir(): No such file or directory in <b>C:\xampp\htdocs\bodega-new-center\qrmask.php</b> on line <b>154</b><br />
<br />
<b>Warning</b>:  file_put_contents(C:\xampp\htdocs\bodega-new-center\cache\mask_1\mask_21_1.dat): failed to open stream: No such file or directory in <b>C:\xampp\htdocs\bodega-new-center\qrmask.php</b> on line <b>155</b><br />
<br />
<b>Warning</b>:  mkdir(): No such file or directory in <b>C:\xampp\htdocs\bodega-new-center\qrmask.php</b> on line <b>154</b><br />
<br />
<b>Warning</b>:  file_put_contents(C:\xampp\htdocs\bodega-new-center\cache\mask_2\mask_21_2.dat): failed to open stream: No such file or directory in <b>C:\xampp\htdocs\bodega-new-center\qrmask.php</b> on line <b>155</b><br />
<br />
<b>Warning</b>:  mkdir(): No such file or directory in <b>C:\xampp\htdocs\bodega-new-center\qrmask.php</b> on line <b>154</b><br />
<br />
<b>Warning</b>:  file_put_contents(C:\xampp\htdocs\bodega-new-center\cache\mask_3\mask_21_3.dat): failed to open stream: No such file or directory in <b>C:\xampp\htdocs\bodega-new-center\qrmask.php</b> on line <b>155</b><br />
<br />
<b>Warning</b>:  mkdir(): No such file or directory in <b>C:\xampp\htdocs\bodega-new-center\qrmask.php</b> on line <b>154</b><br />
<br />
<b>Warning</b>:  file_put_contents(C:\xampp\htdocs\bodega-new-center\cache\mask_4\mask_21_4.dat): failed to open stream: No such file or directory in <b>C:\xampp\htdocs\bodega-new-center\qrmask.php</b> on line <b>155</b><br />
<br />
<b>Warning</b>:  mkdir(): No such file or directory in <b>C:\xampp\htdocs\bodega-new-center\qrmask.php</b> on line <b>154</b><br />
<br />
<b>Warning</b>:  file_put_contents(C:\xampp\htdocs\bodega-new-center\cache\mask_5\mask_21_5.dat): failed to open stream: No such file or directory in <b>C:\xampp\htdocs\bodega-new-center\qrmask.php</b> on line <b>155</b><br />
<br />
<b>Warning</b>:  mkdir(): No such file or directory in <b>C:\xampp\htdocs\bodega-new-center\qrmask.php</b> on line <b>154</b><br />
<br />
<b>Warning</b>:  file_put_contents(C:\xampp\htdocs\bodega-new-center\cache\mask_6\mask_21_6.dat): failed to open stream: No such file or directory in <b>C:\xampp\htdocs\bodega-new-center\qrmask.php</b> on line <b>155</b><br />
<br />
<b>Warning</b>:  mkdir(): No such file or directory in <b>C:\xampp\htdocs\bodega-new-center\qrmask.php</b> on line <b>154</b><br />
<br />
<b>Warning</b>:  file_put_contents(C:\xampp\htdocs\bodega-new-center\cache\mask_7\mask_21_7.dat): failed to open stream: No such file or directory in <b>C:\xampp\htdocs\bodega-new-center\qrmask.php</b> on line <b>155</b><br />
2023-04-10 23:48:29: <br />
<b>Warning</b>:  mkdir(): No such file or directory in <b>C:\xampp\htdocs\bodega-new-center\qrmask.php</b> on line <b>154</b><br />
<br />
<b>Warning</b>:  file_put_contents(C:\xampp\htdocs\bodega-new-center\cache\mask_0\mask_21_0.dat): failed to open stream: No such file or directory in <b>C:\xampp\htdocs\bodega-new-center\qrmask.php</b> on line <b>155</b><br />
<br />
<b>Warning</b>:  mkdir(): No such file or directory in <b>C:\xampp\htdocs\bodega-new-center\qrmask.php</b> on line <b>154</b><br />
<br />
<b>Warning</b>:  file_put_contents(C:\xampp\htdocs\bodega-new-center\cache\mask_1\mask_21_1.dat): failed to open stream: No such file or directory in <b>C:\xampp\htdocs\bodega-new-center\qrmask.php</b> on line <b>155</b><br />
<br />
<b>Warning</b>:  mkdir(): No such file or directory in <b>C:\xampp\htdocs\bodega-new-center\qrmask.php</b> on line <b>154</b><br />
<br />
<b>Warning</b>:  file_put_contents(C:\xampp\htdocs\bodega-new-center\cache\mask_2\mask_21_2.dat): failed to open stream: No such file or directory in <b>C:\xampp\htdocs\bodega-new-center\qrmask.php</b> on line <b>155</b><br />
<br />
<b>Warning</b>:  mkdir(): No such file or directory in <b>C:\xampp\htdocs\bodega-new-center\qrmask.php</b> on line <b>154</b><br />
<br />
<b>Warning</b>:  file_put_contents(C:\xampp\htdocs\bodega-new-center\cache\mask_3\mask_21_3.dat): failed to open stream: No such file or directory in <b>C:\xampp\htdocs\bodega-new-center\qrmask.php</b> on line <b>155</b><br />
<br />
<b>Warning</b>:  mkdir(): No such file or directory in <b>C:\xampp\htdocs\bodega-new-center\qrmask.php</b> on line <b>154</b><br />
<br />
<b>Warning</b>:  file_put_contents(C:\xampp\htdocs\bodega-new-center\cache\mask_4\mask_21_4.dat): failed to open stream: No such file or directory in <b>C:\xampp\htdocs\bodega-new-center\qrmask.php</b> on line <b>155</b><br />
<br />
<b>Warning</b>:  mkdir(): No such file or directory in <b>C:\xampp\htdocs\bodega-new-center\qrmask.php</b> on line <b>154</b><br />
<br />
<b>Warning</b>:  file_put_contents(C:\xampp\htdocs\bodega-new-center\cache\mask_5\mask_21_5.dat): failed to open stream: No such file or directory in <b>C:\xampp\htdocs\bodega-new-center\qrmask.php</b> on line <b>155</b><br />
<br />
<b>Warning</b>:  mkdir(): No such file or directory in <b>C:\xampp\htdocs\bodega-new-center\qrmask.php</b> on line <b>154</b><br />
<br />
<b>Warning</b>:  file_put_contents(C:\xampp\htdocs\bodega-new-center\cache\mask_6\mask_21_6.dat): failed to open stream: No such file or directory in <b>C:\xampp\htdocs\bodega-new-center\qrmask.php</b> on line <b>155</b><br />
<br />
<b>Warning</b>:  mkdir(): No such file or directory in <b>C:\xampp\htdocs\bodega-new-center\qrmask.php</b> on line <b>154</b><br />
<br />
<b>Warning</b>:  file_put_contents(C:\xampp\htdocs\bodega-new-center\cache\mask_7\mask_21_7.dat): failed to open stream: No such file or directory in <b>C:\xampp\htdocs\bodega-new-center\qrmask.php</b> on line <b>155</b><br />
2023-04-10 23:48:29: <br />
<b>Warning</b>:  mkdir(): No such file or directory in <b>C:\xampp\htdocs\bodega-new-center\qrmask.php</b> on line <b>154</b><br />
<br />
<b>Warning</b>:  file_put_contents(C:\xampp\htdocs\bodega-new-center\cache\mask_0\mask_21_0.dat): failed to open stream: No such file or directory in <b>C:\xampp\htdocs\bodega-new-center\qrmask.php</b> on line <b>155</b><br />
<br />
<b>Warning</b>:  mkdir(): No such file or directory in <b>C:\xampp\htdocs\bodega-new-center\qrmask.php</b> on line <b>154</b><br />
<br />
<b>Warning</b>:  file_put_contents(C:\xampp\htdocs\bodega-new-center\cache\mask_1\mask_21_1.dat): failed to open stream: No such file or directory in <b>C:\xampp\htdocs\bodega-new-center\qrmask.php</b> on line <b>155</b><br />
<br />
<b>Warning</b>:  mkdir(): No such file or directory in <b>C:\xampp\htdocs\bodega-new-center\qrmask.php</b> on line <b>154</b><br />
<br />
<b>Warning</b>:  file_put_contents(C:\xampp\htdocs\bodega-new-center\cache\mask_2\mask_21_2.dat): failed to open stream: No such file or directory in <b>C:\xampp\htdocs\bodega-new-center\qrmask.php</b> on line <b>155</b><br />
<br />
<b>Warning</b>:  mkdir(): No such file or directory in <b>C:\xampp\htdocs\bodega-new-center\qrmask.php</b> on line <b>154</b><br />
<br />
<b>Warning</b>:  file_put_contents(C:\xampp\htdocs\bodega-new-center\cache\mask_3\mask_21_3.dat): failed to open stream: No such file or directory in <b>C:\xampp\htdocs\bodega-new-center\qrmask.php</b> on line <b>155</b><br />
<br />
<b>Warning</b>:  mkdir(): No such file or directory in <b>C:\xampp\htdocs\bodega-new-center\qrmask.php</b> on line <b>154</b><br />
<br />
<b>Warning</b>:  file_put_contents(C:\xampp\htdocs\bodega-new-center\cache\mask_4\mask_21_4.dat): failed to open stream: No such file or directory in <b>C:\xampp\htdocs\bodega-new-center\qrmask.php</b> on line <b>155</b><br />
<br />
<b>Warning</b>:  mkdir(): No such file or directory in <b>C:\xampp\htdocs\bodega-new-center\qrmask.php</b> on line <b>154</b><br />
<br />
<b>Warning</b>:  file_put_contents(C:\xampp\htdocs\bodega-new-center\cache\mask_5\mask_21_5.dat): failed to open stream: No such file or directory in <b>C:\xampp\htdocs\bodega-new-center\qrmask.php</b> on line <b>155</b><br />
<br />
<b>Warning</b>:  mkdir(): No such file or directory in <b>C:\xampp\htdocs\bodega-new-center\qrmask.php</b> on line <b>154</b><br />
<br />
<b>Warning</b>:  file_put_contents(C:\xampp\htdocs\bodega-new-center\cache\mask_6\mask_21_6.dat): failed to open stream: No such file or directory in <b>C:\xampp\htdocs\bodega-new-center\qrmask.php</b> on line <b>155</b><br />
<br />
<b>Warning</b>:  mkdir(): No such file or directory in <b>C:\xampp\htdocs\bodega-new-center\qrmask.php</b> on line <b>154</b><br />
<br />
<b>Warning</b>:  file_put_contents(C:\xampp\htdocs\bodega-new-center\cache\mask_7\mask_21_7.dat): failed to open stream: No such file or directory in <b>C:\xampp\htdocs\bodega-new-center\qrmask.php</b> on line <b>155</b><br />
2023-04-10 23:48:29: <br />
<b>Warning</b>:  mkdir(): No such file or directory in <b>C:\xampp\htdocs\bodega-new-center\qrmask.php</b> on line <b>154</b><br />
<br />
<b>Warning</b>:  file_put_contents(C:\xampp\htdocs\bodega-new-center\cache\mask_0\mask_21_0.dat): failed to open stream: No such file or directory in <b>C:\xampp\htdocs\bodega-new-center\qrmask.php</b> on line <b>155</b><br />
<br />
<b>Warning</b>:  mkdir(): No such file or directory in <b>C:\xampp\htdocs\bodega-new-center\qrmask.php</b> on line <b>154</b><br />
<br />
<b>Warning</b>:  file_put_contents(C:\xampp\htdocs\bodega-new-center\cache\mask_1\mask_21_1.dat): failed to open stream: No such file or directory in <b>C:\xampp\htdocs\bodega-new-center\qrmask.php</b> on line <b>155</b><br />
<br />
<b>Warning</b>:  mkdir(): No such file or directory in <b>C:\xampp\htdocs\bodega-new-center\qrmask.php</b> on line <b>154</b><br />
<br />
<b>Warning</b>:  file_put_contents(C:\xampp\htdocs\bodega-new-center\cache\mask_2\mask_21_2.dat): failed to open stream: No such file or directory in <b>C:\xampp\htdocs\bodega-new-center\qrmask.php</b> on line <b>155</b><br />
<br />
<b>Warning</b>:  mkdir(): No such file or directory in <b>C:\xampp\htdocs\bodega-new-center\qrmask.php</b> on line <b>154</b><br />
<br />
<b>Warning</b>:  file_put_contents(C:\xampp\htdocs\bodega-new-center\cache\mask_3\mask_21_3.dat): failed to open stream: No such file or directory in <b>C:\xampp\htdocs\bodega-new-center\qrmask.php</b> on line <b>155</b><br />
<br />
<b>Warning</b>:  mkdir(): No such file or directory in <b>C:\xampp\htdocs\bodega-new-center\qrmask.php</b> on line <b>154</b><br />
<br />
<b>Warning</b>:  file_put_contents(C:\xampp\htdocs\bodega-new-center\cache\mask_4\mask_21_4.dat): failed to open stream: No such file or directory in <b>C:\xampp\htdocs\bodega-new-center\qrmask.php</b> on line <b>155</b><br />
<br />
<b>Warning</b>:  mkdir(): No such file or directory in <b>C:\xampp\htdocs\bodega-new-center\qrmask.php</b> on line <b>154</b><br />
<br />
<b>Warning</b>:  file_put_contents(C:\xampp\htdocs\bodega-new-center\cache\mask_5\mask_21_5.dat): failed to open stream: No such file or directory in <b>C:\xampp\htdocs\bodega-new-center\qrmask.php</b> on line <b>155</b><br />
<br />
<b>Warning</b>:  mkdir(): No such file or directory in <b>C:\xampp\htdocs\bodega-new-center\qrmask.php</b> on line <b>154</b><br />
<br />
<b>Warning</b>:  file_put_contents(C:\xampp\htdocs\bodega-new-center\cache\mask_6\mask_21_6.dat): failed to open stream: No such file or directory in <b>C:\xampp\htdocs\bodega-new-center\qrmask.php</b> on line <b>155</b><br />
<br />
<b>Warning</b>:  mkdir(): No such file or directory in <b>C:\xampp\htdocs\bodega-new-center\qrmask.php</b> on line <b>154</b><br />
<br />
<b>Warning</b>:  file_put_contents(C:\xampp\htdocs\bodega-new-center\cache\mask_7\mask_21_7.dat): failed to open stream: No such file or directory in <b>C:\xampp\htdocs\bodega-new-center\qrmask.php</b> on line <b>155</b><br />
2023-04-10 23:48:29: <br />
<b>Warning</b>:  mkdir(): No such file or directory in <b>C:\xampp\htdocs\bodega-new-center\qrmask.php</b> on line <b>154</b><br />
<br />
<b>Warning</b>:  file_put_contents(C:\xampp\htdocs\bodega-new-center\cache\mask_0\mask_21_0.dat): failed to open stream: No such file or directory in <b>C:\xampp\htdocs\bodega-new-center\qrmask.php</b> on line <b>155</b><br />
<br />
<b>Warning</b>:  mkdir(): No such file or directory in <b>C:\xampp\htdocs\bodega-new-center\qrmask.php</b> on line <b>154</b><br />
<br />
<b>Warning</b>:  file_put_contents(C:\xampp\htdocs\bodega-new-center\cache\mask_1\mask_21_1.dat): failed to open stream: No such file or directory in <b>C:\xampp\htdocs\bodega-new-center\qrmask.php</b> on line <b>155</b><br />
<br />
<b>Warning</b>:  mkdir(): No such file or directory in <b>C:\xampp\htdocs\bodega-new-center\qrmask.php</b> on line <b>154</b><br />
<br />
<b>Warning</b>:  file_put_contents(C:\xampp\htdocs\bodega-new-center\cache\mask_2\mask_21_2.dat): failed to open stream: No such file or directory in <b>C:\xampp\htdocs\bodega-new-center\qrmask.php</b> on line <b>155</b><br />
<br />
<b>Warning</b>:  mkdir(): No such file or directory in <b>C:\xampp\htdocs\bodega-new-center\qrmask.php</b> on line <b>154</b><br />
<br />
<b>Warning</b>:  file_put_contents(C:\xampp\htdocs\bodega-new-center\cache\mask_3\mask_21_3.dat): failed to open stream: No such file or directory in <b>C:\xampp\htdocs\bodega-new-center\qrmask.php</b> on line <b>155</b><br />
<br />
<b>Warning</b>:  mkdir(): No such file or directory in <b>C:\xampp\htdocs\bodega-new-center\qrmask.php</b> on line <b>154</b><br />
<br />
<b>Warning</b>:  file_put_contents(C:\xampp\htdocs\bodega-new-center\cache\mask_4\mask_21_4.dat): failed to open stream: No such file or directory in <b>C:\xampp\htdocs\bodega-new-center\qrmask.php</b> on line <b>155</b><br />
<br />
<b>Warning</b>:  mkdir(): No such file or directory in <b>C:\xampp\htdocs\bodega-new-center\qrmask.php</b> on line <b>154</b><br />
<br />
<b>Warning</b>:  file_put_contents(C:\xampp\htdocs\bodega-new-center\cache\mask_5\mask_21_5.dat): failed to open stream: No such file or directory in <b>C:\xampp\htdocs\bodega-new-center\qrmask.php</b> on line <b>155</b><br />
<br />
<b>Warning</b>:  mkdir(): No such file or directory in <b>C:\xampp\htdocs\bodega-new-center\qrmask.php</b> on line <b>154</b><br />
<br />
<b>Warning</b>:  file_put_contents(C:\xampp\htdocs\bodega-new-center\cache\mask_6\mask_21_6.dat): failed to open stream: No such file or directory in <b>C:\xampp\htdocs\bodega-new-center\qrmask.php</b> on line <b>155</b><br />
<br />
<b>Warning</b>:  mkdir(): No such file or directory in <b>C:\xampp\htdocs\bodega-new-center\qrmask.php</b> on line <b>154</b><br />
<br />
<b>Warning</b>:  file_put_contents(C:\xampp\htdocs\bodega-new-center\cache\mask_7\mask_21_7.dat): failed to open stream: No such file or directory in <b>C:\xampp\htdocs\bodega-new-center\qrmask.php</b> on line <b>155</b><br />
2023-04-10 23:48:29: <br />
<b>Warning</b>:  mkdir(): No such file or directory in <b>C:\xampp\htdocs\bodega-new-center\qrmask.php</b> on line <b>154</b><br />
<br />
<b>Warning</b>:  file_put_contents(C:\xampp\htdocs\bodega-new-center\cache\mask_0\mask_21_0.dat): failed to open stream: No such file or directory in <b>C:\xampp\htdocs\bodega-new-center\qrmask.php</b> on line <b>155</b><br />
<br />
<b>Warning</b>:  mkdir(): No such file or directory in <b>C:\xampp\htdocs\bodega-new-center\qrmask.php</b> on line <b>154</b><br />
<br />
<b>Warning</b>:  file_put_contents(C:\xampp\htdocs\bodega-new-center\cache\mask_1\mask_21_1.dat): failed to open stream: No such file or directory in <b>C:\xampp\htdocs\bodega-new-center\qrmask.php</b> on line <b>155</b><br />
<br />
<b>Warning</b>:  mkdir(): No such file or directory in <b>C:\xampp\htdocs\bodega-new-center\qrmask.php</b> on line <b>154</b><br />
<br />
<b>Warning</b>:  file_put_contents(C:\xampp\htdocs\bodega-new-center\cache\mask_2\mask_21_2.dat): failed to open stream: No such file or directory in <b>C:\xampp\htdocs\bodega-new-center\qrmask.php</b> on line <b>155</b><br />
<br />
<b>Warning</b>:  mkdir(): No such file or directory in <b>C:\xampp\htdocs\bodega-new-center\qrmask.php</b> on line <b>154</b><br />
<br />
<b>Warning</b>:  file_put_contents(C:\xampp\htdocs\bodega-new-center\cache\mask_3\mask_21_3.dat): failed to open stream: No such file or directory in <b>C:\xampp\htdocs\bodega-new-center\qrmask.php</b> on line <b>155</b><br />
<br />
<b>Warning</b>:  mkdir(): No such file or directory in <b>C:\xampp\htdocs\bodega-new-center\qrmask.php</b> on line <b>154</b><br />
<br />
<b>Warning</b>:  file_put_contents(C:\xampp\htdocs\bodega-new-center\cache\mask_4\mask_21_4.dat): failed to open stream: No such file or directory in <b>C:\xampp\htdocs\bodega-new-center\qrmask.php</b> on line <b>155</b><br />
<br />
<b>Warning</b>:  mkdir(): No such file or directory in <b>C:\xampp\htdocs\bodega-new-center\qrmask.php</b> on line <b>154</b><br />
<br />
<b>Warning</b>:  file_put_contents(C:\xampp\htdocs\bodega-new-center\cache\mask_5\mask_21_5.dat): failed to open stream: No such file or directory in <b>C:\xampp\htdocs\bodega-new-center\qrmask.php</b> on line <b>155</b><br />
<br />
<b>Warning</b>:  mkdir(): No such file or directory in <b>C:\xampp\htdocs\bodega-new-center\qrmask.php</b> on line <b>154</b><br />
<br />
<b>Warning</b>:  file_put_contents(C:\xampp\htdocs\bodega-new-center\cache\mask_6\mask_21_6.dat): failed to open stream: No such file or directory in <b>C:\xampp\htdocs\bodega-new-center\qrmask.php</b> on line <b>155</b><br />
<br />
<b>Warning</b>:  mkdir(): No such file or directory in <b>C:\xampp\htdocs\bodega-new-center\qrmask.php</b> on line <b>154</b><br />
<br />
<b>Warning</b>:  file_put_contents(C:\xampp\htdocs\bodega-new-center\cache\mask_7\mask_21_7.dat): failed to open stream: No such file or directory in <b>C:\xampp\htdocs\bodega-new-center\qrmask.php</b> on line <b>155</b><br />
2023-04-10 23:48:29: <br />
<b>Warning</b>:  mkdir(): No such file or directory in <b>C:\xampp\htdocs\bodega-new-center\qrmask.php</b> on line <b>154</b><br />
<br />
<b>Warning</b>:  file_put_contents(C:\xampp\htdocs\bodega-new-center\cache\mask_0\mask_21_0.dat): failed to open stream: No such file or directory in <b>C:\xampp\htdocs\bodega-new-center\qrmask.php</b> on line <b>155</b><br />
<br />
<b>Warning</b>:  mkdir(): No such file or directory in <b>C:\xampp\htdocs\bodega-new-center\qrmask.php</b> on line <b>154</b><br />
<br />
<b>Warning</b>:  file_put_contents(C:\xampp\htdocs\bodega-new-center\cache\mask_1\mask_21_1.dat): failed to open stream: No such file or directory in <b>C:\xampp\htdocs\bodega-new-center\qrmask.php</b> on line <b>155</b><br />
<br />
<b>Warning</b>:  mkdir(): No such file or directory in <b>C:\xampp\htdocs\bodega-new-center\qrmask.php</b> on line <b>154</b><br />
<br />
<b>Warning</b>:  file_put_contents(C:\xampp\htdocs\bodega-new-center\cache\mask_2\mask_21_2.dat): failed to open stream: No such file or directory in <b>C:\xampp\htdocs\bodega-new-center\qrmask.php</b> on line <b>155</b><br />
<br />
<b>Warning</b>:  mkdir(): No such file or directory in <b>C:\xampp\htdocs\bodega-new-center\qrmask.php</b> on line <b>154</b><br />
<br />
<b>Warning</b>:  file_put_contents(C:\xampp\htdocs\bodega-new-center\cache\mask_3\mask_21_3.dat): failed to open stream: No such file or directory in <b>C:\xampp\htdocs\bodega-new-center\qrmask.php</b> on line <b>155</b><br />
<br />
<b>Warning</b>:  mkdir(): No such file or directory in <b>C:\xampp\htdocs\bodega-new-center\qrmask.php</b> on line <b>154</b><br />
<br />
<b>Warning</b>:  file_put_contents(C:\xampp\htdocs\bodega-new-center\cache\mask_4\mask_21_4.dat): failed to open stream: No such file or directory in <b>C:\xampp\htdocs\bodega-new-center\qrmask.php</b> on line <b>155</b><br />
<br />
<b>Warning</b>:  mkdir(): No such file or directory in <b>C:\xampp\htdocs\bodega-new-center\qrmask.php</b> on line <b>154</b><br />
<br />
<b>Warning</b>:  file_put_contents(C:\xampp\htdocs\bodega-new-center\cache\mask_5\mask_21_5.dat): failed to open stream: No such file or directory in <b>C:\xampp\htdocs\bodega-new-center\qrmask.php</b> on line <b>155</b><br />
<br />
<b>Warning</b>:  mkdir(): No such file or directory in <b>C:\xampp\htdocs\bodega-new-center\qrmask.php</b> on line <b>154</b><br />
<br />
<b>Warning</b>:  file_put_contents(C:\xampp\htdocs\bodega-new-center\cache\mask_6\mask_21_6.dat): failed to open stream: No such file or directory in <b>C:\xampp\htdocs\bodega-new-center\qrmask.php</b> on line <b>155</b><br />
<br />
<b>Warning</b>:  mkdir(): No such file or directory in <b>C:\xampp\htdocs\bodega-new-center\qrmask.php</b> on line <b>154</b><br />
<br />
<b>Warning</b>:  file_put_contents(C:\xampp\htdocs\bodega-new-center\cache\mask_7\mask_21_7.dat): failed to open stream: No such file or directory in <b>C:\xampp\htdocs\bodega-new-center\qrmask.php</b> on line <b>155</b><br />
2023-04-10 23:48:29: <br />
<b>Warning</b>:  mkdir(): No such file or directory in <b>C:\xampp\htdocs\bodega-new-center\qrmask.php</b> on line <b>154</b><br />
<br />
<b>Warning</b>:  file_put_contents(C:\xampp\htdocs\bodega-new-center\cache\mask_0\mask_21_0.dat): failed to open stream: No such file or directory in <b>C:\xampp\htdocs\bodega-new-center\qrmask.php</b> on line <b>155</b><br />
<br />
<b>Warning</b>:  mkdir(): No such file or directory in <b>C:\xampp\htdocs\bodega-new-center\qrmask.php</b> on line <b>154</b><br />
<br />
<b>Warning</b>:  file_put_contents(C:\xampp\htdocs\bodega-new-center\cache\mask_1\mask_21_1.dat): failed to open stream: No such file or directory in <b>C:\xampp\htdocs\bodega-new-center\qrmask.php</b> on line <b>155</b><br />
<br />
<b>Warning</b>:  mkdir(): No such file or directory in <b>C:\xampp\htdocs\bodega-new-center\qrmask.php</b> on line <b>154</b><br />
<br />
<b>Warning</b>:  file_put_contents(C:\xampp\htdocs\bodega-new-center\cache\mask_2\mask_21_2.dat): failed to open stream: No such file or directory in <b>C:\xampp\htdocs\bodega-new-center\qrmask.php</b> on line <b>155</b><br />
<br />
<b>Warning</b>:  mkdir(): No such file or directory in <b>C:\xampp\htdocs\bodega-new-center\qrmask.php</b> on line <b>154</b><br />
<br />
<b>Warning</b>:  file_put_contents(C:\xampp\htdocs\bodega-new-center\cache\mask_3\mask_21_3.dat): failed to open stream: No such file or directory in <b>C:\xampp\htdocs\bodega-new-center\qrmask.php</b> on line <b>155</b><br />
<br />
<b>Warning</b>:  mkdir(): No such file or directory in <b>C:\xampp\htdocs\bodega-new-center\qrmask.php</b> on line <b>154</b><br />
<br />
<b>Warning</b>:  file_put_contents(C:\xampp\htdocs\bodega-new-center\cache\mask_4\mask_21_4.dat): failed to open stream: No such file or directory in <b>C:\xampp\htdocs\bodega-new-center\qrmask.php</b> on line <b>155</b><br />
<br />
<b>Warning</b>:  mkdir(): No such file or directory in <b>C:\xampp\htdocs\bodega-new-center\qrmask.php</b> on line <b>154</b><br />
<br />
<b>Warning</b>:  file_put_contents(C:\xampp\htdocs\bodega-new-center\cache\mask_5\mask_21_5.dat): failed to open stream: No such file or directory in <b>C:\xampp\htdocs\bodega-new-center\qrmask.php</b> on line <b>155</b><br />
<br />
<b>Warning</b>:  mkdir(): No such file or directory in <b>C:\xampp\htdocs\bodega-new-center\qrmask.php</b> on line <b>154</b><br />
<br />
<b>Warning</b>:  file_put_contents(C:\xampp\htdocs\bodega-new-center\cache\mask_6\mask_21_6.dat): failed to open stream: No such file or directory in <b>C:\xampp\htdocs\bodega-new-center\qrmask.php</b> on line <b>155</b><br />
<br />
<b>Warning</b>:  mkdir(): No such file or directory in <b>C:\xampp\htdocs\bodega-new-center\qrmask.php</b> on line <b>154</b><br />
<br />
<b>Warning</b>:  file_put_contents(C:\xampp\htdocs\bodega-new-center\cache\mask_7\mask_21_7.dat): failed to open stream: No such file or directory in <b>C:\xampp\htdocs\bodega-new-center\qrmask.php</b> on line <b>155</b><br />
2023-04-10 23:48:29: <br />
<b>Warning</b>:  mkdir(): No such file or directory in <b>C:\xampp\htdocs\bodega-new-center\qrmask.php</b> on line <b>154</b><br />
<br />
<b>Warning</b>:  file_put_contents(C:\xampp\htdocs\bodega-new-center\cache\mask_0\mask_21_0.dat): failed to open stream: No such file or directory in <b>C:\xampp\htdocs\bodega-new-center\qrmask.php</b> on line <b>155</b><br />
<br />
<b>Warning</b>:  mkdir(): No such file or directory in <b>C:\xampp\htdocs\bodega-new-center\qrmask.php</b> on line <b>154</b><br />
<br />
<b>Warning</b>:  file_put_contents(C:\xampp\htdocs\bodega-new-center\cache\mask_1\mask_21_1.dat): failed to open stream: No such file or directory in <b>C:\xampp\htdocs\bodega-new-center\qrmask.php</b> on line <b>155</b><br />
<br />
<b>Warning</b>:  mkdir(): No such file or directory in <b>C:\xampp\htdocs\bodega-new-center\qrmask.php</b> on line <b>154</b><br />
<br />
<b>Warning</b>:  file_put_contents(C:\xampp\htdocs\bodega-new-center\cache\mask_2\mask_21_2.dat): failed to open stream: No such file or directory in <b>C:\xampp\htdocs\bodega-new-center\qrmask.php</b> on line <b>155</b><br />
<br />
<b>Warning</b>:  mkdir(): No such file or directory in <b>C:\xampp\htdocs\bodega-new-center\qrmask.php</b> on line <b>154</b><br />
<br />
<b>Warning</b>:  file_put_contents(C:\xampp\htdocs\bodega-new-center\cache\mask_3\mask_21_3.dat): failed to open stream: No such file or directory in <b>C:\xampp\htdocs\bodega-new-center\qrmask.php</b> on line <b>155</b><br />
<br />
<b>Warning</b>:  mkdir(): No such file or directory in <b>C:\xampp\htdocs\bodega-new-center\qrmask.php</b> on line <b>154</b><br />
<br />
<b>Warning</b>:  file_put_contents(C:\xampp\htdocs\bodega-new-center\cache\mask_4\mask_21_4.dat): failed to open stream: No such file or directory in <b>C:\xampp\htdocs\bodega-new-center\qrmask.php</b> on line <b>155</b><br />
<br />
<b>Warning</b>:  mkdir(): No such file or directory in <b>C:\xampp\htdocs\bodega-new-center\qrmask.php</b> on line <b>154</b><br />
<br />
<b>Warning</b>:  file_put_contents(C:\xampp\htdocs\bodega-new-center\cache\mask_5\mask_21_5.dat): failed to open stream: No such file or directory in <b>C:\xampp\htdocs\bodega-new-center\qrmask.php</b> on line <b>155</b><br />
<br />
<b>Warning</b>:  mkdir(): No such file or directory in <b>C:\xampp\htdocs\bodega-new-center\qrmask.php</b> on line <b>154</b><br />
<br />
<b>Warning</b>:  file_put_contents(C:\xampp\htdocs\bodega-new-center\cache\mask_6\mask_21_6.dat): failed to open stream: No such file or directory in <b>C:\xampp\htdocs\bodega-new-center\qrmask.php</b> on line <b>155</b><br />
<br />
<b>Warning</b>:  mkdir(): No such file or directory in <b>C:\xampp\htdocs\bodega-new-center\qrmask.php</b> on line <b>154</b><br />
<br />
<b>Warning</b>:  file_put_contents(C:\xampp\htdocs\bodega-new-center\cache\mask_7\mask_21_7.dat): failed to open stream: No such file or directory in <b>C:\xampp\htdocs\bodega-new-center\qrmask.php</b> on line <b>155</b><br />
2023-04-10 23:48:29: <br />
<b>Warning</b>:  mkdir(): No such file or directory in <b>C:\xampp\htdocs\bodega-new-center\qrmask.php</b> on line <b>154</b><br />
<br />
<b>Warning</b>:  file_put_contents(C:\xampp\htdocs\bodega-new-center\cache\mask_0\mask_21_0.dat): failed to open stream: No such file or directory in <b>C:\xampp\htdocs\bodega-new-center\qrmask.php</b> on line <b>155</b><br />
<br />
<b>Warning</b>:  mkdir(): No such file or directory in <b>C:\xampp\htdocs\bodega-new-center\qrmask.php</b> on line <b>154</b><br />
<br />
<b>Warning</b>:  file_put_contents(C:\xampp\htdocs\bodega-new-center\cache\mask_1\mask_21_1.dat): failed to open stream: No such file or directory in <b>C:\xampp\htdocs\bodega-new-center\qrmask.php</b> on line <b>155</b><br />
<br />
<b>Warning</b>:  mkdir(): No such file or directory in <b>C:\xampp\htdocs\bodega-new-center\qrmask.php</b> on line <b>154</b><br />
<br />
<b>Warning</b>:  file_put_contents(C:\xampp\htdocs\bodega-new-center\cache\mask_2\mask_21_2.dat): failed to open stream: No such file or directory in <b>C:\xampp\htdocs\bodega-new-center\qrmask.php</b> on line <b>155</b><br />
<br />
<b>Warning</b>:  mkdir(): No such file or directory in <b>C:\xampp\htdocs\bodega-new-center\qrmask.php</b> on line <b>154</b><br />
<br />
<b>Warning</b>:  file_put_contents(C:\xampp\htdocs\bodega-new-center\cache\mask_3\mask_21_3.dat): failed to open stream: No such file or directory in <b>C:\xampp\htdocs\bodega-new-center\qrmask.php</b> on line <b>155</b><br />
<br />
<b>Warning</b>:  mkdir(): No such file or directory in <b>C:\xampp\htdocs\bodega-new-center\qrmask.php</b> on line <b>154</b><br />
<br />
<b>Warning</b>:  file_put_contents(C:\xampp\htdocs\bodega-new-center\cache\mask_4\mask_21_4.dat): failed to open stream: No such file or directory in <b>C:\xampp\htdocs\bodega-new-center\qrmask.php</b> on line <b>155</b><br />
<br />
<b>Warning</b>:  mkdir(): No such file or directory in <b>C:\xampp\htdocs\bodega-new-center\qrmask.php</b> on line <b>154</b><br />
<br />
<b>Warning</b>:  file_put_contents(C:\xampp\htdocs\bodega-new-center\cache\mask_5\mask_21_5.dat): failed to open stream: No such file or directory in <b>C:\xampp\htdocs\bodega-new-center\qrmask.php</b> on line <b>155</b><br />
<br />
<b>Warning</b>:  mkdir(): No such file or directory in <b>C:\xampp\htdocs\bodega-new-center\qrmask.php</b> on line <b>154</b><br />
<br />
<b>Warning</b>:  file_put_contents(C:\xampp\htdocs\bodega-new-center\cache\mask_6\mask_21_6.dat): failed to open stream: No such file or directory in <b>C:\xampp\htdocs\bodega-new-center\qrmask.php</b> on line <b>155</b><br />
<br />
<b>Warning</b>:  mkdir(): No such file or directory in <b>C:\xampp\htdocs\bodega-new-center\qrmask.php</b> on line <b>154</b><br />
<br />
<b>Warning</b>:  file_put_contents(C:\xampp\htdocs\bodega-new-center\cache\mask_7\mask_21_7.dat): failed to open stream: No such file or directory in <b>C:\xampp\htdocs\bodega-new-center\qrmask.php</b> on line <b>155</b><br />
2023-04-10 23:48:29: <br />
<b>Warning</b>:  mkdir(): No such file or directory in <b>C:\xampp\htdocs\bodega-new-center\qrmask.php</b> on line <b>154</b><br />
<br />
<b>Warning</b>:  file_put_contents(C:\xampp\htdocs\bodega-new-center\cache\mask_0\mask_21_0.dat): failed to open stream: No such file or directory in <b>C:\xampp\htdocs\bodega-new-center\qrmask.php</b> on line <b>155</b><br />
<br />
<b>Warning</b>:  mkdir(): No such file or directory in <b>C:\xampp\htdocs\bodega-new-center\qrmask.php</b> on line <b>154</b><br />
<br />
<b>Warning</b>:  file_put_contents(C:\xampp\htdocs\bodega-new-center\cache\mask_1\mask_21_1.dat): failed to open stream: No such file or directory in <b>C:\xampp\htdocs\bodega-new-center\qrmask.php</b> on line <b>155</b><br />
<br />
<b>Warning</b>:  mkdir(): No such file or directory in <b>C:\xampp\htdocs\bodega-new-center\qrmask.php</b> on line <b>154</b><br />
<br />
<b>Warning</b>:  file_put_contents(C:\xampp\htdocs\bodega-new-center\cache\mask_2\mask_21_2.dat): failed to open stream: No such file or directory in <b>C:\xampp\htdocs\bodega-new-center\qrmask.php</b> on line <b>155</b><br />
<br />
<b>Warning</b>:  mkdir(): No such file or directory in <b>C:\xampp\htdocs\bodega-new-center\qrmask.php</b> on line <b>154</b><br />
<br />
<b>Warning</b>:  file_put_contents(C:\xampp\htdocs\bodega-new-center\cache\mask_3\mask_21_3.dat): failed to open stream: No such file or directory in <b>C:\xampp\htdocs\bodega-new-center\qrmask.php</b> on line <b>155</b><br />
<br />
<b>Warning</b>:  mkdir(): No such file or directory in <b>C:\xampp\htdocs\bodega-new-center\qrmask.php</b> on line <b>154</b><br />
<br />
<b>Warning</b>:  file_put_contents(C:\xampp\htdocs\bodega-new-center\cache\mask_4\mask_21_4.dat): failed to open stream: No such file or directory in <b>C:\xampp\htdocs\bodega-new-center\qrmask.php</b> on line <b>155</b><br />
<br />
<b>Warning</b>:  mkdir(): No such file or directory in <b>C:\xampp\htdocs\bodega-new-center\qrmask.php</b> on line <b>154</b><br />
<br />
<b>Warning</b>:  file_put_contents(C:\xampp\htdocs\bodega-new-center\cache\mask_5\mask_21_5.dat): failed to open stream: No such file or directory in <b>C:\xampp\htdocs\bodega-new-center\qrmask.php</b> on line <b>155</b><br />
<br />
<b>Warning</b>:  mkdir(): No such file or directory in <b>C:\xampp\htdocs\bodega-new-center\qrmask.php</b> on line <b>154</b><br />
<br />
<b>Warning</b>:  file_put_contents(C:\xampp\htdocs\bodega-new-center\cache\mask_6\mask_21_6.dat): failed to open stream: No such file or directory in <b>C:\xampp\htdocs\bodega-new-center\qrmask.php</b> on line <b>155</b><br />
<br />
<b>Warning</b>:  mkdir(): No such file or directory in <b>C:\xampp\htdocs\bodega-new-center\qrmask.php</b> on line <b>154</b><br />
<br />
<b>Warning</b>:  file_put_contents(C:\xampp\htdocs\bodega-new-center\cache\mask_7\mask_21_7.dat): failed to open stream: No such file or directory in <b>C:\xampp\htdocs\bodega-new-center\qrmask.php</b> on line <b>155</b><br />
2023-04-10 23:48:29: <br />
<b>Warning</b>:  mkdir(): No such file or directory in <b>C:\xampp\htdocs\bodega-new-center\qrmask.php</b> on line <b>154</b><br />
<br />
<b>Warning</b>:  file_put_contents(C:\xampp\htdocs\bodega-new-center\cache\mask_0\mask_21_0.dat): failed to open stream: No such file or directory in <b>C:\xampp\htdocs\bodega-new-center\qrmask.php</b> on line <b>155</b><br />
<br />
<b>Warning</b>:  mkdir(): No such file or directory in <b>C:\xampp\htdocs\bodega-new-center\qrmask.php</b> on line <b>154</b><br />
<br />
<b>Warning</b>:  file_put_contents(C:\xampp\htdocs\bodega-new-center\cache\mask_1\mask_21_1.dat): failed to open stream: No such file or directory in <b>C:\xampp\htdocs\bodega-new-center\qrmask.php</b> on line <b>155</b><br />
<br />
<b>Warning</b>:  mkdir(): No such file or directory in <b>C:\xampp\htdocs\bodega-new-center\qrmask.php</b> on line <b>154</b><br />
<br />
<b>Warning</b>:  file_put_contents(C:\xampp\htdocs\bodega-new-center\cache\mask_2\mask_21_2.dat): failed to open stream: No such file or directory in <b>C:\xampp\htdocs\bodega-new-center\qrmask.php</b> on line <b>155</b><br />
<br />
<b>Warning</b>:  mkdir(): No such file or directory in <b>C:\xampp\htdocs\bodega-new-center\qrmask.php</b> on line <b>154</b><br />
<br />
<b>Warning</b>:  file_put_contents(C:\xampp\htdocs\bodega-new-center\cache\mask_3\mask_21_3.dat): failed to open stream: No such file or directory in <b>C:\xampp\htdocs\bodega-new-center\qrmask.php</b> on line <b>155</b><br />
<br />
<b>Warning</b>:  mkdir(): No such file or directory in <b>C:\xampp\htdocs\bodega-new-center\qrmask.php</b> on line <b>154</b><br />
<br />
<b>Warning</b>:  file_put_contents(C:\xampp\htdocs\bodega-new-center\cache\mask_4\mask_21_4.dat): failed to open stream: No such file or directory in <b>C:\xampp\htdocs\bodega-new-center\qrmask.php</b> on line <b>155</b><br />
<br />
<b>Warning</b>:  mkdir(): No such file or directory in <b>C:\xampp\htdocs\bodega-new-center\qrmask.php</b> on line <b>154</b><br />
<br />
<b>Warning</b>:  file_put_contents(C:\xampp\htdocs\bodega-new-center\cache\mask_5\mask_21_5.dat): failed to open stream: No such file or directory in <b>C:\xampp\htdocs\bodega-new-center\qrmask.php</b> on line <b>155</b><br />
<br />
<b>Warning</b>:  mkdir(): No such file or directory in <b>C:\xampp\htdocs\bodega-new-center\qrmask.php</b> on line <b>154</b><br />
<br />
<b>Warning</b>:  file_put_contents(C:\xampp\htdocs\bodega-new-center\cache\mask_6\mask_21_6.dat): failed to open stream: No such file or directory in <b>C:\xampp\htdocs\bodega-new-center\qrmask.php</b> on line <b>155</b><br />
<br />
<b>Warning</b>:  mkdir(): No such file or directory in <b>C:\xampp\htdocs\bodega-new-center\qrmask.php</b> on line <b>154</b><br />
<br />
<b>Warning</b>:  file_put_contents(C:\xampp\htdocs\bodega-new-center\cache\mask_7\mask_21_7.dat): failed to open stream: No such file or directory in <b>C:\xampp\htdocs\bodega-new-center\qrmask.php</b> on line <b>155</b><br />
2023-04-10 23:48:29: <br />
<b>Warning</b>:  mkdir(): No such file or directory in <b>C:\xampp\htdocs\bodega-new-center\qrmask.php</b> on line <b>154</b><br />
<br />
<b>Warning</b>:  file_put_contents(C:\xampp\htdocs\bodega-new-center\cache\mask_0\mask_21_0.dat): failed to open stream: No such file or directory in <b>C:\xampp\htdocs\bodega-new-center\qrmask.php</b> on line <b>155</b><br />
<br />
<b>Warning</b>:  mkdir(): No such file or directory in <b>C:\xampp\htdocs\bodega-new-center\qrmask.php</b> on line <b>154</b><br />
<br />
<b>Warning</b>:  file_put_contents(C:\xampp\htdocs\bodega-new-center\cache\mask_1\mask_21_1.dat): failed to open stream: No such file or directory in <b>C:\xampp\htdocs\bodega-new-center\qrmask.php</b> on line <b>155</b><br />
<br />
<b>Warning</b>:  mkdir(): No such file or directory in <b>C:\xampp\htdocs\bodega-new-center\qrmask.php</b> on line <b>154</b><br />
<br />
<b>Warning</b>:  file_put_contents(C:\xampp\htdocs\bodega-new-center\cache\mask_2\mask_21_2.dat): failed to open stream: No such file or directory in <b>C:\xampp\htdocs\bodega-new-center\qrmask.php</b> on line <b>155</b><br />
<br />
<b>Warning</b>:  mkdir(): No such file or directory in <b>C:\xampp\htdocs\bodega-new-center\qrmask.php</b> on line <b>154</b><br />
<br />
<b>Warning</b>:  file_put_contents(C:\xampp\htdocs\bodega-new-center\cache\mask_3\mask_21_3.dat): failed to open stream: No such file or directory in <b>C:\xampp\htdocs\bodega-new-center\qrmask.php</b> on line <b>155</b><br />
<br />
<b>Warning</b>:  mkdir(): No such file or directory in <b>C:\xampp\htdocs\bodega-new-center\qrmask.php</b> on line <b>154</b><br />
<br />
<b>Warning</b>:  file_put_contents(C:\xampp\htdocs\bodega-new-center\cache\mask_4\mask_21_4.dat): failed to open stream: No such file or directory in <b>C:\xampp\htdocs\bodega-new-center\qrmask.php</b> on line <b>155</b><br />
<br />
<b>Warning</b>:  mkdir(): No such file or directory in <b>C:\xampp\htdocs\bodega-new-center\qrmask.php</b> on line <b>154</b><br />
<br />
<b>Warning</b>:  file_put_contents(C:\xampp\htdocs\bodega-new-center\cache\mask_5\mask_21_5.dat): failed to open stream: No such file or directory in <b>C:\xampp\htdocs\bodega-new-center\qrmask.php</b> on line <b>155</b><br />
<br />
<b>Warning</b>:  mkdir(): No such file or directory in <b>C:\xampp\htdocs\bodega-new-center\qrmask.php</b> on line <b>154</b><br />
<br />
<b>Warning</b>:  file_put_contents(C:\xampp\htdocs\bodega-new-center\cache\mask_6\mask_21_6.dat): failed to open stream: No such file or directory in <b>C:\xampp\htdocs\bodega-new-center\qrmask.php</b> on line <b>155</b><br />
<br />
<b>Warning</b>:  mkdir(): No such file or directory in <b>C:\xampp\htdocs\bodega-new-center\qrmask.php</b> on line <b>154</b><br />
<br />
<b>Warning</b>:  file_put_contents(C:\xampp\htdocs\bodega-new-center\cache\mask_7\mask_21_7.dat): failed to open stream: No such file or directory in <b>C:\xampp\htdocs\bodega-new-center\qrmask.php</b> on line <b>155</b><br />
2023-04-10 23:49:20: <br />
<b>Warning</b>:  file_put_contents(C:\xampp\htdocs\bodega-new-center\cache\frame_1.dat): failed to open stream: No such file or directory in <b>C:\xampp\htdocs\bodega-new-center\qrspec.php</b> on line <b>568</b><br />
<br />
<b>Warning</b>:  mkdir(): No such file or directory in <b>C:\xampp\htdocs\bodega-new-center\qrmask.php</b> on line <b>154</b><br />
<br />
<b>Warning</b>:  file_put_contents(C:\xampp\htdocs\bodega-new-center\cache\mask_0\mask_21_0.dat): failed to open stream: No such file or directory in <b>C:\xampp\htdocs\bodega-new-center\qrmask.php</b> on line <b>155</b><br />
<br />
<b>Warning</b>:  mkdir(): No such file or directory in <b>C:\xampp\htdocs\bodega-new-center\qrmask.php</b> on line <b>154</b><br />
<br />
<b>Warning</b>:  file_put_contents(C:\xampp\htdocs\bodega-new-center\cache\mask_1\mask_21_1.dat): failed to open stream: No such file or directory in <b>C:\xampp\htdocs\bodega-new-center\qrmask.php</b> on line <b>155</b><br />
<br />
<b>Warning</b>:  mkdir(): No such file or directory in <b>C:\xampp\htdocs\bodega-new-center\qrmask.php</b> on line <b>154</b><br />
<br />
<b>Warning</b>:  file_put_contents(C:\xampp\htdocs\bodega-new-center\cache\mask_2\mask_21_2.dat): failed to open stream: No such file or directory in <b>C:\xampp\htdocs\bodega-new-center\qrmask.php</b> on line <b>155</b><br />
<br />
<b>Warning</b>:  mkdir(): No such file or directory in <b>C:\xampp\htdocs\bodega-new-center\qrmask.php</b> on line <b>154</b><br />
<br />
<b>Warning</b>:  file_put_contents(C:\xampp\htdocs\bodega-new-center\cache\mask_3\mask_21_3.dat): failed to open stream: No such file or directory in <b>C:\xampp\htdocs\bodega-new-center\qrmask.php</b> on line <b>155</b><br />
<br />
<b>Warning</b>:  mkdir(): No such file or directory in <b>C:\xampp\htdocs\bodega-new-center\qrmask.php</b> on line <b>154</b><br />
<br />
<b>Warning</b>:  file_put_contents(C:\xampp\htdocs\bodega-new-center\cache\mask_4\mask_21_4.dat): failed to open stream: No such file or directory in <b>C:\xampp\htdocs\bodega-new-center\qrmask.php</b> on line <b>155</b><br />
<br />
<b>Warning</b>:  mkdir(): No such file or directory in <b>C:\xampp\htdocs\bodega-new-center\qrmask.php</b> on line <b>154</b><br />
<br />
<b>Warning</b>:  file_put_contents(C:\xampp\htdocs\bodega-new-center\cache\mask_5\mask_21_5.dat): failed to open stream: No such file or directory in <b>C:\xampp\htdocs\bodega-new-center\qrmask.php</b> on line <b>155</b><br />
<br />
<b>Warning</b>:  mkdir(): No such file or directory in <b>C:\xampp\htdocs\bodega-new-center\qrmask.php</b> on line <b>154</b><br />
<br />
<b>Warning</b>:  file_put_contents(C:\xampp\htdocs\bodega-new-center\cache\mask_6\mask_21_6.dat): failed to open stream: No such file or directory in <b>C:\xampp\htdocs\bodega-new-center\qrmask.php</b> on line <b>155</b><br />
<br />
<b>Warning</b>:  mkdir(): No such file or directory in <b>C:\xampp\htdocs\bodega-new-center\qrmask.php</b> on line <b>154</b><br />
<br />
<b>Warning</b>:  file_put_contents(C:\xampp\htdocs\bodega-new-center\cache\mask_7\mask_21_7.dat): failed to open stream: No such file or directory in <b>C:\xampp\htdocs\bodega-new-center\qrmask.php</b> on line <b>155</b><br />
2023-04-10 23:49:20: <br />
<b>Warning</b>:  mkdir(): No such file or directory in <b>C:\xampp\htdocs\bodega-new-center\qrmask.php</b> on line <b>154</b><br />
<br />
<b>Warning</b>:  file_put_contents(C:\xampp\htdocs\bodega-new-center\cache\mask_0\mask_21_0.dat): failed to open stream: No such file or directory in <b>C:\xampp\htdocs\bodega-new-center\qrmask.php</b> on line <b>155</b><br />
<br />
<b>Warning</b>:  mkdir(): No such file or directory in <b>C:\xampp\htdocs\bodega-new-center\qrmask.php</b> on line <b>154</b><br />
<br />
<b>Warning</b>:  file_put_contents(C:\xampp\htdocs\bodega-new-center\cache\mask_1\mask_21_1.dat): failed to open stream: No such file or directory in <b>C:\xampp\htdocs\bodega-new-center\qrmask.php</b> on line <b>155</b><br />
<br />
<b>Warning</b>:  mkdir(): No such file or directory in <b>C:\xampp\htdocs\bodega-new-center\qrmask.php</b> on line <b>154</b><br />
<br />
<b>Warning</b>:  file_put_contents(C:\xampp\htdocs\bodega-new-center\cache\mask_2\mask_21_2.dat): failed to open stream: No such file or directory in <b>C:\xampp\htdocs\bodega-new-center\qrmask.php</b> on line <b>155</b><br />
<br />
<b>Warning</b>:  mkdir(): No such file or directory in <b>C:\xampp\htdocs\bodega-new-center\qrmask.php</b> on line <b>154</b><br />
<br />
<b>Warning</b>:  file_put_contents(C:\xampp\htdocs\bodega-new-center\cache\mask_3\mask_21_3.dat): failed to open stream: No such file or directory in <b>C:\xampp\htdocs\bodega-new-center\qrmask.php</b> on line <b>155</b><br />
<br />
<b>Warning</b>:  mkdir(): No such file or directory in <b>C:\xampp\htdocs\bodega-new-center\qrmask.php</b> on line <b>154</b><br />
<br />
<b>Warning</b>:  file_put_contents(C:\xampp\htdocs\bodega-new-center\cache\mask_4\mask_21_4.dat): failed to open stream: No such file or directory in <b>C:\xampp\htdocs\bodega-new-center\qrmask.php</b> on line <b>155</b><br />
<br />
<b>Warning</b>:  mkdir(): No such file or directory in <b>C:\xampp\htdocs\bodega-new-center\qrmask.php</b> on line <b>154</b><br />
<br />
<b>Warning</b>:  file_put_contents(C:\xampp\htdocs\bodega-new-center\cache\mask_5\mask_21_5.dat): failed to open stream: No such file or directory in <b>C:\xampp\htdocs\bodega-new-center\qrmask.php</b> on line <b>155</b><br />
<br />
<b>Warning</b>:  mkdir(): No such file or directory in <b>C:\xampp\htdocs\bodega-new-center\qrmask.php</b> on line <b>154</b><br />
<br />
<b>Warning</b>:  file_put_contents(C:\xampp\htdocs\bodega-new-center\cache\mask_6\mask_21_6.dat): failed to open stream: No such file or directory in <b>C:\xampp\htdocs\bodega-new-center\qrmask.php</b> on line <b>155</b><br />
<br />
<b>Warning</b>:  mkdir(): No such file or directory in <b>C:\xampp\htdocs\bodega-new-center\qrmask.php</b> on line <b>154</b><br />
<br />
<b>Warning</b>:  file_put_contents(C:\xampp\htdocs\bodega-new-center\cache\mask_7\mask_21_7.dat): failed to open stream: No such file or directory in <b>C:\xampp\htdocs\bodega-new-center\qrmask.php</b> on line <b>155</b><br />
2023-04-10 23:49:20: <br />
<b>Warning</b>:  mkdir(): No such file or directory in <b>C:\xampp\htdocs\bodega-new-center\qrmask.php</b> on line <b>154</b><br />
<br />
<b>Warning</b>:  file_put_contents(C:\xampp\htdocs\bodega-new-center\cache\mask_0\mask_21_0.dat): failed to open stream: No such file or directory in <b>C:\xampp\htdocs\bodega-new-center\qrmask.php</b> on line <b>155</b><br />
<br />
<b>Warning</b>:  mkdir(): No such file or directory in <b>C:\xampp\htdocs\bodega-new-center\qrmask.php</b> on line <b>154</b><br />
<br />
<b>Warning</b>:  file_put_contents(C:\xampp\htdocs\bodega-new-center\cache\mask_1\mask_21_1.dat): failed to open stream: No such file or directory in <b>C:\xampp\htdocs\bodega-new-center\qrmask.php</b> on line <b>155</b><br />
<br />
<b>Warning</b>:  mkdir(): No such file or directory in <b>C:\xampp\htdocs\bodega-new-center\qrmask.php</b> on line <b>154</b><br />
<br />
<b>Warning</b>:  file_put_contents(C:\xampp\htdocs\bodega-new-center\cache\mask_2\mask_21_2.dat): failed to open stream: No such file or directory in <b>C:\xampp\htdocs\bodega-new-center\qrmask.php</b> on line <b>155</b><br />
<br />
<b>Warning</b>:  mkdir(): No such file or directory in <b>C:\xampp\htdocs\bodega-new-center\qrmask.php</b> on line <b>154</b><br />
<br />
<b>Warning</b>:  file_put_contents(C:\xampp\htdocs\bodega-new-center\cache\mask_3\mask_21_3.dat): failed to open stream: No such file or directory in <b>C:\xampp\htdocs\bodega-new-center\qrmask.php</b> on line <b>155</b><br />
<br />
<b>Warning</b>:  mkdir(): No such file or directory in <b>C:\xampp\htdocs\bodega-new-center\qrmask.php</b> on line <b>154</b><br />
<br />
<b>Warning</b>:  file_put_contents(C:\xampp\htdocs\bodega-new-center\cache\mask_4\mask_21_4.dat): failed to open stream: No such file or directory in <b>C:\xampp\htdocs\bodega-new-center\qrmask.php</b> on line <b>155</b><br />
<br />
<b>Warning</b>:  mkdir(): No such file or directory in <b>C:\xampp\htdocs\bodega-new-center\qrmask.php</b> on line <b>154</b><br />
<br />
<b>Warning</b>:  file_put_contents(C:\xampp\htdocs\bodega-new-center\cache\mask_5\mask_21_5.dat): failed to open stream: No such file or directory in <b>C:\xampp\htdocs\bodega-new-center\qrmask.php</b> on line <b>155</b><br />
<br />
<b>Warning</b>:  mkdir(): No such file or directory in <b>C:\xampp\htdocs\bodega-new-center\qrmask.php</b> on line <b>154</b><br />
<br />
<b>Warning</b>:  file_put_contents(C:\xampp\htdocs\bodega-new-center\cache\mask_6\mask_21_6.dat): failed to open stream: No such file or directory in <b>C:\xampp\htdocs\bodega-new-center\qrmask.php</b> on line <b>155</b><br />
<br />
<b>Warning</b>:  mkdir(): No such file or directory in <b>C:\xampp\htdocs\bodega-new-center\qrmask.php</b> on line <b>154</b><br />
<br />
<b>Warning</b>:  file_put_contents(C:\xampp\htdocs\bodega-new-center\cache\mask_7\mask_21_7.dat): failed to open stream: No such file or directory in <b>C:\xampp\htdocs\bodega-new-center\qrmask.php</b> on line <b>155</b><br />
2023-04-10 23:49:20: <br />
<b>Warning</b>:  mkdir(): No such file or directory in <b>C:\xampp\htdocs\bodega-new-center\qrmask.php</b> on line <b>154</b><br />
<br />
<b>Warning</b>:  file_put_contents(C:\xampp\htdocs\bodega-new-center\cache\mask_0\mask_21_0.dat): failed to open stream: No such file or directory in <b>C:\xampp\htdocs\bodega-new-center\qrmask.php</b> on line <b>155</b><br />
<br />
<b>Warning</b>:  mkdir(): No such file or directory in <b>C:\xampp\htdocs\bodega-new-center\qrmask.php</b> on line <b>154</b><br />
<br />
<b>Warning</b>:  file_put_contents(C:\xampp\htdocs\bodega-new-center\cache\mask_1\mask_21_1.dat): failed to open stream: No such file or directory in <b>C:\xampp\htdocs\bodega-new-center\qrmask.php</b> on line <b>155</b><br />
<br />
<b>Warning</b>:  mkdir(): No such file or directory in <b>C:\xampp\htdocs\bodega-new-center\qrmask.php</b> on line <b>154</b><br />
<br />
<b>Warning</b>:  file_put_contents(C:\xampp\htdocs\bodega-new-center\cache\mask_2\mask_21_2.dat): failed to open stream: No such file or directory in <b>C:\xampp\htdocs\bodega-new-center\qrmask.php</b> on line <b>155</b><br />
<br />
<b>Warning</b>:  mkdir(): No such file or directory in <b>C:\xampp\htdocs\bodega-new-center\qrmask.php</b> on line <b>154</b><br />
<br />
<b>Warning</b>:  file_put_contents(C:\xampp\htdocs\bodega-new-center\cache\mask_3\mask_21_3.dat): failed to open stream: No such file or directory in <b>C:\xampp\htdocs\bodega-new-center\qrmask.php</b> on line <b>155</b><br />
<br />
<b>Warning</b>:  mkdir(): No such file or directory in <b>C:\xampp\htdocs\bodega-new-center\qrmask.php</b> on line <b>154</b><br />
<br />
<b>Warning</b>:  file_put_contents(C:\xampp\htdocs\bodega-new-center\cache\mask_4\mask_21_4.dat): failed to open stream: No such file or directory in <b>C:\xampp\htdocs\bodega-new-center\qrmask.php</b> on line <b>155</b><br />
<br />
<b>Warning</b>:  mkdir(): No such file or directory in <b>C:\xampp\htdocs\bodega-new-center\qrmask.php</b> on line <b>154</b><br />
<br />
<b>Warning</b>:  file_put_contents(C:\xampp\htdocs\bodega-new-center\cache\mask_5\mask_21_5.dat): failed to open stream: No such file or directory in <b>C:\xampp\htdocs\bodega-new-center\qrmask.php</b> on line <b>155</b><br />
<br />
<b>Warning</b>:  mkdir(): No such file or directory in <b>C:\xampp\htdocs\bodega-new-center\qrmask.php</b> on line <b>154</b><br />
<br />
<b>Warning</b>:  file_put_contents(C:\xampp\htdocs\bodega-new-center\cache\mask_6\mask_21_6.dat): failed to open stream: No such file or directory in <b>C:\xampp\htdocs\bodega-new-center\qrmask.php</b> on line <b>155</b><br />
<br />
<b>Warning</b>:  mkdir(): No such file or directory in <b>C:\xampp\htdocs\bodega-new-center\qrmask.php</b> on line <b>154</b><br />
<br />
<b>Warning</b>:  file_put_contents(C:\xampp\htdocs\bodega-new-center\cache\mask_7\mask_21_7.dat): failed to open stream: No such file or directory in <b>C:\xampp\htdocs\bodega-new-center\qrmask.php</b> on line <b>155</b><br />
2023-04-10 23:49:20: <br />
<b>Warning</b>:  mkdir(): No such file or directory in <b>C:\xampp\htdocs\bodega-new-center\qrmask.php</b> on line <b>154</b><br />
<br />
<b>Warning</b>:  file_put_contents(C:\xampp\htdocs\bodega-new-center\cache\mask_0\mask_21_0.dat): failed to open stream: No such file or directory in <b>C:\xampp\htdocs\bodega-new-center\qrmask.php</b> on line <b>155</b><br />
<br />
<b>Warning</b>:  mkdir(): No such file or directory in <b>C:\xampp\htdocs\bodega-new-center\qrmask.php</b> on line <b>154</b><br />
<br />
<b>Warning</b>:  file_put_contents(C:\xampp\htdocs\bodega-new-center\cache\mask_1\mask_21_1.dat): failed to open stream: No such file or directory in <b>C:\xampp\htdocs\bodega-new-center\qrmask.php</b> on line <b>155</b><br />
<br />
<b>Warning</b>:  mkdir(): No such file or directory in <b>C:\xampp\htdocs\bodega-new-center\qrmask.php</b> on line <b>154</b><br />
<br />
<b>Warning</b>:  file_put_contents(C:\xampp\htdocs\bodega-new-center\cache\mask_2\mask_21_2.dat): failed to open stream: No such file or directory in <b>C:\xampp\htdocs\bodega-new-center\qrmask.php</b> on line <b>155</b><br />
<br />
<b>Warning</b>:  mkdir(): No such file or directory in <b>C:\xampp\htdocs\bodega-new-center\qrmask.php</b> on line <b>154</b><br />
<br />
<b>Warning</b>:  file_put_contents(C:\xampp\htdocs\bodega-new-center\cache\mask_3\mask_21_3.dat): failed to open stream: No such file or directory in <b>C:\xampp\htdocs\bodega-new-center\qrmask.php</b> on line <b>155</b><br />
<br />
<b>Warning</b>:  mkdir(): No such file or directory in <b>C:\xampp\htdocs\bodega-new-center\qrmask.php</b> on line <b>154</b><br />
<br />
<b>Warning</b>:  file_put_contents(C:\xampp\htdocs\bodega-new-center\cache\mask_4\mask_21_4.dat): failed to open stream: No such file or directory in <b>C:\xampp\htdocs\bodega-new-center\qrmask.php</b> on line <b>155</b><br />
<br />
<b>Warning</b>:  mkdir(): No such file or directory in <b>C:\xampp\htdocs\bodega-new-center\qrmask.php</b> on line <b>154</b><br />
<br />
<b>Warning</b>:  file_put_contents(C:\xampp\htdocs\bodega-new-center\cache\mask_5\mask_21_5.dat): failed to open stream: No such file or directory in <b>C:\xampp\htdocs\bodega-new-center\qrmask.php</b> on line <b>155</b><br />
<br />
<b>Warning</b>:  mkdir(): No such file or directory in <b>C:\xampp\htdocs\bodega-new-center\qrmask.php</b> on line <b>154</b><br />
<br />
<b>Warning</b>:  file_put_contents(C:\xampp\htdocs\bodega-new-center\cache\mask_6\mask_21_6.dat): failed to open stream: No such file or directory in <b>C:\xampp\htdocs\bodega-new-center\qrmask.php</b> on line <b>155</b><br />
<br />
<b>Warning</b>:  mkdir(): No such file or directory in <b>C:\xampp\htdocs\bodega-new-center\qrmask.php</b> on line <b>154</b><br />
<br />
<b>Warning</b>:  file_put_contents(C:\xampp\htdocs\bodega-new-center\cache\mask_7\mask_21_7.dat): failed to open stream: No such file or directory in <b>C:\xampp\htdocs\bodega-new-center\qrmask.php</b> on line <b>155</b><br />
2023-04-10 23:49:20: <br />
<b>Warning</b>:  mkdir(): No such file or directory in <b>C:\xampp\htdocs\bodega-new-center\qrmask.php</b> on line <b>154</b><br />
<br />
<b>Warning</b>:  file_put_contents(C:\xampp\htdocs\bodega-new-center\cache\mask_0\mask_21_0.dat): failed to open stream: No such file or directory in <b>C:\xampp\htdocs\bodega-new-center\qrmask.php</b> on line <b>155</b><br />
<br />
<b>Warning</b>:  mkdir(): No such file or directory in <b>C:\xampp\htdocs\bodega-new-center\qrmask.php</b> on line <b>154</b><br />
<br />
<b>Warning</b>:  file_put_contents(C:\xampp\htdocs\bodega-new-center\cache\mask_1\mask_21_1.dat): failed to open stream: No such file or directory in <b>C:\xampp\htdocs\bodega-new-center\qrmask.php</b> on line <b>155</b><br />
<br />
<b>Warning</b>:  mkdir(): No such file or directory in <b>C:\xampp\htdocs\bodega-new-center\qrmask.php</b> on line <b>154</b><br />
<br />
<b>Warning</b>:  file_put_contents(C:\xampp\htdocs\bodega-new-center\cache\mask_2\mask_21_2.dat): failed to open stream: No such file or directory in <b>C:\xampp\htdocs\bodega-new-center\qrmask.php</b> on line <b>155</b><br />
<br />
<b>Warning</b>:  mkdir(): No such file or directory in <b>C:\xampp\htdocs\bodega-new-center\qrmask.php</b> on line <b>154</b><br />
<br />
<b>Warning</b>:  file_put_contents(C:\xampp\htdocs\bodega-new-center\cache\mask_3\mask_21_3.dat): failed to open stream: No such file or directory in <b>C:\xampp\htdocs\bodega-new-center\qrmask.php</b> on line <b>155</b><br />
<br />
<b>Warning</b>:  mkdir(): No such file or directory in <b>C:\xampp\htdocs\bodega-new-center\qrmask.php</b> on line <b>154</b><br />
<br />
<b>Warning</b>:  file_put_contents(C:\xampp\htdocs\bodega-new-center\cache\mask_4\mask_21_4.dat): failed to open stream: No such file or directory in <b>C:\xampp\htdocs\bodega-new-center\qrmask.php</b> on line <b>155</b><br />
<br />
<b>Warning</b>:  mkdir(): No such file or directory in <b>C:\xampp\htdocs\bodega-new-center\qrmask.php</b> on line <b>154</b><br />
<br />
<b>Warning</b>:  file_put_contents(C:\xampp\htdocs\bodega-new-center\cache\mask_5\mask_21_5.dat): failed to open stream: No such file or directory in <b>C:\xampp\htdocs\bodega-new-center\qrmask.php</b> on line <b>155</b><br />
<br />
<b>Warning</b>:  mkdir(): No such file or directory in <b>C:\xampp\htdocs\bodega-new-center\qrmask.php</b> on line <b>154</b><br />
<br />
<b>Warning</b>:  file_put_contents(C:\xampp\htdocs\bodega-new-center\cache\mask_6\mask_21_6.dat): failed to open stream: No such file or directory in <b>C:\xampp\htdocs\bodega-new-center\qrmask.php</b> on line <b>155</b><br />
<br />
<b>Warning</b>:  mkdir(): No such file or directory in <b>C:\xampp\htdocs\bodega-new-center\qrmask.php</b> on line <b>154</b><br />
<br />
<b>Warning</b>:  file_put_contents(C:\xampp\htdocs\bodega-new-center\cache\mask_7\mask_21_7.dat): failed to open stream: No such file or directory in <b>C:\xampp\htdocs\bodega-new-center\qrmask.php</b> on line <b>155</b><br />
2023-04-10 23:49:20: <br />
<b>Warning</b>:  mkdir(): No such file or directory in <b>C:\xampp\htdocs\bodega-new-center\qrmask.php</b> on line <b>154</b><br />
<br />
<b>Warning</b>:  file_put_contents(C:\xampp\htdocs\bodega-new-center\cache\mask_0\mask_21_0.dat): failed to open stream: No such file or directory in <b>C:\xampp\htdocs\bodega-new-center\qrmask.php</b> on line <b>155</b><br />
<br />
<b>Warning</b>:  mkdir(): No such file or directory in <b>C:\xampp\htdocs\bodega-new-center\qrmask.php</b> on line <b>154</b><br />
<br />
<b>Warning</b>:  file_put_contents(C:\xampp\htdocs\bodega-new-center\cache\mask_1\mask_21_1.dat): failed to open stream: No such file or directory in <b>C:\xampp\htdocs\bodega-new-center\qrmask.php</b> on line <b>155</b><br />
<br />
<b>Warning</b>:  mkdir(): No such file or directory in <b>C:\xampp\htdocs\bodega-new-center\qrmask.php</b> on line <b>154</b><br />
<br />
<b>Warning</b>:  file_put_contents(C:\xampp\htdocs\bodega-new-center\cache\mask_2\mask_21_2.dat): failed to open stream: No such file or directory in <b>C:\xampp\htdocs\bodega-new-center\qrmask.php</b> on line <b>155</b><br />
<br />
<b>Warning</b>:  mkdir(): No such file or directory in <b>C:\xampp\htdocs\bodega-new-center\qrmask.php</b> on line <b>154</b><br />
<br />
<b>Warning</b>:  file_put_contents(C:\xampp\htdocs\bodega-new-center\cache\mask_3\mask_21_3.dat): failed to open stream: No such file or directory in <b>C:\xampp\htdocs\bodega-new-center\qrmask.php</b> on line <b>155</b><br />
<br />
<b>Warning</b>:  mkdir(): No such file or directory in <b>C:\xampp\htdocs\bodega-new-center\qrmask.php</b> on line <b>154</b><br />
<br />
<b>Warning</b>:  file_put_contents(C:\xampp\htdocs\bodega-new-center\cache\mask_4\mask_21_4.dat): failed to open stream: No such file or directory in <b>C:\xampp\htdocs\bodega-new-center\qrmask.php</b> on line <b>155</b><br />
<br />
<b>Warning</b>:  mkdir(): No such file or directory in <b>C:\xampp\htdocs\bodega-new-center\qrmask.php</b> on line <b>154</b><br />
<br />
<b>Warning</b>:  file_put_contents(C:\xampp\htdocs\bodega-new-center\cache\mask_5\mask_21_5.dat): failed to open stream: No such file or directory in <b>C:\xampp\htdocs\bodega-new-center\qrmask.php</b> on line <b>155</b><br />
<br />
<b>Warning</b>:  mkdir(): No such file or directory in <b>C:\xampp\htdocs\bodega-new-center\qrmask.php</b> on line <b>154</b><br />
<br />
<b>Warning</b>:  file_put_contents(C:\xampp\htdocs\bodega-new-center\cache\mask_6\mask_21_6.dat): failed to open stream: No such file or directory in <b>C:\xampp\htdocs\bodega-new-center\qrmask.php</b> on line <b>155</b><br />
<br />
<b>Warning</b>:  mkdir(): No such file or directory in <b>C:\xampp\htdocs\bodega-new-center\qrmask.php</b> on line <b>154</b><br />
<br />
<b>Warning</b>:  file_put_contents(C:\xampp\htdocs\bodega-new-center\cache\mask_7\mask_21_7.dat): failed to open stream: No such file or directory in <b>C:\xampp\htdocs\bodega-new-center\qrmask.php</b> on line <b>155</b><br />
2023-04-10 23:49:20: <br />
<b>Warning</b>:  mkdir(): No such file or directory in <b>C:\xampp\htdocs\bodega-new-center\qrmask.php</b> on line <b>154</b><br />
<br />
<b>Warning</b>:  file_put_contents(C:\xampp\htdocs\bodega-new-center\cache\mask_0\mask_21_0.dat): failed to open stream: No such file or directory in <b>C:\xampp\htdocs\bodega-new-center\qrmask.php</b> on line <b>155</b><br />
<br />
<b>Warning</b>:  mkdir(): No such file or directory in <b>C:\xampp\htdocs\bodega-new-center\qrmask.php</b> on line <b>154</b><br />
<br />
<b>Warning</b>:  file_put_contents(C:\xampp\htdocs\bodega-new-center\cache\mask_1\mask_21_1.dat): failed to open stream: No such file or directory in <b>C:\xampp\htdocs\bodega-new-center\qrmask.php</b> on line <b>155</b><br />
<br />
<b>Warning</b>:  mkdir(): No such file or directory in <b>C:\xampp\htdocs\bodega-new-center\qrmask.php</b> on line <b>154</b><br />
<br />
<b>Warning</b>:  file_put_contents(C:\xampp\htdocs\bodega-new-center\cache\mask_2\mask_21_2.dat): failed to open stream: No such file or directory in <b>C:\xampp\htdocs\bodega-new-center\qrmask.php</b> on line <b>155</b><br />
<br />
<b>Warning</b>:  mkdir(): No such file or directory in <b>C:\xampp\htdocs\bodega-new-center\qrmask.php</b> on line <b>154</b><br />
<br />
<b>Warning</b>:  file_put_contents(C:\xampp\htdocs\bodega-new-center\cache\mask_3\mask_21_3.dat): failed to open stream: No such file or directory in <b>C:\xampp\htdocs\bodega-new-center\qrmask.php</b> on line <b>155</b><br />
<br />
<b>Warning</b>:  mkdir(): No such file or directory in <b>C:\xampp\htdocs\bodega-new-center\qrmask.php</b> on line <b>154</b><br />
<br />
<b>Warning</b>:  file_put_contents(C:\xampp\htdocs\bodega-new-center\cache\mask_4\mask_21_4.dat): failed to open stream: No such file or directory in <b>C:\xampp\htdocs\bodega-new-center\qrmask.php</b> on line <b>155</b><br />
<br />
<b>Warning</b>:  mkdir(): No such file or directory in <b>C:\xampp\htdocs\bodega-new-center\qrmask.php</b> on line <b>154</b><br />
<br />
<b>Warning</b>:  file_put_contents(C:\xampp\htdocs\bodega-new-center\cache\mask_5\mask_21_5.dat): failed to open stream: No such file or directory in <b>C:\xampp\htdocs\bodega-new-center\qrmask.php</b> on line <b>155</b><br />
<br />
<b>Warning</b>:  mkdir(): No such file or directory in <b>C:\xampp\htdocs\bodega-new-center\qrmask.php</b> on line <b>154</b><br />
<br />
<b>Warning</b>:  file_put_contents(C:\xampp\htdocs\bodega-new-center\cache\mask_6\mask_21_6.dat): failed to open stream: No such file or directory in <b>C:\xampp\htdocs\bodega-new-center\qrmask.php</b> on line <b>155</b><br />
<br />
<b>Warning</b>:  mkdir(): No such file or directory in <b>C:\xampp\htdocs\bodega-new-center\qrmask.php</b> on line <b>154</b><br />
<br />
<b>Warning</b>:  file_put_contents(C:\xampp\htdocs\bodega-new-center\cache\mask_7\mask_21_7.dat): failed to open stream: No such file or directory in <b>C:\xampp\htdocs\bodega-new-center\qrmask.php</b> on line <b>155</b><br />
2023-04-10 23:49:20: <br />
<b>Warning</b>:  mkdir(): No such file or directory in <b>C:\xampp\htdocs\bodega-new-center\qrmask.php</b> on line <b>154</b><br />
<br />
<b>Warning</b>:  file_put_contents(C:\xampp\htdocs\bodega-new-center\cache\mask_0\mask_21_0.dat): failed to open stream: No such file or directory in <b>C:\xampp\htdocs\bodega-new-center\qrmask.php</b> on line <b>155</b><br />
<br />
<b>Warning</b>:  mkdir(): No such file or directory in <b>C:\xampp\htdocs\bodega-new-center\qrmask.php</b> on line <b>154</b><br />
<br />
<b>Warning</b>:  file_put_contents(C:\xampp\htdocs\bodega-new-center\cache\mask_1\mask_21_1.dat): failed to open stream: No such file or directory in <b>C:\xampp\htdocs\bodega-new-center\qrmask.php</b> on line <b>155</b><br />
<br />
<b>Warning</b>:  mkdir(): No such file or directory in <b>C:\xampp\htdocs\bodega-new-center\qrmask.php</b> on line <b>154</b><br />
<br />
<b>Warning</b>:  file_put_contents(C:\xampp\htdocs\bodega-new-center\cache\mask_2\mask_21_2.dat): failed to open stream: No such file or directory in <b>C:\xampp\htdocs\bodega-new-center\qrmask.php</b> on line <b>155</b><br />
<br />
<b>Warning</b>:  mkdir(): No such file or directory in <b>C:\xampp\htdocs\bodega-new-center\qrmask.php</b> on line <b>154</b><br />
<br />
<b>Warning</b>:  file_put_contents(C:\xampp\htdocs\bodega-new-center\cache\mask_3\mask_21_3.dat): failed to open stream: No such file or directory in <b>C:\xampp\htdocs\bodega-new-center\qrmask.php</b> on line <b>155</b><br />
<br />
<b>Warning</b>:  mkdir(): No such file or directory in <b>C:\xampp\htdocs\bodega-new-center\qrmask.php</b> on line <b>154</b><br />
<br />
<b>Warning</b>:  file_put_contents(C:\xampp\htdocs\bodega-new-center\cache\mask_4\mask_21_4.dat): failed to open stream: No such file or directory in <b>C:\xampp\htdocs\bodega-new-center\qrmask.php</b> on line <b>155</b><br />
<br />
<b>Warning</b>:  mkdir(): No such file or directory in <b>C:\xampp\htdocs\bodega-new-center\qrmask.php</b> on line <b>154</b><br />
<br />
<b>Warning</b>:  file_put_contents(C:\xampp\htdocs\bodega-new-center\cache\mask_5\mask_21_5.dat): failed to open stream: No such file or directory in <b>C:\xampp\htdocs\bodega-new-center\qrmask.php</b> on line <b>155</b><br />
<br />
<b>Warning</b>:  mkdir(): No such file or directory in <b>C:\xampp\htdocs\bodega-new-center\qrmask.php</b> on line <b>154</b><br />
<br />
<b>Warning</b>:  file_put_contents(C:\xampp\htdocs\bodega-new-center\cache\mask_6\mask_21_6.dat): failed to open stream: No such file or directory in <b>C:\xampp\htdocs\bodega-new-center\qrmask.php</b> on line <b>155</b><br />
<br />
<b>Warning</b>:  mkdir(): No such file or directory in <b>C:\xampp\htdocs\bodega-new-center\qrmask.php</b> on line <b>154</b><br />
<br />
<b>Warning</b>:  file_put_contents(C:\xampp\htdocs\bodega-new-center\cache\mask_7\mask_21_7.dat): failed to open stream: No such file or directory in <b>C:\xampp\htdocs\bodega-new-center\qrmask.php</b> on line <b>155</b><br />
2023-04-10 23:49:20: <br />
<b>Warning</b>:  mkdir(): No such file or directory in <b>C:\xampp\htdocs\bodega-new-center\qrmask.php</b> on line <b>154</b><br />
<br />
<b>Warning</b>:  file_put_contents(C:\xampp\htdocs\bodega-new-center\cache\mask_0\mask_21_0.dat): failed to open stream: No such file or directory in <b>C:\xampp\htdocs\bodega-new-center\qrmask.php</b> on line <b>155</b><br />
<br />
<b>Warning</b>:  mkdir(): No such file or directory in <b>C:\xampp\htdocs\bodega-new-center\qrmask.php</b> on line <b>154</b><br />
<br />
<b>Warning</b>:  file_put_contents(C:\xampp\htdocs\bodega-new-center\cache\mask_1\mask_21_1.dat): failed to open stream: No such file or directory in <b>C:\xampp\htdocs\bodega-new-center\qrmask.php</b> on line <b>155</b><br />
<br />
<b>Warning</b>:  mkdir(): No such file or directory in <b>C:\xampp\htdocs\bodega-new-center\qrmask.php</b> on line <b>154</b><br />
<br />
<b>Warning</b>:  file_put_contents(C:\xampp\htdocs\bodega-new-center\cache\mask_2\mask_21_2.dat): failed to open stream: No such file or directory in <b>C:\xampp\htdocs\bodega-new-center\qrmask.php</b> on line <b>155</b><br />
<br />
<b>Warning</b>:  mkdir(): No such file or directory in <b>C:\xampp\htdocs\bodega-new-center\qrmask.php</b> on line <b>154</b><br />
<br />
<b>Warning</b>:  file_put_contents(C:\xampp\htdocs\bodega-new-center\cache\mask_3\mask_21_3.dat): failed to open stream: No such file or directory in <b>C:\xampp\htdocs\bodega-new-center\qrmask.php</b> on line <b>155</b><br />
<br />
<b>Warning</b>:  mkdir(): No such file or directory in <b>C:\xampp\htdocs\bodega-new-center\qrmask.php</b> on line <b>154</b><br />
<br />
<b>Warning</b>:  file_put_contents(C:\xampp\htdocs\bodega-new-center\cache\mask_4\mask_21_4.dat): failed to open stream: No such file or directory in <b>C:\xampp\htdocs\bodega-new-center\qrmask.php</b> on line <b>155</b><br />
<br />
<b>Warning</b>:  mkdir(): No such file or directory in <b>C:\xampp\htdocs\bodega-new-center\qrmask.php</b> on line <b>154</b><br />
<br />
<b>Warning</b>:  file_put_contents(C:\xampp\htdocs\bodega-new-center\cache\mask_5\mask_21_5.dat): failed to open stream: No such file or directory in <b>C:\xampp\htdocs\bodega-new-center\qrmask.php</b> on line <b>155</b><br />
<br />
<b>Warning</b>:  mkdir(): No such file or directory in <b>C:\xampp\htdocs\bodega-new-center\qrmask.php</b> on line <b>154</b><br />
<br />
<b>Warning</b>:  file_put_contents(C:\xampp\htdocs\bodega-new-center\cache\mask_6\mask_21_6.dat): failed to open stream: No such file or directory in <b>C:\xampp\htdocs\bodega-new-center\qrmask.php</b> on line <b>155</b><br />
<br />
<b>Warning</b>:  mkdir(): No such file or directory in <b>C:\xampp\htdocs\bodega-new-center\qrmask.php</b> on line <b>154</b><br />
<br />
<b>Warning</b>:  file_put_contents(C:\xampp\htdocs\bodega-new-center\cache\mask_7\mask_21_7.dat): failed to open stream: No such file or directory in <b>C:\xampp\htdocs\bodega-new-center\qrmask.php</b> on line <b>155</b><br />
2023-04-10 23:49:20: <br />
<b>Warning</b>:  mkdir(): No such file or directory in <b>C:\xampp\htdocs\bodega-new-center\qrmask.php</b> on line <b>154</b><br />
<br />
<b>Warning</b>:  file_put_contents(C:\xampp\htdocs\bodega-new-center\cache\mask_0\mask_21_0.dat): failed to open stream: No such file or directory in <b>C:\xampp\htdocs\bodega-new-center\qrmask.php</b> on line <b>155</b><br />
<br />
<b>Warning</b>:  mkdir(): No such file or directory in <b>C:\xampp\htdocs\bodega-new-center\qrmask.php</b> on line <b>154</b><br />
<br />
<b>Warning</b>:  file_put_contents(C:\xampp\htdocs\bodega-new-center\cache\mask_1\mask_21_1.dat): failed to open stream: No such file or directory in <b>C:\xampp\htdocs\bodega-new-center\qrmask.php</b> on line <b>155</b><br />
<br />
<b>Warning</b>:  mkdir(): No such file or directory in <b>C:\xampp\htdocs\bodega-new-center\qrmask.php</b> on line <b>154</b><br />
<br />
<b>Warning</b>:  file_put_contents(C:\xampp\htdocs\bodega-new-center\cache\mask_2\mask_21_2.dat): failed to open stream: No such file or directory in <b>C:\xampp\htdocs\bodega-new-center\qrmask.php</b> on line <b>155</b><br />
<br />
<b>Warning</b>:  mkdir(): No such file or directory in <b>C:\xampp\htdocs\bodega-new-center\qrmask.php</b> on line <b>154</b><br />
<br />
<b>Warning</b>:  file_put_contents(C:\xampp\htdocs\bodega-new-center\cache\mask_3\mask_21_3.dat): failed to open stream: No such file or directory in <b>C:\xampp\htdocs\bodega-new-center\qrmask.php</b> on line <b>155</b><br />
<br />
<b>Warning</b>:  mkdir(): No such file or directory in <b>C:\xampp\htdocs\bodega-new-center\qrmask.php</b> on line <b>154</b><br />
<br />
<b>Warning</b>:  file_put_contents(C:\xampp\htdocs\bodega-new-center\cache\mask_4\mask_21_4.dat): failed to open stream: No such file or directory in <b>C:\xampp\htdocs\bodega-new-center\qrmask.php</b> on line <b>155</b><br />
<br />
<b>Warning</b>:  mkdir(): No such file or directory in <b>C:\xampp\htdocs\bodega-new-center\qrmask.php</b> on line <b>154</b><br />
<br />
<b>Warning</b>:  file_put_contents(C:\xampp\htdocs\bodega-new-center\cache\mask_5\mask_21_5.dat): failed to open stream: No such file or directory in <b>C:\xampp\htdocs\bodega-new-center\qrmask.php</b> on line <b>155</b><br />
<br />
<b>Warning</b>:  mkdir(): No such file or directory in <b>C:\xampp\htdocs\bodega-new-center\qrmask.php</b> on line <b>154</b><br />
<br />
<b>Warning</b>:  file_put_contents(C:\xampp\htdocs\bodega-new-center\cache\mask_6\mask_21_6.dat): failed to open stream: No such file or directory in <b>C:\xampp\htdocs\bodega-new-center\qrmask.php</b> on line <b>155</b><br />
<br />
<b>Warning</b>:  mkdir(): No such file or directory in <b>C:\xampp\htdocs\bodega-new-center\qrmask.php</b> on line <b>154</b><br />
<br />
<b>Warning</b>:  file_put_contents(C:\xampp\htdocs\bodega-new-center\cache\mask_7\mask_21_7.dat): failed to open stream: No such file or directory in <b>C:\xampp\htdocs\bodega-new-center\qrmask.php</b> on line <b>155</b><br />
2023-04-10 23:49:20: <br />
<b>Warning</b>:  mkdir(): No such file or directory in <b>C:\xampp\htdocs\bodega-new-center\qrmask.php</b> on line <b>154</b><br />
<br />
<b>Warning</b>:  file_put_contents(C:\xampp\htdocs\bodega-new-center\cache\mask_0\mask_21_0.dat): failed to open stream: No such file or directory in <b>C:\xampp\htdocs\bodega-new-center\qrmask.php</b> on line <b>155</b><br />
<br />
<b>Warning</b>:  mkdir(): No such file or directory in <b>C:\xampp\htdocs\bodega-new-center\qrmask.php</b> on line <b>154</b><br />
<br />
<b>Warning</b>:  file_put_contents(C:\xampp\htdocs\bodega-new-center\cache\mask_1\mask_21_1.dat): failed to open stream: No such file or directory in <b>C:\xampp\htdocs\bodega-new-center\qrmask.php</b> on line <b>155</b><br />
<br />
<b>Warning</b>:  mkdir(): No such file or directory in <b>C:\xampp\htdocs\bodega-new-center\qrmask.php</b> on line <b>154</b><br />
<br />
<b>Warning</b>:  file_put_contents(C:\xampp\htdocs\bodega-new-center\cache\mask_2\mask_21_2.dat): failed to open stream: No such file or directory in <b>C:\xampp\htdocs\bodega-new-center\qrmask.php</b> on line <b>155</b><br />
<br />
<b>Warning</b>:  mkdir(): No such file or directory in <b>C:\xampp\htdocs\bodega-new-center\qrmask.php</b> on line <b>154</b><br />
<br />
<b>Warning</b>:  file_put_contents(C:\xampp\htdocs\bodega-new-center\cache\mask_3\mask_21_3.dat): failed to open stream: No such file or directory in <b>C:\xampp\htdocs\bodega-new-center\qrmask.php</b> on line <b>155</b><br />
<br />
<b>Warning</b>:  mkdir(): No such file or directory in <b>C:\xampp\htdocs\bodega-new-center\qrmask.php</b> on line <b>154</b><br />
<br />
<b>Warning</b>:  file_put_contents(C:\xampp\htdocs\bodega-new-center\cache\mask_4\mask_21_4.dat): failed to open stream: No such file or directory in <b>C:\xampp\htdocs\bodega-new-center\qrmask.php</b> on line <b>155</b><br />
<br />
<b>Warning</b>:  mkdir(): No such file or directory in <b>C:\xampp\htdocs\bodega-new-center\qrmask.php</b> on line <b>154</b><br />
<br />
<b>Warning</b>:  file_put_contents(C:\xampp\htdocs\bodega-new-center\cache\mask_5\mask_21_5.dat): failed to open stream: No such file or directory in <b>C:\xampp\htdocs\bodega-new-center\qrmask.php</b> on line <b>155</b><br />
<br />
<b>Warning</b>:  mkdir(): No such file or directory in <b>C:\xampp\htdocs\bodega-new-center\qrmask.php</b> on line <b>154</b><br />
<br />
<b>Warning</b>:  file_put_contents(C:\xampp\htdocs\bodega-new-center\cache\mask_6\mask_21_6.dat): failed to open stream: No such file or directory in <b>C:\xampp\htdocs\bodega-new-center\qrmask.php</b> on line <b>155</b><br />
<br />
<b>Warning</b>:  mkdir(): No such file or directory in <b>C:\xampp\htdocs\bodega-new-center\qrmask.php</b> on line <b>154</b><br />
<br />
<b>Warning</b>:  file_put_contents(C:\xampp\htdocs\bodega-new-center\cache\mask_7\mask_21_7.dat): failed to open stream: No such file or directory in <b>C:\xampp\htdocs\bodega-new-center\qrmask.php</b> on line <b>155</b><br />
2023-04-10 23:49:20: <br />
<b>Warning</b>:  mkdir(): No such file or directory in <b>C:\xampp\htdocs\bodega-new-center\qrmask.php</b> on line <b>154</b><br />
<br />
<b>Warning</b>:  file_put_contents(C:\xampp\htdocs\bodega-new-center\cache\mask_0\mask_21_0.dat): failed to open stream: No such file or directory in <b>C:\xampp\htdocs\bodega-new-center\qrmask.php</b> on line <b>155</b><br />
<br />
<b>Warning</b>:  mkdir(): No such file or directory in <b>C:\xampp\htdocs\bodega-new-center\qrmask.php</b> on line <b>154</b><br />
<br />
<b>Warning</b>:  file_put_contents(C:\xampp\htdocs\bodega-new-center\cache\mask_1\mask_21_1.dat): failed to open stream: No such file or directory in <b>C:\xampp\htdocs\bodega-new-center\qrmask.php</b> on line <b>155</b><br />
<br />
<b>Warning</b>:  mkdir(): No such file or directory in <b>C:\xampp\htdocs\bodega-new-center\qrmask.php</b> on line <b>154</b><br />
<br />
<b>Warning</b>:  file_put_contents(C:\xampp\htdocs\bodega-new-center\cache\mask_2\mask_21_2.dat): failed to open stream: No such file or directory in <b>C:\xampp\htdocs\bodega-new-center\qrmask.php</b> on line <b>155</b><br />
<br />
<b>Warning</b>:  mkdir(): No such file or directory in <b>C:\xampp\htdocs\bodega-new-center\qrmask.php</b> on line <b>154</b><br />
<br />
<b>Warning</b>:  file_put_contents(C:\xampp\htdocs\bodega-new-center\cache\mask_3\mask_21_3.dat): failed to open stream: No such file or directory in <b>C:\xampp\htdocs\bodega-new-center\qrmask.php</b> on line <b>155</b><br />
<br />
<b>Warning</b>:  mkdir(): No such file or directory in <b>C:\xampp\htdocs\bodega-new-center\qrmask.php</b> on line <b>154</b><br />
<br />
<b>Warning</b>:  file_put_contents(C:\xampp\htdocs\bodega-new-center\cache\mask_4\mask_21_4.dat): failed to open stream: No such file or directory in <b>C:\xampp\htdocs\bodega-new-center\qrmask.php</b> on line <b>155</b><br />
<br />
<b>Warning</b>:  mkdir(): No such file or directory in <b>C:\xampp\htdocs\bodega-new-center\qrmask.php</b> on line <b>154</b><br />
<br />
<b>Warning</b>:  file_put_contents(C:\xampp\htdocs\bodega-new-center\cache\mask_5\mask_21_5.dat): failed to open stream: No such file or directory in <b>C:\xampp\htdocs\bodega-new-center\qrmask.php</b> on line <b>155</b><br />
<br />
<b>Warning</b>:  mkdir(): No such file or directory in <b>C:\xampp\htdocs\bodega-new-center\qrmask.php</b> on line <b>154</b><br />
<br />
<b>Warning</b>:  file_put_contents(C:\xampp\htdocs\bodega-new-center\cache\mask_6\mask_21_6.dat): failed to open stream: No such file or directory in <b>C:\xampp\htdocs\bodega-new-center\qrmask.php</b> on line <b>155</b><br />
<br />
<b>Warning</b>:  mkdir(): No such file or directory in <b>C:\xampp\htdocs\bodega-new-center\qrmask.php</b> on line <b>154</b><br />
<br />
<b>Warning</b>:  file_put_contents(C:\xampp\htdocs\bodega-new-center\cache\mask_7\mask_21_7.dat): failed to open stream: No such file or directory in <b>C:\xampp\htdocs\bodega-new-center\qrmask.php</b> on line <b>155</b><br />
2023-04-10 23:49:20: <br />
<b>Warning</b>:  mkdir(): No such file or directory in <b>C:\xampp\htdocs\bodega-new-center\qrmask.php</b> on line <b>154</b><br />
<br />
<b>Warning</b>:  file_put_contents(C:\xampp\htdocs\bodega-new-center\cache\mask_0\mask_21_0.dat): failed to open stream: No such file or directory in <b>C:\xampp\htdocs\bodega-new-center\qrmask.php</b> on line <b>155</b><br />
<br />
<b>Warning</b>:  mkdir(): No such file or directory in <b>C:\xampp\htdocs\bodega-new-center\qrmask.php</b> on line <b>154</b><br />
<br />
<b>Warning</b>:  file_put_contents(C:\xampp\htdocs\bodega-new-center\cache\mask_1\mask_21_1.dat): failed to open stream: No such file or directory in <b>C:\xampp\htdocs\bodega-new-center\qrmask.php</b> on line <b>155</b><br />
<br />
<b>Warning</b>:  mkdir(): No such file or directory in <b>C:\xampp\htdocs\bodega-new-center\qrmask.php</b> on line <b>154</b><br />
<br />
<b>Warning</b>:  file_put_contents(C:\xampp\htdocs\bodega-new-center\cache\mask_2\mask_21_2.dat): failed to open stream: No such file or directory in <b>C:\xampp\htdocs\bodega-new-center\qrmask.php</b> on line <b>155</b><br />
<br />
<b>Warning</b>:  mkdir(): No such file or directory in <b>C:\xampp\htdocs\bodega-new-center\qrmask.php</b> on line <b>154</b><br />
<br />
<b>Warning</b>:  file_put_contents(C:\xampp\htdocs\bodega-new-center\cache\mask_3\mask_21_3.dat): failed to open stream: No such file or directory in <b>C:\xampp\htdocs\bodega-new-center\qrmask.php</b> on line <b>155</b><br />
<br />
<b>Warning</b>:  mkdir(): No such file or directory in <b>C:\xampp\htdocs\bodega-new-center\qrmask.php</b> on line <b>154</b><br />
<br />
<b>Warning</b>:  file_put_contents(C:\xampp\htdocs\bodega-new-center\cache\mask_4\mask_21_4.dat): failed to open stream: No such file or directory in <b>C:\xampp\htdocs\bodega-new-center\qrmask.php</b> on line <b>155</b><br />
<br />
<b>Warning</b>:  mkdir(): No such file or directory in <b>C:\xampp\htdocs\bodega-new-center\qrmask.php</b> on line <b>154</b><br />
<br />
<b>Warning</b>:  file_put_contents(C:\xampp\htdocs\bodega-new-center\cache\mask_5\mask_21_5.dat): failed to open stream: No such file or directory in <b>C:\xampp\htdocs\bodega-new-center\qrmask.php</b> on line <b>155</b><br />
<br />
<b>Warning</b>:  mkdir(): No such file or directory in <b>C:\xampp\htdocs\bodega-new-center\qrmask.php</b> on line <b>154</b><br />
<br />
<b>Warning</b>:  file_put_contents(C:\xampp\htdocs\bodega-new-center\cache\mask_6\mask_21_6.dat): failed to open stream: No such file or directory in <b>C:\xampp\htdocs\bodega-new-center\qrmask.php</b> on line <b>155</b><br />
<br />
<b>Warning</b>:  mkdir(): No such file or directory in <b>C:\xampp\htdocs\bodega-new-center\qrmask.php</b> on line <b>154</b><br />
<br />
<b>Warning</b>:  file_put_contents(C:\xampp\htdocs\bodega-new-center\cache\mask_7\mask_21_7.dat): failed to open stream: No such file or directory in <b>C:\xampp\htdocs\bodega-new-center\qrmask.php</b> on line <b>155</b><br />
2023-04-10 23:49:20: <br />
<b>Warning</b>:  mkdir(): No such file or directory in <b>C:\xampp\htdocs\bodega-new-center\qrmask.php</b> on line <b>154</b><br />
<br />
<b>Warning</b>:  file_put_contents(C:\xampp\htdocs\bodega-new-center\cache\mask_0\mask_21_0.dat): failed to open stream: No such file or directory in <b>C:\xampp\htdocs\bodega-new-center\qrmask.php</b> on line <b>155</b><br />
<br />
<b>Warning</b>:  mkdir(): No such file or directory in <b>C:\xampp\htdocs\bodega-new-center\qrmask.php</b> on line <b>154</b><br />
<br />
<b>Warning</b>:  file_put_contents(C:\xampp\htdocs\bodega-new-center\cache\mask_1\mask_21_1.dat): failed to open stream: No such file or directory in <b>C:\xampp\htdocs\bodega-new-center\qrmask.php</b> on line <b>155</b><br />
<br />
<b>Warning</b>:  mkdir(): No such file or directory in <b>C:\xampp\htdocs\bodega-new-center\qrmask.php</b> on line <b>154</b><br />
<br />
<b>Warning</b>:  file_put_contents(C:\xampp\htdocs\bodega-new-center\cache\mask_2\mask_21_2.dat): failed to open stream: No such file or directory in <b>C:\xampp\htdocs\bodega-new-center\qrmask.php</b> on line <b>155</b><br />
<br />
<b>Warning</b>:  mkdir(): No such file or directory in <b>C:\xampp\htdocs\bodega-new-center\qrmask.php</b> on line <b>154</b><br />
<br />
<b>Warning</b>:  file_put_contents(C:\xampp\htdocs\bodega-new-center\cache\mask_3\mask_21_3.dat): failed to open stream: No such file or directory in <b>C:\xampp\htdocs\bodega-new-center\qrmask.php</b> on line <b>155</b><br />
<br />
<b>Warning</b>:  mkdir(): No such file or directory in <b>C:\xampp\htdocs\bodega-new-center\qrmask.php</b> on line <b>154</b><br />
<br />
<b>Warning</b>:  file_put_contents(C:\xampp\htdocs\bodega-new-center\cache\mask_4\mask_21_4.dat): failed to open stream: No such file or directory in <b>C:\xampp\htdocs\bodega-new-center\qrmask.php</b> on line <b>155</b><br />
<br />
<b>Warning</b>:  mkdir(): No such file or directory in <b>C:\xampp\htdocs\bodega-new-center\qrmask.php</b> on line <b>154</b><br />
<br />
<b>Warning</b>:  file_put_contents(C:\xampp\htdocs\bodega-new-center\cache\mask_5\mask_21_5.dat): failed to open stream: No such file or directory in <b>C:\xampp\htdocs\bodega-new-center\qrmask.php</b> on line <b>155</b><br />
<br />
<b>Warning</b>:  mkdir(): No such file or directory in <b>C:\xampp\htdocs\bodega-new-center\qrmask.php</b> on line <b>154</b><br />
<br />
<b>Warning</b>:  file_put_contents(C:\xampp\htdocs\bodega-new-center\cache\mask_6\mask_21_6.dat): failed to open stream: No such file or directory in <b>C:\xampp\htdocs\bodega-new-center\qrmask.php</b> on line <b>155</b><br />
<br />
<b>Warning</b>:  mkdir(): No such file or directory in <b>C:\xampp\htdocs\bodega-new-center\qrmask.php</b> on line <b>154</b><br />
<br />
<b>Warning</b>:  file_put_contents(C:\xampp\htdocs\bodega-new-center\cache\mask_7\mask_21_7.dat): failed to open stream: No such file or directory in <b>C:\xampp\htdocs\bodega-new-center\qrmask.php</b> on line <b>155</b><br />
2023-04-10 23:49:20: <br />
<b>Warning</b>:  mkdir(): No such file or directory in <b>C:\xampp\htdocs\bodega-new-center\qrmask.php</b> on line <b>154</b><br />
<br />
<b>Warning</b>:  file_put_contents(C:\xampp\htdocs\bodega-new-center\cache\mask_0\mask_21_0.dat): failed to open stream: No such file or directory in <b>C:\xampp\htdocs\bodega-new-center\qrmask.php</b> on line <b>155</b><br />
<br />
<b>Warning</b>:  mkdir(): No such file or directory in <b>C:\xampp\htdocs\bodega-new-center\qrmask.php</b> on line <b>154</b><br />
<br />
<b>Warning</b>:  file_put_contents(C:\xampp\htdocs\bodega-new-center\cache\mask_1\mask_21_1.dat): failed to open stream: No such file or directory in <b>C:\xampp\htdocs\bodega-new-center\qrmask.php</b> on line <b>155</b><br />
<br />
<b>Warning</b>:  mkdir(): No such file or directory in <b>C:\xampp\htdocs\bodega-new-center\qrmask.php</b> on line <b>154</b><br />
<br />
<b>Warning</b>:  file_put_contents(C:\xampp\htdocs\bodega-new-center\cache\mask_2\mask_21_2.dat): failed to open stream: No such file or directory in <b>C:\xampp\htdocs\bodega-new-center\qrmask.php</b> on line <b>155</b><br />
<br />
<b>Warning</b>:  mkdir(): No such file or directory in <b>C:\xampp\htdocs\bodega-new-center\qrmask.php</b> on line <b>154</b><br />
<br />
<b>Warning</b>:  file_put_contents(C:\xampp\htdocs\bodega-new-center\cache\mask_3\mask_21_3.dat): failed to open stream: No such file or directory in <b>C:\xampp\htdocs\bodega-new-center\qrmask.php</b> on line <b>155</b><br />
<br />
<b>Warning</b>:  mkdir(): No such file or directory in <b>C:\xampp\htdocs\bodega-new-center\qrmask.php</b> on line <b>154</b><br />
<br />
<b>Warning</b>:  file_put_contents(C:\xampp\htdocs\bodega-new-center\cache\mask_4\mask_21_4.dat): failed to open stream: No such file or directory in <b>C:\xampp\htdocs\bodega-new-center\qrmask.php</b> on line <b>155</b><br />
<br />
<b>Warning</b>:  mkdir(): No such file or directory in <b>C:\xampp\htdocs\bodega-new-center\qrmask.php</b> on line <b>154</b><br />
<br />
<b>Warning</b>:  file_put_contents(C:\xampp\htdocs\bodega-new-center\cache\mask_5\mask_21_5.dat): failed to open stream: No such file or directory in <b>C:\xampp\htdocs\bodega-new-center\qrmask.php</b> on line <b>155</b><br />
<br />
<b>Warning</b>:  mkdir(): No such file or directory in <b>C:\xampp\htdocs\bodega-new-center\qrmask.php</b> on line <b>154</b><br />
<br />
<b>Warning</b>:  file_put_contents(C:\xampp\htdocs\bodega-new-center\cache\mask_6\mask_21_6.dat): failed to open stream: No such file or directory in <b>C:\xampp\htdocs\bodega-new-center\qrmask.php</b> on line <b>155</b><br />
<br />
<b>Warning</b>:  mkdir(): No such file or directory in <b>C:\xampp\htdocs\bodega-new-center\qrmask.php</b> on line <b>154</b><br />
<br />
<b>Warning</b>:  file_put_contents(C:\xampp\htdocs\bodega-new-center\cache\mask_7\mask_21_7.dat): failed to open stream: No such file or directory in <b>C:\xampp\htdocs\bodega-new-center\qrmask.php</b> on line <b>155</b><br />
2023-04-10 23:49:20: <br />
<b>Warning</b>:  mkdir(): No such file or directory in <b>C:\xampp\htdocs\bodega-new-center\qrmask.php</b> on line <b>154</b><br />
<br />
<b>Warning</b>:  file_put_contents(C:\xampp\htdocs\bodega-new-center\cache\mask_0\mask_21_0.dat): failed to open stream: No such file or directory in <b>C:\xampp\htdocs\bodega-new-center\qrmask.php</b> on line <b>155</b><br />
<br />
<b>Warning</b>:  mkdir(): No such file or directory in <b>C:\xampp\htdocs\bodega-new-center\qrmask.php</b> on line <b>154</b><br />
<br />
<b>Warning</b>:  file_put_contents(C:\xampp\htdocs\bodega-new-center\cache\mask_1\mask_21_1.dat): failed to open stream: No such file or directory in <b>C:\xampp\htdocs\bodega-new-center\qrmask.php</b> on line <b>155</b><br />
<br />
<b>Warning</b>:  mkdir(): No such file or directory in <b>C:\xampp\htdocs\bodega-new-center\qrmask.php</b> on line <b>154</b><br />
<br />
<b>Warning</b>:  file_put_contents(C:\xampp\htdocs\bodega-new-center\cache\mask_2\mask_21_2.dat): failed to open stream: No such file or directory in <b>C:\xampp\htdocs\bodega-new-center\qrmask.php</b> on line <b>155</b><br />
<br />
<b>Warning</b>:  mkdir(): No such file or directory in <b>C:\xampp\htdocs\bodega-new-center\qrmask.php</b> on line <b>154</b><br />
<br />
<b>Warning</b>:  file_put_contents(C:\xampp\htdocs\bodega-new-center\cache\mask_3\mask_21_3.dat): failed to open stream: No such file or directory in <b>C:\xampp\htdocs\bodega-new-center\qrmask.php</b> on line <b>155</b><br />
<br />
<b>Warning</b>:  mkdir(): No such file or directory in <b>C:\xampp\htdocs\bodega-new-center\qrmask.php</b> on line <b>154</b><br />
<br />
<b>Warning</b>:  file_put_contents(C:\xampp\htdocs\bodega-new-center\cache\mask_4\mask_21_4.dat): failed to open stream: No such file or directory in <b>C:\xampp\htdocs\bodega-new-center\qrmask.php</b> on line <b>155</b><br />
<br />
<b>Warning</b>:  mkdir(): No such file or directory in <b>C:\xampp\htdocs\bodega-new-center\qrmask.php</b> on line <b>154</b><br />
<br />
<b>Warning</b>:  file_put_contents(C:\xampp\htdocs\bodega-new-center\cache\mask_5\mask_21_5.dat): failed to open stream: No such file or directory in <b>C:\xampp\htdocs\bodega-new-center\qrmask.php</b> on line <b>155</b><br />
<br />
<b>Warning</b>:  mkdir(): No such file or directory in <b>C:\xampp\htdocs\bodega-new-center\qrmask.php</b> on line <b>154</b><br />
<br />
<b>Warning</b>:  file_put_contents(C:\xampp\htdocs\bodega-new-center\cache\mask_6\mask_21_6.dat): failed to open stream: No such file or directory in <b>C:\xampp\htdocs\bodega-new-center\qrmask.php</b> on line <b>155</b><br />
<br />
<b>Warning</b>:  mkdir(): No such file or directory in <b>C:\xampp\htdocs\bodega-new-center\qrmask.php</b> on line <b>154</b><br />
<br />
<b>Warning</b>:  file_put_contents(C:\xampp\htdocs\bodega-new-center\cache\mask_7\mask_21_7.dat): failed to open stream: No such file or directory in <b>C:\xampp\htdocs\bodega-new-center\qrmask.php</b> on line <b>155</b><br />
2023-04-10 23:49:20: <br />
<b>Warning</b>:  mkdir(): No such file or directory in <b>C:\xampp\htdocs\bodega-new-center\qrmask.php</b> on line <b>154</b><br />
<br />
<b>Warning</b>:  file_put_contents(C:\xampp\htdocs\bodega-new-center\cache\mask_0\mask_21_0.dat): failed to open stream: No such file or directory in <b>C:\xampp\htdocs\bodega-new-center\qrmask.php</b> on line <b>155</b><br />
<br />
<b>Warning</b>:  mkdir(): No such file or directory in <b>C:\xampp\htdocs\bodega-new-center\qrmask.php</b> on line <b>154</b><br />
<br />
<b>Warning</b>:  file_put_contents(C:\xampp\htdocs\bodega-new-center\cache\mask_1\mask_21_1.dat): failed to open stream: No such file or directory in <b>C:\xampp\htdocs\bodega-new-center\qrmask.php</b> on line <b>155</b><br />
<br />
<b>Warning</b>:  mkdir(): No such file or directory in <b>C:\xampp\htdocs\bodega-new-center\qrmask.php</b> on line <b>154</b><br />
<br />
<b>Warning</b>:  file_put_contents(C:\xampp\htdocs\bodega-new-center\cache\mask_2\mask_21_2.dat): failed to open stream: No such file or directory in <b>C:\xampp\htdocs\bodega-new-center\qrmask.php</b> on line <b>155</b><br />
<br />
<b>Warning</b>:  mkdir(): No such file or directory in <b>C:\xampp\htdocs\bodega-new-center\qrmask.php</b> on line <b>154</b><br />
<br />
<b>Warning</b>:  file_put_contents(C:\xampp\htdocs\bodega-new-center\cache\mask_3\mask_21_3.dat): failed to open stream: No such file or directory in <b>C:\xampp\htdocs\bodega-new-center\qrmask.php</b> on line <b>155</b><br />
<br />
<b>Warning</b>:  mkdir(): No such file or directory in <b>C:\xampp\htdocs\bodega-new-center\qrmask.php</b> on line <b>154</b><br />
<br />
<b>Warning</b>:  file_put_contents(C:\xampp\htdocs\bodega-new-center\cache\mask_4\mask_21_4.dat): failed to open stream: No such file or directory in <b>C:\xampp\htdocs\bodega-new-center\qrmask.php</b> on line <b>155</b><br />
<br />
<b>Warning</b>:  mkdir(): No such file or directory in <b>C:\xampp\htdocs\bodega-new-center\qrmask.php</b> on line <b>154</b><br />
<br />
<b>Warning</b>:  file_put_contents(C:\xampp\htdocs\bodega-new-center\cache\mask_5\mask_21_5.dat): failed to open stream: No such file or directory in <b>C:\xampp\htdocs\bodega-new-center\qrmask.php</b> on line <b>155</b><br />
<br />
<b>Warning</b>:  mkdir(): No such file or directory in <b>C:\xampp\htdocs\bodega-new-center\qrmask.php</b> on line <b>154</b><br />
<br />
<b>Warning</b>:  file_put_contents(C:\xampp\htdocs\bodega-new-center\cache\mask_6\mask_21_6.dat): failed to open stream: No such file or directory in <b>C:\xampp\htdocs\bodega-new-center\qrmask.php</b> on line <b>155</b><br />
<br />
<b>Warning</b>:  mkdir(): No such file or directory in <b>C:\xampp\htdocs\bodega-new-center\qrmask.php</b> on line <b>154</b><br />
<br />
<b>Warning</b>:  file_put_contents(C:\xampp\htdocs\bodega-new-center\cache\mask_7\mask_21_7.dat): failed to open stream: No such file or directory in <b>C:\xampp\htdocs\bodega-new-center\qrmask.php</b> on line <b>155</b><br />
2023-04-10 23:49:20: <br />
<b>Warning</b>:  mkdir(): No such file or directory in <b>C:\xampp\htdocs\bodega-new-center\qrmask.php</b> on line <b>154</b><br />
<br />
<b>Warning</b>:  file_put_contents(C:\xampp\htdocs\bodega-new-center\cache\mask_0\mask_21_0.dat): failed to open stream: No such file or directory in <b>C:\xampp\htdocs\bodega-new-center\qrmask.php</b> on line <b>155</b><br />
<br />
<b>Warning</b>:  mkdir(): No such file or directory in <b>C:\xampp\htdocs\bodega-new-center\qrmask.php</b> on line <b>154</b><br />
<br />
<b>Warning</b>:  file_put_contents(C:\xampp\htdocs\bodega-new-center\cache\mask_1\mask_21_1.dat): failed to open stream: No such file or directory in <b>C:\xampp\htdocs\bodega-new-center\qrmask.php</b> on line <b>155</b><br />
<br />
<b>Warning</b>:  mkdir(): No such file or directory in <b>C:\xampp\htdocs\bodega-new-center\qrmask.php</b> on line <b>154</b><br />
<br />
<b>Warning</b>:  file_put_contents(C:\xampp\htdocs\bodega-new-center\cache\mask_2\mask_21_2.dat): failed to open stream: No such file or directory in <b>C:\xampp\htdocs\bodega-new-center\qrmask.php</b> on line <b>155</b><br />
<br />
<b>Warning</b>:  mkdir(): No such file or directory in <b>C:\xampp\htdocs\bodega-new-center\qrmask.php</b> on line <b>154</b><br />
<br />
<b>Warning</b>:  file_put_contents(C:\xampp\htdocs\bodega-new-center\cache\mask_3\mask_21_3.dat): failed to open stream: No such file or directory in <b>C:\xampp\htdocs\bodega-new-center\qrmask.php</b> on line <b>155</b><br />
<br />
<b>Warning</b>:  mkdir(): No such file or directory in <b>C:\xampp\htdocs\bodega-new-center\qrmask.php</b> on line <b>154</b><br />
<br />
<b>Warning</b>:  file_put_contents(C:\xampp\htdocs\bodega-new-center\cache\mask_4\mask_21_4.dat): failed to open stream: No such file or directory in <b>C:\xampp\htdocs\bodega-new-center\qrmask.php</b> on line <b>155</b><br />
<br />
<b>Warning</b>:  mkdir(): No such file or directory in <b>C:\xampp\htdocs\bodega-new-center\qrmask.php</b> on line <b>154</b><br />
<br />
<b>Warning</b>:  file_put_contents(C:\xampp\htdocs\bodega-new-center\cache\mask_5\mask_21_5.dat): failed to open stream: No such file or directory in <b>C:\xampp\htdocs\bodega-new-center\qrmask.php</b> on line <b>155</b><br />
<br />
<b>Warning</b>:  mkdir(): No such file or directory in <b>C:\xampp\htdocs\bodega-new-center\qrmask.php</b> on line <b>154</b><br />
<br />
<b>Warning</b>:  file_put_contents(C:\xampp\htdocs\bodega-new-center\cache\mask_6\mask_21_6.dat): failed to open stream: No such file or directory in <b>C:\xampp\htdocs\bodega-new-center\qrmask.php</b> on line <b>155</b><br />
<br />
<b>Warning</b>:  mkdir(): No such file or directory in <b>C:\xampp\htdocs\bodega-new-center\qrmask.php</b> on line <b>154</b><br />
<br />
<b>Warning</b>:  file_put_contents(C:\xampp\htdocs\bodega-new-center\cache\mask_7\mask_21_7.dat): failed to open stream: No such file or directory in <b>C:\xampp\htdocs\bodega-new-center\qrmask.php</b> on line <b>155</b><br />
2023-04-10 23:49:20: <br />
<b>Warning</b>:  mkdir(): No such file or directory in <b>C:\xampp\htdocs\bodega-new-center\qrmask.php</b> on line <b>154</b><br />
<br />
<b>Warning</b>:  file_put_contents(C:\xampp\htdocs\bodega-new-center\cache\mask_0\mask_21_0.dat): failed to open stream: No such file or directory in <b>C:\xampp\htdocs\bodega-new-center\qrmask.php</b> on line <b>155</b><br />
<br />
<b>Warning</b>:  mkdir(): No such file or directory in <b>C:\xampp\htdocs\bodega-new-center\qrmask.php</b> on line <b>154</b><br />
<br />
<b>Warning</b>:  file_put_contents(C:\xampp\htdocs\bodega-new-center\cache\mask_1\mask_21_1.dat): failed to open stream: No such file or directory in <b>C:\xampp\htdocs\bodega-new-center\qrmask.php</b> on line <b>155</b><br />
<br />
<b>Warning</b>:  mkdir(): No such file or directory in <b>C:\xampp\htdocs\bodega-new-center\qrmask.php</b> on line <b>154</b><br />
<br />
<b>Warning</b>:  file_put_contents(C:\xampp\htdocs\bodega-new-center\cache\mask_2\mask_21_2.dat): failed to open stream: No such file or directory in <b>C:\xampp\htdocs\bodega-new-center\qrmask.php</b> on line <b>155</b><br />
<br />
<b>Warning</b>:  mkdir(): No such file or directory in <b>C:\xampp\htdocs\bodega-new-center\qrmask.php</b> on line <b>154</b><br />
<br />
<b>Warning</b>:  file_put_contents(C:\xampp\htdocs\bodega-new-center\cache\mask_3\mask_21_3.dat): failed to open stream: No such file or directory in <b>C:\xampp\htdocs\bodega-new-center\qrmask.php</b> on line <b>155</b><br />
<br />
<b>Warning</b>:  mkdir(): No such file or directory in <b>C:\xampp\htdocs\bodega-new-center\qrmask.php</b> on line <b>154</b><br />
<br />
<b>Warning</b>:  file_put_contents(C:\xampp\htdocs\bodega-new-center\cache\mask_4\mask_21_4.dat): failed to open stream: No such file or directory in <b>C:\xampp\htdocs\bodega-new-center\qrmask.php</b> on line <b>155</b><br />
<br />
<b>Warning</b>:  mkdir(): No such file or directory in <b>C:\xampp\htdocs\bodega-new-center\qrmask.php</b> on line <b>154</b><br />
<br />
<b>Warning</b>:  file_put_contents(C:\xampp\htdocs\bodega-new-center\cache\mask_5\mask_21_5.dat): failed to open stream: No such file or directory in <b>C:\xampp\htdocs\bodega-new-center\qrmask.php</b> on line <b>155</b><br />
<br />
<b>Warning</b>:  mkdir(): No such file or directory in <b>C:\xampp\htdocs\bodega-new-center\qrmask.php</b> on line <b>154</b><br />
<br />
<b>Warning</b>:  file_put_contents(C:\xampp\htdocs\bodega-new-center\cache\mask_6\mask_21_6.dat): failed to open stream: No such file or directory in <b>C:\xampp\htdocs\bodega-new-center\qrmask.php</b> on line <b>155</b><br />
<br />
<b>Warning</b>:  mkdir(): No such file or directory in <b>C:\xampp\htdocs\bodega-new-center\qrmask.php</b> on line <b>154</b><br />
<br />
<b>Warning</b>:  file_put_contents(C:\xampp\htdocs\bodega-new-center\cache\mask_7\mask_21_7.dat): failed to open stream: No such file or directory in <b>C:\xampp\htdocs\bodega-new-center\qrmask.php</b> on line <b>155</b><br />
2023-04-10 23:49:23: <br />
<b>Warning</b>:  file_put_contents(C:\xampp\htdocs\bodega-new-center\cache\frame_1.dat): failed to open stream: No such file or directory in <b>C:\xampp\htdocs\bodega-new-center\qrspec.php</b> on line <b>568</b><br />
<br />
<b>Warning</b>:  mkdir(): No such file or directory in <b>C:\xampp\htdocs\bodega-new-center\qrmask.php</b> on line <b>154</b><br />
<br />
<b>Warning</b>:  file_put_contents(C:\xampp\htdocs\bodega-new-center\cache\mask_0\mask_21_0.dat): failed to open stream: No such file or directory in <b>C:\xampp\htdocs\bodega-new-center\qrmask.php</b> on line <b>155</b><br />
<br />
<b>Warning</b>:  mkdir(): No such file or directory in <b>C:\xampp\htdocs\bodega-new-center\qrmask.php</b> on line <b>154</b><br />
<br />
<b>Warning</b>:  file_put_contents(C:\xampp\htdocs\bodega-new-center\cache\mask_1\mask_21_1.dat): failed to open stream: No such file or directory in <b>C:\xampp\htdocs\bodega-new-center\qrmask.php</b> on line <b>155</b><br />
<br />
<b>Warning</b>:  mkdir(): No such file or directory in <b>C:\xampp\htdocs\bodega-new-center\qrmask.php</b> on line <b>154</b><br />
<br />
<b>Warning</b>:  file_put_contents(C:\xampp\htdocs\bodega-new-center\cache\mask_2\mask_21_2.dat): failed to open stream: No such file or directory in <b>C:\xampp\htdocs\bodega-new-center\qrmask.php</b> on line <b>155</b><br />
<br />
<b>Warning</b>:  mkdir(): No such file or directory in <b>C:\xampp\htdocs\bodega-new-center\qrmask.php</b> on line <b>154</b><br />
<br />
<b>Warning</b>:  file_put_contents(C:\xampp\htdocs\bodega-new-center\cache\mask_3\mask_21_3.dat): failed to open stream: No such file or directory in <b>C:\xampp\htdocs\bodega-new-center\qrmask.php</b> on line <b>155</b><br />
<br />
<b>Warning</b>:  mkdir(): No such file or directory in <b>C:\xampp\htdocs\bodega-new-center\qrmask.php</b> on line <b>154</b><br />
<br />
<b>Warning</b>:  file_put_contents(C:\xampp\htdocs\bodega-new-center\cache\mask_4\mask_21_4.dat): failed to open stream: No such file or directory in <b>C:\xampp\htdocs\bodega-new-center\qrmask.php</b> on line <b>155</b><br />
<br />
<b>Warning</b>:  mkdir(): No such file or directory in <b>C:\xampp\htdocs\bodega-new-center\qrmask.php</b> on line <b>154</b><br />
<br />
<b>Warning</b>:  file_put_contents(C:\xampp\htdocs\bodega-new-center\cache\mask_5\mask_21_5.dat): failed to open stream: No such file or directory in <b>C:\xampp\htdocs\bodega-new-center\qrmask.php</b> on line <b>155</b><br />
<br />
<b>Warning</b>:  mkdir(): No such file or directory in <b>C:\xampp\htdocs\bodega-new-center\qrmask.php</b> on line <b>154</b><br />
<br />
<b>Warning</b>:  file_put_contents(C:\xampp\htdocs\bodega-new-center\cache\mask_6\mask_21_6.dat): failed to open stream: No such file or directory in <b>C:\xampp\htdocs\bodega-new-center\qrmask.php</b> on line <b>155</b><br />
<br />
<b>Warning</b>:  mkdir(): No such file or directory in <b>C:\xampp\htdocs\bodega-new-center\qrmask.php</b> on line <b>154</b><br />
<br />
<b>Warning</b>:  file_put_contents(C:\xampp\htdocs\bodega-new-center\cache\mask_7\mask_21_7.dat): failed to open stream: No such file or directory in <b>C:\xampp\htdocs\bodega-new-center\qrmask.php</b> on line <b>155</b><br />
2023-04-10 23:49:23: <br />
<b>Warning</b>:  mkdir(): No such file or directory in <b>C:\xampp\htdocs\bodega-new-center\qrmask.php</b> on line <b>154</b><br />
<br />
<b>Warning</b>:  file_put_contents(C:\xampp\htdocs\bodega-new-center\cache\mask_0\mask_21_0.dat): failed to open stream: No such file or directory in <b>C:\xampp\htdocs\bodega-new-center\qrmask.php</b> on line <b>155</b><br />
<br />
<b>Warning</b>:  mkdir(): No such file or directory in <b>C:\xampp\htdocs\bodega-new-center\qrmask.php</b> on line <b>154</b><br />
<br />
<b>Warning</b>:  file_put_contents(C:\xampp\htdocs\bodega-new-center\cache\mask_1\mask_21_1.dat): failed to open stream: No such file or directory in <b>C:\xampp\htdocs\bodega-new-center\qrmask.php</b> on line <b>155</b><br />
<br />
<b>Warning</b>:  mkdir(): No such file or directory in <b>C:\xampp\htdocs\bodega-new-center\qrmask.php</b> on line <b>154</b><br />
<br />
<b>Warning</b>:  file_put_contents(C:\xampp\htdocs\bodega-new-center\cache\mask_2\mask_21_2.dat): failed to open stream: No such file or directory in <b>C:\xampp\htdocs\bodega-new-center\qrmask.php</b> on line <b>155</b><br />
<br />
<b>Warning</b>:  mkdir(): No such file or directory in <b>C:\xampp\htdocs\bodega-new-center\qrmask.php</b> on line <b>154</b><br />
<br />
<b>Warning</b>:  file_put_contents(C:\xampp\htdocs\bodega-new-center\cache\mask_3\mask_21_3.dat): failed to open stream: No such file or directory in <b>C:\xampp\htdocs\bodega-new-center\qrmask.php</b> on line <b>155</b><br />
<br />
<b>Warning</b>:  mkdir(): No such file or directory in <b>C:\xampp\htdocs\bodega-new-center\qrmask.php</b> on line <b>154</b><br />
<br />
<b>Warning</b>:  file_put_contents(C:\xampp\htdocs\bodega-new-center\cache\mask_4\mask_21_4.dat): failed to open stream: No such file or directory in <b>C:\xampp\htdocs\bodega-new-center\qrmask.php</b> on line <b>155</b><br />
<br />
<b>Warning</b>:  mkdir(): No such file or directory in <b>C:\xampp\htdocs\bodega-new-center\qrmask.php</b> on line <b>154</b><br />
<br />
<b>Warning</b>:  file_put_contents(C:\xampp\htdocs\bodega-new-center\cache\mask_5\mask_21_5.dat): failed to open stream: No such file or directory in <b>C:\xampp\htdocs\bodega-new-center\qrmask.php</b> on line <b>155</b><br />
<br />
<b>Warning</b>:  mkdir(): No such file or directory in <b>C:\xampp\htdocs\bodega-new-center\qrmask.php</b> on line <b>154</b><br />
<br />
<b>Warning</b>:  file_put_contents(C:\xampp\htdocs\bodega-new-center\cache\mask_6\mask_21_6.dat): failed to open stream: No such file or directory in <b>C:\xampp\htdocs\bodega-new-center\qrmask.php</b> on line <b>155</b><br />
<br />
<b>Warning</b>:  mkdir(): No such file or directory in <b>C:\xampp\htdocs\bodega-new-center\qrmask.php</b> on line <b>154</b><br />
<br />
<b>Warning</b>:  file_put_contents(C:\xampp\htdocs\bodega-new-center\cache\mask_7\mask_21_7.dat): failed to open stream: No such file or directory in <b>C:\xampp\htdocs\bodega-new-center\qrmask.php</b> on line <b>155</b><br />
2023-04-10 23:49:23: <br />
<b>Warning</b>:  mkdir(): No such file or directory in <b>C:\xampp\htdocs\bodega-new-center\qrmask.php</b> on line <b>154</b><br />
<br />
<b>Warning</b>:  file_put_contents(C:\xampp\htdocs\bodega-new-center\cache\mask_0\mask_21_0.dat): failed to open stream: No such file or directory in <b>C:\xampp\htdocs\bodega-new-center\qrmask.php</b> on line <b>155</b><br />
<br />
<b>Warning</b>:  mkdir(): No such file or directory in <b>C:\xampp\htdocs\bodega-new-center\qrmask.php</b> on line <b>154</b><br />
<br />
<b>Warning</b>:  file_put_contents(C:\xampp\htdocs\bodega-new-center\cache\mask_1\mask_21_1.dat): failed to open stream: No such file or directory in <b>C:\xampp\htdocs\bodega-new-center\qrmask.php</b> on line <b>155</b><br />
<br />
<b>Warning</b>:  mkdir(): No such file or directory in <b>C:\xampp\htdocs\bodega-new-center\qrmask.php</b> on line <b>154</b><br />
<br />
<b>Warning</b>:  file_put_contents(C:\xampp\htdocs\bodega-new-center\cache\mask_2\mask_21_2.dat): failed to open stream: No such file or directory in <b>C:\xampp\htdocs\bodega-new-center\qrmask.php</b> on line <b>155</b><br />
<br />
<b>Warning</b>:  mkdir(): No such file or directory in <b>C:\xampp\htdocs\bodega-new-center\qrmask.php</b> on line <b>154</b><br />
<br />
<b>Warning</b>:  file_put_contents(C:\xampp\htdocs\bodega-new-center\cache\mask_3\mask_21_3.dat): failed to open stream: No such file or directory in <b>C:\xampp\htdocs\bodega-new-center\qrmask.php</b> on line <b>155</b><br />
<br />
<b>Warning</b>:  mkdir(): No such file or directory in <b>C:\xampp\htdocs\bodega-new-center\qrmask.php</b> on line <b>154</b><br />
<br />
<b>Warning</b>:  file_put_contents(C:\xampp\htdocs\bodega-new-center\cache\mask_4\mask_21_4.dat): failed to open stream: No such file or directory in <b>C:\xampp\htdocs\bodega-new-center\qrmask.php</b> on line <b>155</b><br />
<br />
<b>Warning</b>:  mkdir(): No such file or directory in <b>C:\xampp\htdocs\bodega-new-center\qrmask.php</b> on line <b>154</b><br />
<br />
<b>Warning</b>:  file_put_contents(C:\xampp\htdocs\bodega-new-center\cache\mask_5\mask_21_5.dat): failed to open stream: No such file or directory in <b>C:\xampp\htdocs\bodega-new-center\qrmask.php</b> on line <b>155</b><br />
<br />
<b>Warning</b>:  mkdir(): No such file or directory in <b>C:\xampp\htdocs\bodega-new-center\qrmask.php</b> on line <b>154</b><br />
<br />
<b>Warning</b>:  file_put_contents(C:\xampp\htdocs\bodega-new-center\cache\mask_6\mask_21_6.dat): failed to open stream: No such file or directory in <b>C:\xampp\htdocs\bodega-new-center\qrmask.php</b> on line <b>155</b><br />
<br />
<b>Warning</b>:  mkdir(): No such file or directory in <b>C:\xampp\htdocs\bodega-new-center\qrmask.php</b> on line <b>154</b><br />
<br />
<b>Warning</b>:  file_put_contents(C:\xampp\htdocs\bodega-new-center\cache\mask_7\mask_21_7.dat): failed to open stream: No such file or directory in <b>C:\xampp\htdocs\bodega-new-center\qrmask.php</b> on line <b>155</b><br />
2023-04-10 23:49:23: <br />
<b>Warning</b>:  mkdir(): No such file or directory in <b>C:\xampp\htdocs\bodega-new-center\qrmask.php</b> on line <b>154</b><br />
<br />
<b>Warning</b>:  file_put_contents(C:\xampp\htdocs\bodega-new-center\cache\mask_0\mask_21_0.dat): failed to open stream: No such file or directory in <b>C:\xampp\htdocs\bodega-new-center\qrmask.php</b> on line <b>155</b><br />
<br />
<b>Warning</b>:  mkdir(): No such file or directory in <b>C:\xampp\htdocs\bodega-new-center\qrmask.php</b> on line <b>154</b><br />
<br />
<b>Warning</b>:  file_put_contents(C:\xampp\htdocs\bodega-new-center\cache\mask_1\mask_21_1.dat): failed to open stream: No such file or directory in <b>C:\xampp\htdocs\bodega-new-center\qrmask.php</b> on line <b>155</b><br />
<br />
<b>Warning</b>:  mkdir(): No such file or directory in <b>C:\xampp\htdocs\bodega-new-center\qrmask.php</b> on line <b>154</b><br />
<br />
<b>Warning</b>:  file_put_contents(C:\xampp\htdocs\bodega-new-center\cache\mask_2\mask_21_2.dat): failed to open stream: No such file or directory in <b>C:\xampp\htdocs\bodega-new-center\qrmask.php</b> on line <b>155</b><br />
<br />
<b>Warning</b>:  mkdir(): No such file or directory in <b>C:\xampp\htdocs\bodega-new-center\qrmask.php</b> on line <b>154</b><br />
<br />
<b>Warning</b>:  file_put_contents(C:\xampp\htdocs\bodega-new-center\cache\mask_3\mask_21_3.dat): failed to open stream: No such file or directory in <b>C:\xampp\htdocs\bodega-new-center\qrmask.php</b> on line <b>155</b><br />
<br />
<b>Warning</b>:  mkdir(): No such file or directory in <b>C:\xampp\htdocs\bodega-new-center\qrmask.php</b> on line <b>154</b><br />
<br />
<b>Warning</b>:  file_put_contents(C:\xampp\htdocs\bodega-new-center\cache\mask_4\mask_21_4.dat): failed to open stream: No such file or directory in <b>C:\xampp\htdocs\bodega-new-center\qrmask.php</b> on line <b>155</b><br />
<br />
<b>Warning</b>:  mkdir(): No such file or directory in <b>C:\xampp\htdocs\bodega-new-center\qrmask.php</b> on line <b>154</b><br />
<br />
<b>Warning</b>:  file_put_contents(C:\xampp\htdocs\bodega-new-center\cache\mask_5\mask_21_5.dat): failed to open stream: No such file or directory in <b>C:\xampp\htdocs\bodega-new-center\qrmask.php</b> on line <b>155</b><br />
<br />
<b>Warning</b>:  mkdir(): No such file or directory in <b>C:\xampp\htdocs\bodega-new-center\qrmask.php</b> on line <b>154</b><br />
<br />
<b>Warning</b>:  file_put_contents(C:\xampp\htdocs\bodega-new-center\cache\mask_6\mask_21_6.dat): failed to open stream: No such file or directory in <b>C:\xampp\htdocs\bodega-new-center\qrmask.php</b> on line <b>155</b><br />
<br />
<b>Warning</b>:  mkdir(): No such file or directory in <b>C:\xampp\htdocs\bodega-new-center\qrmask.php</b> on line <b>154</b><br />
<br />
<b>Warning</b>:  file_put_contents(C:\xampp\htdocs\bodega-new-center\cache\mask_7\mask_21_7.dat): failed to open stream: No such file or directory in <b>C:\xampp\htdocs\bodega-new-center\qrmask.php</b> on line <b>155</b><br />
2023-04-10 23:49:23: <br />
<b>Warning</b>:  mkdir(): No such file or directory in <b>C:\xampp\htdocs\bodega-new-center\qrmask.php</b> on line <b>154</b><br />
<br />
<b>Warning</b>:  file_put_contents(C:\xampp\htdocs\bodega-new-center\cache\mask_0\mask_21_0.dat): failed to open stream: No such file or directory in <b>C:\xampp\htdocs\bodega-new-center\qrmask.php</b> on line <b>155</b><br />
<br />
<b>Warning</b>:  mkdir(): No such file or directory in <b>C:\xampp\htdocs\bodega-new-center\qrmask.php</b> on line <b>154</b><br />
<br />
<b>Warning</b>:  file_put_contents(C:\xampp\htdocs\bodega-new-center\cache\mask_1\mask_21_1.dat): failed to open stream: No such file or directory in <b>C:\xampp\htdocs\bodega-new-center\qrmask.php</b> on line <b>155</b><br />
<br />
<b>Warning</b>:  mkdir(): No such file or directory in <b>C:\xampp\htdocs\bodega-new-center\qrmask.php</b> on line <b>154</b><br />
<br />
<b>Warning</b>:  file_put_contents(C:\xampp\htdocs\bodega-new-center\cache\mask_2\mask_21_2.dat): failed to open stream: No such file or directory in <b>C:\xampp\htdocs\bodega-new-center\qrmask.php</b> on line <b>155</b><br />
<br />
<b>Warning</b>:  mkdir(): No such file or directory in <b>C:\xampp\htdocs\bodega-new-center\qrmask.php</b> on line <b>154</b><br />
<br />
<b>Warning</b>:  file_put_contents(C:\xampp\htdocs\bodega-new-center\cache\mask_3\mask_21_3.dat): failed to open stream: No such file or directory in <b>C:\xampp\htdocs\bodega-new-center\qrmask.php</b> on line <b>155</b><br />
<br />
<b>Warning</b>:  mkdir(): No such file or directory in <b>C:\xampp\htdocs\bodega-new-center\qrmask.php</b> on line <b>154</b><br />
<br />
<b>Warning</b>:  file_put_contents(C:\xampp\htdocs\bodega-new-center\cache\mask_4\mask_21_4.dat): failed to open stream: No such file or directory in <b>C:\xampp\htdocs\bodega-new-center\qrmask.php</b> on line <b>155</b><br />
<br />
<b>Warning</b>:  mkdir(): No such file or directory in <b>C:\xampp\htdocs\bodega-new-center\qrmask.php</b> on line <b>154</b><br />
<br />
<b>Warning</b>:  file_put_contents(C:\xampp\htdocs\bodega-new-center\cache\mask_5\mask_21_5.dat): failed to open stream: No such file or directory in <b>C:\xampp\htdocs\bodega-new-center\qrmask.php</b> on line <b>155</b><br />
<br />
<b>Warning</b>:  mkdir(): No such file or directory in <b>C:\xampp\htdocs\bodega-new-center\qrmask.php</b> on line <b>154</b><br />
<br />
<b>Warning</b>:  file_put_contents(C:\xampp\htdocs\bodega-new-center\cache\mask_6\mask_21_6.dat): failed to open stream: No such file or directory in <b>C:\xampp\htdocs\bodega-new-center\qrmask.php</b> on line <b>155</b><br />
<br />
<b>Warning</b>:  mkdir(): No such file or directory in <b>C:\xampp\htdocs\bodega-new-center\qrmask.php</b> on line <b>154</b><br />
<br />
<b>Warning</b>:  file_put_contents(C:\xampp\htdocs\bodega-new-center\cache\mask_7\mask_21_7.dat): failed to open stream: No such file or directory in <b>C:\xampp\htdocs\bodega-new-center\qrmask.php</b> on line <b>155</b><br />
2023-04-10 23:49:23: <br />
<b>Warning</b>:  mkdir(): No such file or directory in <b>C:\xampp\htdocs\bodega-new-center\qrmask.php</b> on line <b>154</b><br />
<br />
<b>Warning</b>:  file_put_contents(C:\xampp\htdocs\bodega-new-center\cache\mask_0\mask_21_0.dat): failed to open stream: No such file or directory in <b>C:\xampp\htdocs\bodega-new-center\qrmask.php</b> on line <b>155</b><br />
<br />
<b>Warning</b>:  mkdir(): No such file or directory in <b>C:\xampp\htdocs\bodega-new-center\qrmask.php</b> on line <b>154</b><br />
<br />
<b>Warning</b>:  file_put_contents(C:\xampp\htdocs\bodega-new-center\cache\mask_1\mask_21_1.dat): failed to open stream: No such file or directory in <b>C:\xampp\htdocs\bodega-new-center\qrmask.php</b> on line <b>155</b><br />
<br />
<b>Warning</b>:  mkdir(): No such file or directory in <b>C:\xampp\htdocs\bodega-new-center\qrmask.php</b> on line <b>154</b><br />
<br />
<b>Warning</b>:  file_put_contents(C:\xampp\htdocs\bodega-new-center\cache\mask_2\mask_21_2.dat): failed to open stream: No such file or directory in <b>C:\xampp\htdocs\bodega-new-center\qrmask.php</b> on line <b>155</b><br />
<br />
<b>Warning</b>:  mkdir(): No such file or directory in <b>C:\xampp\htdocs\bodega-new-center\qrmask.php</b> on line <b>154</b><br />
<br />
<b>Warning</b>:  file_put_contents(C:\xampp\htdocs\bodega-new-center\cache\mask_3\mask_21_3.dat): failed to open stream: No such file or directory in <b>C:\xampp\htdocs\bodega-new-center\qrmask.php</b> on line <b>155</b><br />
<br />
<b>Warning</b>:  mkdir(): No such file or directory in <b>C:\xampp\htdocs\bodega-new-center\qrmask.php</b> on line <b>154</b><br />
<br />
<b>Warning</b>:  file_put_contents(C:\xampp\htdocs\bodega-new-center\cache\mask_4\mask_21_4.dat): failed to open stream: No such file or directory in <b>C:\xampp\htdocs\bodega-new-center\qrmask.php</b> on line <b>155</b><br />
<br />
<b>Warning</b>:  mkdir(): No such file or directory in <b>C:\xampp\htdocs\bodega-new-center\qrmask.php</b> on line <b>154</b><br />
<br />
<b>Warning</b>:  file_put_contents(C:\xampp\htdocs\bodega-new-center\cache\mask_5\mask_21_5.dat): failed to open stream: No such file or directory in <b>C:\xampp\htdocs\bodega-new-center\qrmask.php</b> on line <b>155</b><br />
<br />
<b>Warning</b>:  mkdir(): No such file or directory in <b>C:\xampp\htdocs\bodega-new-center\qrmask.php</b> on line <b>154</b><br />
<br />
<b>Warning</b>:  file_put_contents(C:\xampp\htdocs\bodega-new-center\cache\mask_6\mask_21_6.dat): failed to open stream: No such file or directory in <b>C:\xampp\htdocs\bodega-new-center\qrmask.php</b> on line <b>155</b><br />
<br />
<b>Warning</b>:  mkdir(): No such file or directory in <b>C:\xampp\htdocs\bodega-new-center\qrmask.php</b> on line <b>154</b><br />
<br />
<b>Warning</b>:  file_put_contents(C:\xampp\htdocs\bodega-new-center\cache\mask_7\mask_21_7.dat): failed to open stream: No such file or directory in <b>C:\xampp\htdocs\bodega-new-center\qrmask.php</b> on line <b>155</b><br />
2023-04-10 23:49:23: <br />
<b>Warning</b>:  mkdir(): No such file or directory in <b>C:\xampp\htdocs\bodega-new-center\qrmask.php</b> on line <b>154</b><br />
<br />
<b>Warning</b>:  file_put_contents(C:\xampp\htdocs\bodega-new-center\cache\mask_0\mask_21_0.dat): failed to open stream: No such file or directory in <b>C:\xampp\htdocs\bodega-new-center\qrmask.php</b> on line <b>155</b><br />
<br />
<b>Warning</b>:  mkdir(): No such file or directory in <b>C:\xampp\htdocs\bodega-new-center\qrmask.php</b> on line <b>154</b><br />
<br />
<b>Warning</b>:  file_put_contents(C:\xampp\htdocs\bodega-new-center\cache\mask_1\mask_21_1.dat): failed to open stream: No such file or directory in <b>C:\xampp\htdocs\bodega-new-center\qrmask.php</b> on line <b>155</b><br />
<br />
<b>Warning</b>:  mkdir(): No such file or directory in <b>C:\xampp\htdocs\bodega-new-center\qrmask.php</b> on line <b>154</b><br />
<br />
<b>Warning</b>:  file_put_contents(C:\xampp\htdocs\bodega-new-center\cache\mask_2\mask_21_2.dat): failed to open stream: No such file or directory in <b>C:\xampp\htdocs\bodega-new-center\qrmask.php</b> on line <b>155</b><br />
<br />
<b>Warning</b>:  mkdir(): No such file or directory in <b>C:\xampp\htdocs\bodega-new-center\qrmask.php</b> on line <b>154</b><br />
<br />
<b>Warning</b>:  file_put_contents(C:\xampp\htdocs\bodega-new-center\cache\mask_3\mask_21_3.dat): failed to open stream: No such file or directory in <b>C:\xampp\htdocs\bodega-new-center\qrmask.php</b> on line <b>155</b><br />
<br />
<b>Warning</b>:  mkdir(): No such file or directory in <b>C:\xampp\htdocs\bodega-new-center\qrmask.php</b> on line <b>154</b><br />
<br />
<b>Warning</b>:  file_put_contents(C:\xampp\htdocs\bodega-new-center\cache\mask_4\mask_21_4.dat): failed to open stream: No such file or directory in <b>C:\xampp\htdocs\bodega-new-center\qrmask.php</b> on line <b>155</b><br />
<br />
<b>Warning</b>:  mkdir(): No such file or directory in <b>C:\xampp\htdocs\bodega-new-center\qrmask.php</b> on line <b>154</b><br />
<br />
<b>Warning</b>:  file_put_contents(C:\xampp\htdocs\bodega-new-center\cache\mask_5\mask_21_5.dat): failed to open stream: No such file or directory in <b>C:\xampp\htdocs\bodega-new-center\qrmask.php</b> on line <b>155</b><br />
<br />
<b>Warning</b>:  mkdir(): No such file or directory in <b>C:\xampp\htdocs\bodega-new-center\qrmask.php</b> on line <b>154</b><br />
<br />
<b>Warning</b>:  file_put_contents(C:\xampp\htdocs\bodega-new-center\cache\mask_6\mask_21_6.dat): failed to open stream: No such file or directory in <b>C:\xampp\htdocs\bodega-new-center\qrmask.php</b> on line <b>155</b><br />
<br />
<b>Warning</b>:  mkdir(): No such file or directory in <b>C:\xampp\htdocs\bodega-new-center\qrmask.php</b> on line <b>154</b><br />
<br />
<b>Warning</b>:  file_put_contents(C:\xampp\htdocs\bodega-new-center\cache\mask_7\mask_21_7.dat): failed to open stream: No such file or directory in <b>C:\xampp\htdocs\bodega-new-center\qrmask.php</b> on line <b>155</b><br />
2023-04-10 23:49:23: <br />
<b>Warning</b>:  mkdir(): No such file or directory in <b>C:\xampp\htdocs\bodega-new-center\qrmask.php</b> on line <b>154</b><br />
<br />
<b>Warning</b>:  file_put_contents(C:\xampp\htdocs\bodega-new-center\cache\mask_0\mask_21_0.dat): failed to open stream: No such file or directory in <b>C:\xampp\htdocs\bodega-new-center\qrmask.php</b> on line <b>155</b><br />
<br />
<b>Warning</b>:  mkdir(): No such file or directory in <b>C:\xampp\htdocs\bodega-new-center\qrmask.php</b> on line <b>154</b><br />
<br />
<b>Warning</b>:  file_put_contents(C:\xampp\htdocs\bodega-new-center\cache\mask_1\mask_21_1.dat): failed to open stream: No such file or directory in <b>C:\xampp\htdocs\bodega-new-center\qrmask.php</b> on line <b>155</b><br />
<br />
<b>Warning</b>:  mkdir(): No such file or directory in <b>C:\xampp\htdocs\bodega-new-center\qrmask.php</b> on line <b>154</b><br />
<br />
<b>Warning</b>:  file_put_contents(C:\xampp\htdocs\bodega-new-center\cache\mask_2\mask_21_2.dat): failed to open stream: No such file or directory in <b>C:\xampp\htdocs\bodega-new-center\qrmask.php</b> on line <b>155</b><br />
<br />
<b>Warning</b>:  mkdir(): No such file or directory in <b>C:\xampp\htdocs\bodega-new-center\qrmask.php</b> on line <b>154</b><br />
<br />
<b>Warning</b>:  file_put_contents(C:\xampp\htdocs\bodega-new-center\cache\mask_3\mask_21_3.dat): failed to open stream: No such file or directory in <b>C:\xampp\htdocs\bodega-new-center\qrmask.php</b> on line <b>155</b><br />
<br />
<b>Warning</b>:  mkdir(): No such file or directory in <b>C:\xampp\htdocs\bodega-new-center\qrmask.php</b> on line <b>154</b><br />
<br />
<b>Warning</b>:  file_put_contents(C:\xampp\htdocs\bodega-new-center\cache\mask_4\mask_21_4.dat): failed to open stream: No such file or directory in <b>C:\xampp\htdocs\bodega-new-center\qrmask.php</b> on line <b>155</b><br />
<br />
<b>Warning</b>:  mkdir(): No such file or directory in <b>C:\xampp\htdocs\bodega-new-center\qrmask.php</b> on line <b>154</b><br />
<br />
<b>Warning</b>:  file_put_contents(C:\xampp\htdocs\bodega-new-center\cache\mask_5\mask_21_5.dat): failed to open stream: No such file or directory in <b>C:\xampp\htdocs\bodega-new-center\qrmask.php</b> on line <b>155</b><br />
<br />
<b>Warning</b>:  mkdir(): No such file or directory in <b>C:\xampp\htdocs\bodega-new-center\qrmask.php</b> on line <b>154</b><br />
<br />
<b>Warning</b>:  file_put_contents(C:\xampp\htdocs\bodega-new-center\cache\mask_6\mask_21_6.dat): failed to open stream: No such file or directory in <b>C:\xampp\htdocs\bodega-new-center\qrmask.php</b> on line <b>155</b><br />
<br />
<b>Warning</b>:  mkdir(): No such file or directory in <b>C:\xampp\htdocs\bodega-new-center\qrmask.php</b> on line <b>154</b><br />
<br />
<b>Warning</b>:  file_put_contents(C:\xampp\htdocs\bodega-new-center\cache\mask_7\mask_21_7.dat): failed to open stream: No such file or directory in <b>C:\xampp\htdocs\bodega-new-center\qrmask.php</b> on line <b>155</b><br />
2023-04-10 23:49:23: <br />
<b>Warning</b>:  mkdir(): No such file or directory in <b>C:\xampp\htdocs\bodega-new-center\qrmask.php</b> on line <b>154</b><br />
<br />
<b>Warning</b>:  file_put_contents(C:\xampp\htdocs\bodega-new-center\cache\mask_0\mask_21_0.dat): failed to open stream: No such file or directory in <b>C:\xampp\htdocs\bodega-new-center\qrmask.php</b> on line <b>155</b><br />
<br />
<b>Warning</b>:  mkdir(): No such file or directory in <b>C:\xampp\htdocs\bodega-new-center\qrmask.php</b> on line <b>154</b><br />
<br />
<b>Warning</b>:  file_put_contents(C:\xampp\htdocs\bodega-new-center\cache\mask_1\mask_21_1.dat): failed to open stream: No such file or directory in <b>C:\xampp\htdocs\bodega-new-center\qrmask.php</b> on line <b>155</b><br />
<br />
<b>Warning</b>:  mkdir(): No such file or directory in <b>C:\xampp\htdocs\bodega-new-center\qrmask.php</b> on line <b>154</b><br />
<br />
<b>Warning</b>:  file_put_contents(C:\xampp\htdocs\bodega-new-center\cache\mask_2\mask_21_2.dat): failed to open stream: No such file or directory in <b>C:\xampp\htdocs\bodega-new-center\qrmask.php</b> on line <b>155</b><br />
<br />
<b>Warning</b>:  mkdir(): No such file or directory in <b>C:\xampp\htdocs\bodega-new-center\qrmask.php</b> on line <b>154</b><br />
<br />
<b>Warning</b>:  file_put_contents(C:\xampp\htdocs\bodega-new-center\cache\mask_3\mask_21_3.dat): failed to open stream: No such file or directory in <b>C:\xampp\htdocs\bodega-new-center\qrmask.php</b> on line <b>155</b><br />
<br />
<b>Warning</b>:  mkdir(): No such file or directory in <b>C:\xampp\htdocs\bodega-new-center\qrmask.php</b> on line <b>154</b><br />
<br />
<b>Warning</b>:  file_put_contents(C:\xampp\htdocs\bodega-new-center\cache\mask_4\mask_21_4.dat): failed to open stream: No such file or directory in <b>C:\xampp\htdocs\bodega-new-center\qrmask.php</b> on line <b>155</b><br />
<br />
<b>Warning</b>:  mkdir(): No such file or directory in <b>C:\xampp\htdocs\bodega-new-center\qrmask.php</b> on line <b>154</b><br />
<br />
<b>Warning</b>:  file_put_contents(C:\xampp\htdocs\bodega-new-center\cache\mask_5\mask_21_5.dat): failed to open stream: No such file or directory in <b>C:\xampp\htdocs\bodega-new-center\qrmask.php</b> on line <b>155</b><br />
<br />
<b>Warning</b>:  mkdir(): No such file or directory in <b>C:\xampp\htdocs\bodega-new-center\qrmask.php</b> on line <b>154</b><br />
<br />
<b>Warning</b>:  file_put_contents(C:\xampp\htdocs\bodega-new-center\cache\mask_6\mask_21_6.dat): failed to open stream: No such file or directory in <b>C:\xampp\htdocs\bodega-new-center\qrmask.php</b> on line <b>155</b><br />
<br />
<b>Warning</b>:  mkdir(): No such file or directory in <b>C:\xampp\htdocs\bodega-new-center\qrmask.php</b> on line <b>154</b><br />
<br />
<b>Warning</b>:  file_put_contents(C:\xampp\htdocs\bodega-new-center\cache\mask_7\mask_21_7.dat): failed to open stream: No such file or directory in <b>C:\xampp\htdocs\bodega-new-center\qrmask.php</b> on line <b>155</b><br />
2023-04-10 23:49:23: <br />
<b>Warning</b>:  mkdir(): No such file or directory in <b>C:\xampp\htdocs\bodega-new-center\qrmask.php</b> on line <b>154</b><br />
<br />
<b>Warning</b>:  file_put_contents(C:\xampp\htdocs\bodega-new-center\cache\mask_0\mask_21_0.dat): failed to open stream: No such file or directory in <b>C:\xampp\htdocs\bodega-new-center\qrmask.php</b> on line <b>155</b><br />
<br />
<b>Warning</b>:  mkdir(): No such file or directory in <b>C:\xampp\htdocs\bodega-new-center\qrmask.php</b> on line <b>154</b><br />
<br />
<b>Warning</b>:  file_put_contents(C:\xampp\htdocs\bodega-new-center\cache\mask_1\mask_21_1.dat): failed to open stream: No such file or directory in <b>C:\xampp\htdocs\bodega-new-center\qrmask.php</b> on line <b>155</b><br />
<br />
<b>Warning</b>:  mkdir(): No such file or directory in <b>C:\xampp\htdocs\bodega-new-center\qrmask.php</b> on line <b>154</b><br />
<br />
<b>Warning</b>:  file_put_contents(C:\xampp\htdocs\bodega-new-center\cache\mask_2\mask_21_2.dat): failed to open stream: No such file or directory in <b>C:\xampp\htdocs\bodega-new-center\qrmask.php</b> on line <b>155</b><br />
<br />
<b>Warning</b>:  mkdir(): No such file or directory in <b>C:\xampp\htdocs\bodega-new-center\qrmask.php</b> on line <b>154</b><br />
<br />
<b>Warning</b>:  file_put_contents(C:\xampp\htdocs\bodega-new-center\cache\mask_3\mask_21_3.dat): failed to open stream: No such file or directory in <b>C:\xampp\htdocs\bodega-new-center\qrmask.php</b> on line <b>155</b><br />
<br />
<b>Warning</b>:  mkdir(): No such file or directory in <b>C:\xampp\htdocs\bodega-new-center\qrmask.php</b> on line <b>154</b><br />
<br />
<b>Warning</b>:  file_put_contents(C:\xampp\htdocs\bodega-new-center\cache\mask_4\mask_21_4.dat): failed to open stream: No such file or directory in <b>C:\xampp\htdocs\bodega-new-center\qrmask.php</b> on line <b>155</b><br />
<br />
<b>Warning</b>:  mkdir(): No such file or directory in <b>C:\xampp\htdocs\bodega-new-center\qrmask.php</b> on line <b>154</b><br />
<br />
<b>Warning</b>:  file_put_contents(C:\xampp\htdocs\bodega-new-center\cache\mask_5\mask_21_5.dat): failed to open stream: No such file or directory in <b>C:\xampp\htdocs\bodega-new-center\qrmask.php</b> on line <b>155</b><br />
<br />
<b>Warning</b>:  mkdir(): No such file or directory in <b>C:\xampp\htdocs\bodega-new-center\qrmask.php</b> on line <b>154</b><br />
<br />
<b>Warning</b>:  file_put_contents(C:\xampp\htdocs\bodega-new-center\cache\mask_6\mask_21_6.dat): failed to open stream: No such file or directory in <b>C:\xampp\htdocs\bodega-new-center\qrmask.php</b> on line <b>155</b><br />
<br />
<b>Warning</b>:  mkdir(): No such file or directory in <b>C:\xampp\htdocs\bodega-new-center\qrmask.php</b> on line <b>154</b><br />
<br />
<b>Warning</b>:  file_put_contents(C:\xampp\htdocs\bodega-new-center\cache\mask_7\mask_21_7.dat): failed to open stream: No such file or directory in <b>C:\xampp\htdocs\bodega-new-center\qrmask.php</b> on line <b>155</b><br />
2023-04-10 23:49:23: <br />
<b>Warning</b>:  mkdir(): No such file or directory in <b>C:\xampp\htdocs\bodega-new-center\qrmask.php</b> on line <b>154</b><br />
<br />
<b>Warning</b>:  file_put_contents(C:\xampp\htdocs\bodega-new-center\cache\mask_0\mask_21_0.dat): failed to open stream: No such file or directory in <b>C:\xampp\htdocs\bodega-new-center\qrmask.php</b> on line <b>155</b><br />
<br />
<b>Warning</b>:  mkdir(): No such file or directory in <b>C:\xampp\htdocs\bodega-new-center\qrmask.php</b> on line <b>154</b><br />
<br />
<b>Warning</b>:  file_put_contents(C:\xampp\htdocs\bodega-new-center\cache\mask_1\mask_21_1.dat): failed to open stream: No such file or directory in <b>C:\xampp\htdocs\bodega-new-center\qrmask.php</b> on line <b>155</b><br />
<br />
<b>Warning</b>:  mkdir(): No such file or directory in <b>C:\xampp\htdocs\bodega-new-center\qrmask.php</b> on line <b>154</b><br />
<br />
<b>Warning</b>:  file_put_contents(C:\xampp\htdocs\bodega-new-center\cache\mask_2\mask_21_2.dat): failed to open stream: No such file or directory in <b>C:\xampp\htdocs\bodega-new-center\qrmask.php</b> on line <b>155</b><br />
<br />
<b>Warning</b>:  mkdir(): No such file or directory in <b>C:\xampp\htdocs\bodega-new-center\qrmask.php</b> on line <b>154</b><br />
<br />
<b>Warning</b>:  file_put_contents(C:\xampp\htdocs\bodega-new-center\cache\mask_3\mask_21_3.dat): failed to open stream: No such file or directory in <b>C:\xampp\htdocs\bodega-new-center\qrmask.php</b> on line <b>155</b><br />
<br />
<b>Warning</b>:  mkdir(): No such file or directory in <b>C:\xampp\htdocs\bodega-new-center\qrmask.php</b> on line <b>154</b><br />
<br />
<b>Warning</b>:  file_put_contents(C:\xampp\htdocs\bodega-new-center\cache\mask_4\mask_21_4.dat): failed to open stream: No such file or directory in <b>C:\xampp\htdocs\bodega-new-center\qrmask.php</b> on line <b>155</b><br />
<br />
<b>Warning</b>:  mkdir(): No such file or directory in <b>C:\xampp\htdocs\bodega-new-center\qrmask.php</b> on line <b>154</b><br />
<br />
<b>Warning</b>:  file_put_contents(C:\xampp\htdocs\bodega-new-center\cache\mask_5\mask_21_5.dat): failed to open stream: No such file or directory in <b>C:\xampp\htdocs\bodega-new-center\qrmask.php</b> on line <b>155</b><br />
<br />
<b>Warning</b>:  mkdir(): No such file or directory in <b>C:\xampp\htdocs\bodega-new-center\qrmask.php</b> on line <b>154</b><br />
<br />
<b>Warning</b>:  file_put_contents(C:\xampp\htdocs\bodega-new-center\cache\mask_6\mask_21_6.dat): failed to open stream: No such file or directory in <b>C:\xampp\htdocs\bodega-new-center\qrmask.php</b> on line <b>155</b><br />
<br />
<b>Warning</b>:  mkdir(): No such file or directory in <b>C:\xampp\htdocs\bodega-new-center\qrmask.php</b> on line <b>154</b><br />
<br />
<b>Warning</b>:  file_put_contents(C:\xampp\htdocs\bodega-new-center\cache\mask_7\mask_21_7.dat): failed to open stream: No such file or directory in <b>C:\xampp\htdocs\bodega-new-center\qrmask.php</b> on line <b>155</b><br />
2023-04-10 23:49:23: <br />
<b>Warning</b>:  mkdir(): No such file or directory in <b>C:\xampp\htdocs\bodega-new-center\qrmask.php</b> on line <b>154</b><br />
<br />
<b>Warning</b>:  file_put_contents(C:\xampp\htdocs\bodega-new-center\cache\mask_0\mask_21_0.dat): failed to open stream: No such file or directory in <b>C:\xampp\htdocs\bodega-new-center\qrmask.php</b> on line <b>155</b><br />
<br />
<b>Warning</b>:  mkdir(): No such file or directory in <b>C:\xampp\htdocs\bodega-new-center\qrmask.php</b> on line <b>154</b><br />
<br />
<b>Warning</b>:  file_put_contents(C:\xampp\htdocs\bodega-new-center\cache\mask_1\mask_21_1.dat): failed to open stream: No such file or directory in <b>C:\xampp\htdocs\bodega-new-center\qrmask.php</b> on line <b>155</b><br />
<br />
<b>Warning</b>:  mkdir(): No such file or directory in <b>C:\xampp\htdocs\bodega-new-center\qrmask.php</b> on line <b>154</b><br />
<br />
<b>Warning</b>:  file_put_contents(C:\xampp\htdocs\bodega-new-center\cache\mask_2\mask_21_2.dat): failed to open stream: No such file or directory in <b>C:\xampp\htdocs\bodega-new-center\qrmask.php</b> on line <b>155</b><br />
<br />
<b>Warning</b>:  mkdir(): No such file or directory in <b>C:\xampp\htdocs\bodega-new-center\qrmask.php</b> on line <b>154</b><br />
<br />
<b>Warning</b>:  file_put_contents(C:\xampp\htdocs\bodega-new-center\cache\mask_3\mask_21_3.dat): failed to open stream: No such file or directory in <b>C:\xampp\htdocs\bodega-new-center\qrmask.php</b> on line <b>155</b><br />
<br />
<b>Warning</b>:  mkdir(): No such file or directory in <b>C:\xampp\htdocs\bodega-new-center\qrmask.php</b> on line <b>154</b><br />
<br />
<b>Warning</b>:  file_put_contents(C:\xampp\htdocs\bodega-new-center\cache\mask_4\mask_21_4.dat): failed to open stream: No such file or directory in <b>C:\xampp\htdocs\bodega-new-center\qrmask.php</b> on line <b>155</b><br />
<br />
<b>Warning</b>:  mkdir(): No such file or directory in <b>C:\xampp\htdocs\bodega-new-center\qrmask.php</b> on line <b>154</b><br />
<br />
<b>Warning</b>:  file_put_contents(C:\xampp\htdocs\bodega-new-center\cache\mask_5\mask_21_5.dat): failed to open stream: No such file or directory in <b>C:\xampp\htdocs\bodega-new-center\qrmask.php</b> on line <b>155</b><br />
<br />
<b>Warning</b>:  mkdir(): No such file or directory in <b>C:\xampp\htdocs\bodega-new-center\qrmask.php</b> on line <b>154</b><br />
<br />
<b>Warning</b>:  file_put_contents(C:\xampp\htdocs\bodega-new-center\cache\mask_6\mask_21_6.dat): failed to open stream: No such file or directory in <b>C:\xampp\htdocs\bodega-new-center\qrmask.php</b> on line <b>155</b><br />
<br />
<b>Warning</b>:  mkdir(): No such file or directory in <b>C:\xampp\htdocs\bodega-new-center\qrmask.php</b> on line <b>154</b><br />
<br />
<b>Warning</b>:  file_put_contents(C:\xampp\htdocs\bodega-new-center\cache\mask_7\mask_21_7.dat): failed to open stream: No such file or directory in <b>C:\xampp\htdocs\bodega-new-center\qrmask.php</b> on line <b>155</b><br />
2023-04-10 23:49:23: <br />
<b>Warning</b>:  mkdir(): No such file or directory in <b>C:\xampp\htdocs\bodega-new-center\qrmask.php</b> on line <b>154</b><br />
<br />
<b>Warning</b>:  file_put_contents(C:\xampp\htdocs\bodega-new-center\cache\mask_0\mask_21_0.dat): failed to open stream: No such file or directory in <b>C:\xampp\htdocs\bodega-new-center\qrmask.php</b> on line <b>155</b><br />
<br />
<b>Warning</b>:  mkdir(): No such file or directory in <b>C:\xampp\htdocs\bodega-new-center\qrmask.php</b> on line <b>154</b><br />
<br />
<b>Warning</b>:  file_put_contents(C:\xampp\htdocs\bodega-new-center\cache\mask_1\mask_21_1.dat): failed to open stream: No such file or directory in <b>C:\xampp\htdocs\bodega-new-center\qrmask.php</b> on line <b>155</b><br />
<br />
<b>Warning</b>:  mkdir(): No such file or directory in <b>C:\xampp\htdocs\bodega-new-center\qrmask.php</b> on line <b>154</b><br />
<br />
<b>Warning</b>:  file_put_contents(C:\xampp\htdocs\bodega-new-center\cache\mask_2\mask_21_2.dat): failed to open stream: No such file or directory in <b>C:\xampp\htdocs\bodega-new-center\qrmask.php</b> on line <b>155</b><br />
<br />
<b>Warning</b>:  mkdir(): No such file or directory in <b>C:\xampp\htdocs\bodega-new-center\qrmask.php</b> on line <b>154</b><br />
<br />
<b>Warning</b>:  file_put_contents(C:\xampp\htdocs\bodega-new-center\cache\mask_3\mask_21_3.dat): failed to open stream: No such file or directory in <b>C:\xampp\htdocs\bodega-new-center\qrmask.php</b> on line <b>155</b><br />
<br />
<b>Warning</b>:  mkdir(): No such file or directory in <b>C:\xampp\htdocs\bodega-new-center\qrmask.php</b> on line <b>154</b><br />
<br />
<b>Warning</b>:  file_put_contents(C:\xampp\htdocs\bodega-new-center\cache\mask_4\mask_21_4.dat): failed to open stream: No such file or directory in <b>C:\xampp\htdocs\bodega-new-center\qrmask.php</b> on line <b>155</b><br />
<br />
<b>Warning</b>:  mkdir(): No such file or directory in <b>C:\xampp\htdocs\bodega-new-center\qrmask.php</b> on line <b>154</b><br />
<br />
<b>Warning</b>:  file_put_contents(C:\xampp\htdocs\bodega-new-center\cache\mask_5\mask_21_5.dat): failed to open stream: No such file or directory in <b>C:\xampp\htdocs\bodega-new-center\qrmask.php</b> on line <b>155</b><br />
<br />
<b>Warning</b>:  mkdir(): No such file or directory in <b>C:\xampp\htdocs\bodega-new-center\qrmask.php</b> on line <b>154</b><br />
<br />
<b>Warning</b>:  file_put_contents(C:\xampp\htdocs\bodega-new-center\cache\mask_6\mask_21_6.dat): failed to open stream: No such file or directory in <b>C:\xampp\htdocs\bodega-new-center\qrmask.php</b> on line <b>155</b><br />
<br />
<b>Warning</b>:  mkdir(): No such file or directory in <b>C:\xampp\htdocs\bodega-new-center\qrmask.php</b> on line <b>154</b><br />
<br />
<b>Warning</b>:  file_put_contents(C:\xampp\htdocs\bodega-new-center\cache\mask_7\mask_21_7.dat): failed to open stream: No such file or directory in <b>C:\xampp\htdocs\bodega-new-center\qrmask.php</b> on line <b>155</b><br />
2023-04-10 23:49:23: <br />
<b>Warning</b>:  mkdir(): No such file or directory in <b>C:\xampp\htdocs\bodega-new-center\qrmask.php</b> on line <b>154</b><br />
<br />
<b>Warning</b>:  file_put_contents(C:\xampp\htdocs\bodega-new-center\cache\mask_0\mask_21_0.dat): failed to open stream: No such file or directory in <b>C:\xampp\htdocs\bodega-new-center\qrmask.php</b> on line <b>155</b><br />
<br />
<b>Warning</b>:  mkdir(): No such file or directory in <b>C:\xampp\htdocs\bodega-new-center\qrmask.php</b> on line <b>154</b><br />
<br />
<b>Warning</b>:  file_put_contents(C:\xampp\htdocs\bodega-new-center\cache\mask_1\mask_21_1.dat): failed to open stream: No such file or directory in <b>C:\xampp\htdocs\bodega-new-center\qrmask.php</b> on line <b>155</b><br />
<br />
<b>Warning</b>:  mkdir(): No such file or directory in <b>C:\xampp\htdocs\bodega-new-center\qrmask.php</b> on line <b>154</b><br />
<br />
<b>Warning</b>:  file_put_contents(C:\xampp\htdocs\bodega-new-center\cache\mask_2\mask_21_2.dat): failed to open stream: No such file or directory in <b>C:\xampp\htdocs\bodega-new-center\qrmask.php</b> on line <b>155</b><br />
<br />
<b>Warning</b>:  mkdir(): No such file or directory in <b>C:\xampp\htdocs\bodega-new-center\qrmask.php</b> on line <b>154</b><br />
<br />
<b>Warning</b>:  file_put_contents(C:\xampp\htdocs\bodega-new-center\cache\mask_3\mask_21_3.dat): failed to open stream: No such file or directory in <b>C:\xampp\htdocs\bodega-new-center\qrmask.php</b> on line <b>155</b><br />
<br />
<b>Warning</b>:  mkdir(): No such file or directory in <b>C:\xampp\htdocs\bodega-new-center\qrmask.php</b> on line <b>154</b><br />
<br />
<b>Warning</b>:  file_put_contents(C:\xampp\htdocs\bodega-new-center\cache\mask_4\mask_21_4.dat): failed to open stream: No such file or directory in <b>C:\xampp\htdocs\bodega-new-center\qrmask.php</b> on line <b>155</b><br />
<br />
<b>Warning</b>:  mkdir(): No such file or directory in <b>C:\xampp\htdocs\bodega-new-center\qrmask.php</b> on line <b>154</b><br />
<br />
<b>Warning</b>:  file_put_contents(C:\xampp\htdocs\bodega-new-center\cache\mask_5\mask_21_5.dat): failed to open stream: No such file or directory in <b>C:\xampp\htdocs\bodega-new-center\qrmask.php</b> on line <b>155</b><br />
<br />
<b>Warning</b>:  mkdir(): No such file or directory in <b>C:\xampp\htdocs\bodega-new-center\qrmask.php</b> on line <b>154</b><br />
<br />
<b>Warning</b>:  file_put_contents(C:\xampp\htdocs\bodega-new-center\cache\mask_6\mask_21_6.dat): failed to open stream: No such file or directory in <b>C:\xampp\htdocs\bodega-new-center\qrmask.php</b> on line <b>155</b><br />
<br />
<b>Warning</b>:  mkdir(): No such file or directory in <b>C:\xampp\htdocs\bodega-new-center\qrmask.php</b> on line <b>154</b><br />
<br />
<b>Warning</b>:  file_put_contents(C:\xampp\htdocs\bodega-new-center\cache\mask_7\mask_21_7.dat): failed to open stream: No such file or directory in <b>C:\xampp\htdocs\bodega-new-center\qrmask.php</b> on line <b>155</b><br />
2023-04-10 23:49:23: <br />
<b>Warning</b>:  mkdir(): No such file or directory in <b>C:\xampp\htdocs\bodega-new-center\qrmask.php</b> on line <b>154</b><br />
<br />
<b>Warning</b>:  file_put_contents(C:\xampp\htdocs\bodega-new-center\cache\mask_0\mask_21_0.dat): failed to open stream: No such file or directory in <b>C:\xampp\htdocs\bodega-new-center\qrmask.php</b> on line <b>155</b><br />
<br />
<b>Warning</b>:  mkdir(): No such file or directory in <b>C:\xampp\htdocs\bodega-new-center\qrmask.php</b> on line <b>154</b><br />
<br />
<b>Warning</b>:  file_put_contents(C:\xampp\htdocs\bodega-new-center\cache\mask_1\mask_21_1.dat): failed to open stream: No such file or directory in <b>C:\xampp\htdocs\bodega-new-center\qrmask.php</b> on line <b>155</b><br />
<br />
<b>Warning</b>:  mkdir(): No such file or directory in <b>C:\xampp\htdocs\bodega-new-center\qrmask.php</b> on line <b>154</b><br />
<br />
<b>Warning</b>:  file_put_contents(C:\xampp\htdocs\bodega-new-center\cache\mask_2\mask_21_2.dat): failed to open stream: No such file or directory in <b>C:\xampp\htdocs\bodega-new-center\qrmask.php</b> on line <b>155</b><br />
<br />
<b>Warning</b>:  mkdir(): No such file or directory in <b>C:\xampp\htdocs\bodega-new-center\qrmask.php</b> on line <b>154</b><br />
<br />
<b>Warning</b>:  file_put_contents(C:\xampp\htdocs\bodega-new-center\cache\mask_3\mask_21_3.dat): failed to open stream: No such file or directory in <b>C:\xampp\htdocs\bodega-new-center\qrmask.php</b> on line <b>155</b><br />
<br />
<b>Warning</b>:  mkdir(): No such file or directory in <b>C:\xampp\htdocs\bodega-new-center\qrmask.php</b> on line <b>154</b><br />
<br />
<b>Warning</b>:  file_put_contents(C:\xampp\htdocs\bodega-new-center\cache\mask_4\mask_21_4.dat): failed to open stream: No such file or directory in <b>C:\xampp\htdocs\bodega-new-center\qrmask.php</b> on line <b>155</b><br />
<br />
<b>Warning</b>:  mkdir(): No such file or directory in <b>C:\xampp\htdocs\bodega-new-center\qrmask.php</b> on line <b>154</b><br />
<br />
<b>Warning</b>:  file_put_contents(C:\xampp\htdocs\bodega-new-center\cache\mask_5\mask_21_5.dat): failed to open stream: No such file or directory in <b>C:\xampp\htdocs\bodega-new-center\qrmask.php</b> on line <b>155</b><br />
<br />
<b>Warning</b>:  mkdir(): No such file or directory in <b>C:\xampp\htdocs\bodega-new-center\qrmask.php</b> on line <b>154</b><br />
<br />
<b>Warning</b>:  file_put_contents(C:\xampp\htdocs\bodega-new-center\cache\mask_6\mask_21_6.dat): failed to open stream: No such file or directory in <b>C:\xampp\htdocs\bodega-new-center\qrmask.php</b> on line <b>155</b><br />
<br />
<b>Warning</b>:  mkdir(): No such file or directory in <b>C:\xampp\htdocs\bodega-new-center\qrmask.php</b> on line <b>154</b><br />
<br />
<b>Warning</b>:  file_put_contents(C:\xampp\htdocs\bodega-new-center\cache\mask_7\mask_21_7.dat): failed to open stream: No such file or directory in <b>C:\xampp\htdocs\bodega-new-center\qrmask.php</b> on line <b>155</b><br />
2023-04-10 23:49:23: <br />
<b>Warning</b>:  mkdir(): No such file or directory in <b>C:\xampp\htdocs\bodega-new-center\qrmask.php</b> on line <b>154</b><br />
<br />
<b>Warning</b>:  file_put_contents(C:\xampp\htdocs\bodega-new-center\cache\mask_0\mask_21_0.dat): failed to open stream: No such file or directory in <b>C:\xampp\htdocs\bodega-new-center\qrmask.php</b> on line <b>155</b><br />
<br />
<b>Warning</b>:  mkdir(): No such file or directory in <b>C:\xampp\htdocs\bodega-new-center\qrmask.php</b> on line <b>154</b><br />
<br />
<b>Warning</b>:  file_put_contents(C:\xampp\htdocs\bodega-new-center\cache\mask_1\mask_21_1.dat): failed to open stream: No such file or directory in <b>C:\xampp\htdocs\bodega-new-center\qrmask.php</b> on line <b>155</b><br />
<br />
<b>Warning</b>:  mkdir(): No such file or directory in <b>C:\xampp\htdocs\bodega-new-center\qrmask.php</b> on line <b>154</b><br />
<br />
<b>Warning</b>:  file_put_contents(C:\xampp\htdocs\bodega-new-center\cache\mask_2\mask_21_2.dat): failed to open stream: No such file or directory in <b>C:\xampp\htdocs\bodega-new-center\qrmask.php</b> on line <b>155</b><br />
<br />
<b>Warning</b>:  mkdir(): No such file or directory in <b>C:\xampp\htdocs\bodega-new-center\qrmask.php</b> on line <b>154</b><br />
<br />
<b>Warning</b>:  file_put_contents(C:\xampp\htdocs\bodega-new-center\cache\mask_3\mask_21_3.dat): failed to open stream: No such file or directory in <b>C:\xampp\htdocs\bodega-new-center\qrmask.php</b> on line <b>155</b><br />
<br />
<b>Warning</b>:  mkdir(): No such file or directory in <b>C:\xampp\htdocs\bodega-new-center\qrmask.php</b> on line <b>154</b><br />
<br />
<b>Warning</b>:  file_put_contents(C:\xampp\htdocs\bodega-new-center\cache\mask_4\mask_21_4.dat): failed to open stream: No such file or directory in <b>C:\xampp\htdocs\bodega-new-center\qrmask.php</b> on line <b>155</b><br />
<br />
<b>Warning</b>:  mkdir(): No such file or directory in <b>C:\xampp\htdocs\bodega-new-center\qrmask.php</b> on line <b>154</b><br />
<br />
<b>Warning</b>:  file_put_contents(C:\xampp\htdocs\bodega-new-center\cache\mask_5\mask_21_5.dat): failed to open stream: No such file or directory in <b>C:\xampp\htdocs\bodega-new-center\qrmask.php</b> on line <b>155</b><br />
<br />
<b>Warning</b>:  mkdir(): No such file or directory in <b>C:\xampp\htdocs\bodega-new-center\qrmask.php</b> on line <b>154</b><br />
<br />
<b>Warning</b>:  file_put_contents(C:\xampp\htdocs\bodega-new-center\cache\mask_6\mask_21_6.dat): failed to open stream: No such file or directory in <b>C:\xampp\htdocs\bodega-new-center\qrmask.php</b> on line <b>155</b><br />
<br />
<b>Warning</b>:  mkdir(): No such file or directory in <b>C:\xampp\htdocs\bodega-new-center\qrmask.php</b> on line <b>154</b><br />
<br />
<b>Warning</b>:  file_put_contents(C:\xampp\htdocs\bodega-new-center\cache\mask_7\mask_21_7.dat): failed to open stream: No such file or directory in <b>C:\xampp\htdocs\bodega-new-center\qrmask.php</b> on line <b>155</b><br />
2023-04-10 23:49:23: <br />
<b>Warning</b>:  mkdir(): No such file or directory in <b>C:\xampp\htdocs\bodega-new-center\qrmask.php</b> on line <b>154</b><br />
<br />
<b>Warning</b>:  file_put_contents(C:\xampp\htdocs\bodega-new-center\cache\mask_0\mask_21_0.dat): failed to open stream: No such file or directory in <b>C:\xampp\htdocs\bodega-new-center\qrmask.php</b> on line <b>155</b><br />
<br />
<b>Warning</b>:  mkdir(): No such file or directory in <b>C:\xampp\htdocs\bodega-new-center\qrmask.php</b> on line <b>154</b><br />
<br />
<b>Warning</b>:  file_put_contents(C:\xampp\htdocs\bodega-new-center\cache\mask_1\mask_21_1.dat): failed to open stream: No such file or directory in <b>C:\xampp\htdocs\bodega-new-center\qrmask.php</b> on line <b>155</b><br />
<br />
<b>Warning</b>:  mkdir(): No such file or directory in <b>C:\xampp\htdocs\bodega-new-center\qrmask.php</b> on line <b>154</b><br />
<br />
<b>Warning</b>:  file_put_contents(C:\xampp\htdocs\bodega-new-center\cache\mask_2\mask_21_2.dat): failed to open stream: No such file or directory in <b>C:\xampp\htdocs\bodega-new-center\qrmask.php</b> on line <b>155</b><br />
<br />
<b>Warning</b>:  mkdir(): No such file or directory in <b>C:\xampp\htdocs\bodega-new-center\qrmask.php</b> on line <b>154</b><br />
<br />
<b>Warning</b>:  file_put_contents(C:\xampp\htdocs\bodega-new-center\cache\mask_3\mask_21_3.dat): failed to open stream: No such file or directory in <b>C:\xampp\htdocs\bodega-new-center\qrmask.php</b> on line <b>155</b><br />
<br />
<b>Warning</b>:  mkdir(): No such file or directory in <b>C:\xampp\htdocs\bodega-new-center\qrmask.php</b> on line <b>154</b><br />
<br />
<b>Warning</b>:  file_put_contents(C:\xampp\htdocs\bodega-new-center\cache\mask_4\mask_21_4.dat): failed to open stream: No such file or directory in <b>C:\xampp\htdocs\bodega-new-center\qrmask.php</b> on line <b>155</b><br />
<br />
<b>Warning</b>:  mkdir(): No such file or directory in <b>C:\xampp\htdocs\bodega-new-center\qrmask.php</b> on line <b>154</b><br />
<br />
<b>Warning</b>:  file_put_contents(C:\xampp\htdocs\bodega-new-center\cache\mask_5\mask_21_5.dat): failed to open stream: No such file or directory in <b>C:\xampp\htdocs\bodega-new-center\qrmask.php</b> on line <b>155</b><br />
<br />
<b>Warning</b>:  mkdir(): No such file or directory in <b>C:\xampp\htdocs\bodega-new-center\qrmask.php</b> on line <b>154</b><br />
<br />
<b>Warning</b>:  file_put_contents(C:\xampp\htdocs\bodega-new-center\cache\mask_6\mask_21_6.dat): failed to open stream: No such file or directory in <b>C:\xampp\htdocs\bodega-new-center\qrmask.php</b> on line <b>155</b><br />
<br />
<b>Warning</b>:  mkdir(): No such file or directory in <b>C:\xampp\htdocs\bodega-new-center\qrmask.php</b> on line <b>154</b><br />
<br />
<b>Warning</b>:  file_put_contents(C:\xampp\htdocs\bodega-new-center\cache\mask_7\mask_21_7.dat): failed to open stream: No such file or directory in <b>C:\xampp\htdocs\bodega-new-center\qrmask.php</b> on line <b>155</b><br />
2023-04-10 23:49:23: <br />
<b>Warning</b>:  mkdir(): No such file or directory in <b>C:\xampp\htdocs\bodega-new-center\qrmask.php</b> on line <b>154</b><br />
<br />
<b>Warning</b>:  file_put_contents(C:\xampp\htdocs\bodega-new-center\cache\mask_0\mask_21_0.dat): failed to open stream: No such file or directory in <b>C:\xampp\htdocs\bodega-new-center\qrmask.php</b> on line <b>155</b><br />
<br />
<b>Warning</b>:  mkdir(): No such file or directory in <b>C:\xampp\htdocs\bodega-new-center\qrmask.php</b> on line <b>154</b><br />
<br />
<b>Warning</b>:  file_put_contents(C:\xampp\htdocs\bodega-new-center\cache\mask_1\mask_21_1.dat): failed to open stream: No such file or directory in <b>C:\xampp\htdocs\bodega-new-center\qrmask.php</b> on line <b>155</b><br />
<br />
<b>Warning</b>:  mkdir(): No such file or directory in <b>C:\xampp\htdocs\bodega-new-center\qrmask.php</b> on line <b>154</b><br />
<br />
<b>Warning</b>:  file_put_contents(C:\xampp\htdocs\bodega-new-center\cache\mask_2\mask_21_2.dat): failed to open stream: No such file or directory in <b>C:\xampp\htdocs\bodega-new-center\qrmask.php</b> on line <b>155</b><br />
<br />
<b>Warning</b>:  mkdir(): No such file or directory in <b>C:\xampp\htdocs\bodega-new-center\qrmask.php</b> on line <b>154</b><br />
<br />
<b>Warning</b>:  file_put_contents(C:\xampp\htdocs\bodega-new-center\cache\mask_3\mask_21_3.dat): failed to open stream: No such file or directory in <b>C:\xampp\htdocs\bodega-new-center\qrmask.php</b> on line <b>155</b><br />
<br />
<b>Warning</b>:  mkdir(): No such file or directory in <b>C:\xampp\htdocs\bodega-new-center\qrmask.php</b> on line <b>154</b><br />
<br />
<b>Warning</b>:  file_put_contents(C:\xampp\htdocs\bodega-new-center\cache\mask_4\mask_21_4.dat): failed to open stream: No such file or directory in <b>C:\xampp\htdocs\bodega-new-center\qrmask.php</b> on line <b>155</b><br />
<br />
<b>Warning</b>:  mkdir(): No such file or directory in <b>C:\xampp\htdocs\bodega-new-center\qrmask.php</b> on line <b>154</b><br />
<br />
<b>Warning</b>:  file_put_contents(C:\xampp\htdocs\bodega-new-center\cache\mask_5\mask_21_5.dat): failed to open stream: No such file or directory in <b>C:\xampp\htdocs\bodega-new-center\qrmask.php</b> on line <b>155</b><br />
<br />
<b>Warning</b>:  mkdir(): No such file or directory in <b>C:\xampp\htdocs\bodega-new-center\qrmask.php</b> on line <b>154</b><br />
<br />
<b>Warning</b>:  file_put_contents(C:\xampp\htdocs\bodega-new-center\cache\mask_6\mask_21_6.dat): failed to open stream: No such file or directory in <b>C:\xampp\htdocs\bodega-new-center\qrmask.php</b> on line <b>155</b><br />
<br />
<b>Warning</b>:  mkdir(): No such file or directory in <b>C:\xampp\htdocs\bodega-new-center\qrmask.php</b> on line <b>154</b><br />
<br />
<b>Warning</b>:  file_put_contents(C:\xampp\htdocs\bodega-new-center\cache\mask_7\mask_21_7.dat): failed to open stream: No such file or directory in <b>C:\xampp\htdocs\bodega-new-center\qrmask.php</b> on line <b>155</b><br />
2023-04-10 23:49:23: <br />
<b>Warning</b>:  mkdir(): No such file or directory in <b>C:\xampp\htdocs\bodega-new-center\qrmask.php</b> on line <b>154</b><br />
<br />
<b>Warning</b>:  file_put_contents(C:\xampp\htdocs\bodega-new-center\cache\mask_0\mask_21_0.dat): failed to open stream: No such file or directory in <b>C:\xampp\htdocs\bodega-new-center\qrmask.php</b> on line <b>155</b><br />
<br />
<b>Warning</b>:  mkdir(): No such file or directory in <b>C:\xampp\htdocs\bodega-new-center\qrmask.php</b> on line <b>154</b><br />
<br />
<b>Warning</b>:  file_put_contents(C:\xampp\htdocs\bodega-new-center\cache\mask_1\mask_21_1.dat): failed to open stream: No such file or directory in <b>C:\xampp\htdocs\bodega-new-center\qrmask.php</b> on line <b>155</b><br />
<br />
<b>Warning</b>:  mkdir(): No such file or directory in <b>C:\xampp\htdocs\bodega-new-center\qrmask.php</b> on line <b>154</b><br />
<br />
<b>Warning</b>:  file_put_contents(C:\xampp\htdocs\bodega-new-center\cache\mask_2\mask_21_2.dat): failed to open stream: No such file or directory in <b>C:\xampp\htdocs\bodega-new-center\qrmask.php</b> on line <b>155</b><br />
<br />
<b>Warning</b>:  mkdir(): No such file or directory in <b>C:\xampp\htdocs\bodega-new-center\qrmask.php</b> on line <b>154</b><br />
<br />
<b>Warning</b>:  file_put_contents(C:\xampp\htdocs\bodega-new-center\cache\mask_3\mask_21_3.dat): failed to open stream: No such file or directory in <b>C:\xampp\htdocs\bodega-new-center\qrmask.php</b> on line <b>155</b><br />
<br />
<b>Warning</b>:  mkdir(): No such file or directory in <b>C:\xampp\htdocs\bodega-new-center\qrmask.php</b> on line <b>154</b><br />
<br />
<b>Warning</b>:  file_put_contents(C:\xampp\htdocs\bodega-new-center\cache\mask_4\mask_21_4.dat): failed to open stream: No such file or directory in <b>C:\xampp\htdocs\bodega-new-center\qrmask.php</b> on line <b>155</b><br />
<br />
<b>Warning</b>:  mkdir(): No such file or directory in <b>C:\xampp\htdocs\bodega-new-center\qrmask.php</b> on line <b>154</b><br />
<br />
<b>Warning</b>:  file_put_contents(C:\xampp\htdocs\bodega-new-center\cache\mask_5\mask_21_5.dat): failed to open stream: No such file or directory in <b>C:\xampp\htdocs\bodega-new-center\qrmask.php</b> on line <b>155</b><br />
<br />
<b>Warning</b>:  mkdir(): No such file or directory in <b>C:\xampp\htdocs\bodega-new-center\qrmask.php</b> on line <b>154</b><br />
<br />
<b>Warning</b>:  file_put_contents(C:\xampp\htdocs\bodega-new-center\cache\mask_6\mask_21_6.dat): failed to open stream: No such file or directory in <b>C:\xampp\htdocs\bodega-new-center\qrmask.php</b> on line <b>155</b><br />
<br />
<b>Warning</b>:  mkdir(): No such file or directory in <b>C:\xampp\htdocs\bodega-new-center\qrmask.php</b> on line <b>154</b><br />
<br />
<b>Warning</b>:  file_put_contents(C:\xampp\htdocs\bodega-new-center\cache\mask_7\mask_21_7.dat): failed to open stream: No such file or directory in <b>C:\xampp\htdocs\bodega-new-center\qrmask.php</b> on line <b>155</b><br />
2023-04-10 23:49:23: <br />
<b>Warning</b>:  mkdir(): No such file or directory in <b>C:\xampp\htdocs\bodega-new-center\qrmask.php</b> on line <b>154</b><br />
<br />
<b>Warning</b>:  file_put_contents(C:\xampp\htdocs\bodega-new-center\cache\mask_0\mask_21_0.dat): failed to open stream: No such file or directory in <b>C:\xampp\htdocs\bodega-new-center\qrmask.php</b> on line <b>155</b><br />
<br />
<b>Warning</b>:  mkdir(): No such file or directory in <b>C:\xampp\htdocs\bodega-new-center\qrmask.php</b> on line <b>154</b><br />
<br />
<b>Warning</b>:  file_put_contents(C:\xampp\htdocs\bodega-new-center\cache\mask_1\mask_21_1.dat): failed to open stream: No such file or directory in <b>C:\xampp\htdocs\bodega-new-center\qrmask.php</b> on line <b>155</b><br />
<br />
<b>Warning</b>:  mkdir(): No such file or directory in <b>C:\xampp\htdocs\bodega-new-center\qrmask.php</b> on line <b>154</b><br />
<br />
<b>Warning</b>:  file_put_contents(C:\xampp\htdocs\bodega-new-center\cache\mask_2\mask_21_2.dat): failed to open stream: No such file or directory in <b>C:\xampp\htdocs\bodega-new-center\qrmask.php</b> on line <b>155</b><br />
<br />
<b>Warning</b>:  mkdir(): No such file or directory in <b>C:\xampp\htdocs\bodega-new-center\qrmask.php</b> on line <b>154</b><br />
<br />
<b>Warning</b>:  file_put_contents(C:\xampp\htdocs\bodega-new-center\cache\mask_3\mask_21_3.dat): failed to open stream: No such file or directory in <b>C:\xampp\htdocs\bodega-new-center\qrmask.php</b> on line <b>155</b><br />
<br />
<b>Warning</b>:  mkdir(): No such file or directory in <b>C:\xampp\htdocs\bodega-new-center\qrmask.php</b> on line <b>154</b><br />
<br />
<b>Warning</b>:  file_put_contents(C:\xampp\htdocs\bodega-new-center\cache\mask_4\mask_21_4.dat): failed to open stream: No such file or directory in <b>C:\xampp\htdocs\bodega-new-center\qrmask.php</b> on line <b>155</b><br />
<br />
<b>Warning</b>:  mkdir(): No such file or directory in <b>C:\xampp\htdocs\bodega-new-center\qrmask.php</b> on line <b>154</b><br />
<br />
<b>Warning</b>:  file_put_contents(C:\xampp\htdocs\bodega-new-center\cache\mask_5\mask_21_5.dat): failed to open stream: No such file or directory in <b>C:\xampp\htdocs\bodega-new-center\qrmask.php</b> on line <b>155</b><br />
<br />
<b>Warning</b>:  mkdir(): No such file or directory in <b>C:\xampp\htdocs\bodega-new-center\qrmask.php</b> on line <b>154</b><br />
<br />
<b>Warning</b>:  file_put_contents(C:\xampp\htdocs\bodega-new-center\cache\mask_6\mask_21_6.dat): failed to open stream: No such file or directory in <b>C:\xampp\htdocs\bodega-new-center\qrmask.php</b> on line <b>155</b><br />
<br />
<b>Warning</b>:  mkdir(): No such file or directory in <b>C:\xampp\htdocs\bodega-new-center\qrmask.php</b> on line <b>154</b><br />
<br />
<b>Warning</b>:  file_put_contents(C:\xampp\htdocs\bodega-new-center\cache\mask_7\mask_21_7.dat): failed to open stream: No such file or directory in <b>C:\xampp\htdocs\bodega-new-center\qrmask.php</b> on line <b>155</b><br />
